-118.283,44.564,132.135,5216824
-118.150,44.927,131.131,5216845
-118.111,44.856,130.007,5216866
-118.112,44.786,128.790,5216887
-117.916,44.670,127.701,5216908
-117.640,44.699,126.637,5216929
-117.532,44.514,125.389,5216950
-117.418,44.295,124.109,5216971
-117.669,44.401,122.488,5216992
-117.934,44.477,120.822,5217013
-118.261,44.365,119.068,5217034
-118.489,44.383,117.342,5217055
-118.315,44.073,115.848,5217076
-118.324,43.667,114.203,5217097
-118.180,43.263,112.623,5217118
-118.249,42.925,110.837,5217139
-117.974,42.746,109.227,5217160
-117.757,42.665,107.540,5217181
-117.908,42.619,105.579,5217202
-118.130,42.406,103.495,5217223
-118.296,42.146,101.410,5217244
-117.948,41.868,99.642,5217265
-117.865,41.443,97.692,5217286
-118.394,40.567,96.228,5217307
-118.607,39.991,94.933,5217328
-118.705,39.369,93.676,5217349
-118.765,38.911,92.471,5217370
-119.163,38.517,91.018,5217391
-119.675,38.262,89.370,5217412
-120.141,38.118,87.723,5217433
-120.611,38.175,86.096,5217454
-121.040,38.314,84.516,5217475
-121.023,38.388,83.212,5217496
-121.069,38.512,81.883,5217517
-121.202,38.724,80.493,5217538
-120.986,39.260,79.330,5217559
-120.754,39.977,78.161,5217580
-120.610,40.839,76.964,5217601
-120.704,41.543,75.604,5217622
-120.796,42.443,74.236,5217643
-120.875,43.361,72.896,5217664
-120.786,44.408,71.648,5217685
-120.375,45.215,70.617,5217706
-120.011,46.108,69.583,5217727
-119.662,46.857,68.531,5217749
-119.489,47.759,67.387,5217770
-118.974,48.594,66.529,5217791
-118.798,49.145,65.484,5217812
-118.636,49.661,64.399,5217833
-118.369,50.024,63.389,5217854
-118.196,50.546,62.273,5217875
-117.534,50.846,61.531,5217896
-116.896,51.006,60.770,5217917
-116.364,51.165,59.920,5217938
-115.879,51.142,59.037,5217959
-115.477,51.186,58.105,5217980
-115.589,51.027,56.772,5218001
-115.716,50.781,55.427,5218022
-115.795,50.283,54.101,5218043
-115.794,49.674,52.806,5218064
-115.361,49.182,51.799,5218085
-114.965,48.492,50.731,5218106
-114.620,47.815,49.596,5218127
-114.369,47.266,48.384,5218148
-114.151,46.656,47.081,5218169
-113.985,46.053,45.725,5218190
-114.146,45.251,44.139,5218211
-114.383,44.511,42.513,5218232
-114.599,43.815,40.893,5218253
-114.880,43.206,39.195,5218274
-115.178,42.606,37.436,5218295
-115.114,42.210,35.887,5218316
-115.111,41.866,34.228,5218337
-115.229,41.612,32.411,5218358
-115.345,41.291,30.549,5218379
-115.619,41.116,28.546,5218400
-116.233,40.695,26.264,5218421
-116.776,40.180,24.009,5218442
-117.370,39.700,21.639,5218463
-118.670,38.848,20.089,5218484
-119.935,38.100,18.464,5218505
-120.683,37.511,17.104,5218526
-121.518,37.259,15.670,5218547
-122.323,37.137,14.235,5218568
-123.062,37.146,12.819,5218589
-123.599,37.274,11.525,5218610
-124.302,37.225,10.128,5218631
-124.910,37.310,8.787,5218652
-125.428,37.517,7.468,5218673
-125.896,37.907,6.157,5218694
-126.063,38.274,5.014,5218715
-125.999,38.850,4.012,5218736
-125.844,39.639,3.049,5218757
-125.854,40.689,1.971,5218778
-125.913,41.785,0.870,5218799
-125.745,42.467,359.907,5218820
-125.611,43.189,358.945,5218841
-125.282,43.916,358.095,5218862
-125.169,44.670,357.054,5218883
-125.111,45.685,356.009,5218904
-124.735,46.747,355.162,5218925
-124.214,47.692,354.423,5218946
-123.696,48.662,353.693,5218967
-123.389,49.623,352.816,5218988
-122.797,50.495,352.142,5219009
-122.041,51.216,351.617,5219030
-121.562,51.539,350.865,5219051
-120.867,51.721,350.298,5219072
-120.296,51.783,349.614,5219093
-119.744,51.730,348.947,5219114
-118.803,51.805,348.593,5219135
-118.009,51.462,348.108,5219156
-117.396,51.445,347.483,5219177
-116.712,51.288,346.933,5219198
-116.152,51.045,346.309,5219219
-115.565,50.362,345.710,5219240
-115.185,49.546,344.963,5219261
-114.946,48.718,344.092,5219282
-114.819,47.888,343.139,5219303
-114.766,47.097,342.134,5219324
-114.552,46.182,341.263,5219345
-114.190,45.631,340.522,5219366
-114.060,45.203,339.632,5219387
-114.177,44.718,338.566,5219408
-114.291,44.322,337.521,5219429
-114.331,43.539,336.560,5219450
-114.488,42.818,335.485,5219471
-114.726,42.162,334.354,5219492
-115.173,41.717,333.077,5219513
-115.280,41.123,332.067,5219534
-115.460,40.979,331.009,5219555
-115.669,40.860,329.962,5219576
-116.017,40.882,328.830,5219597
-116.363,40.963,327.681,5219618
-116.666,41.021,326.583,5219639
-117.364,40.926,325.251,5219660
-117.945,40.847,323.998,5219681
-118.794,40.917,322.570,5219702
-119.701,41.062,321.106,5219723
-120.715,41.323,319.565,5219744
-121.394,41.772,318.254,5219765
-122.027,42.203,316.987,5219786
-123.017,42.562,315.489,5219807
-123.928,43.051,314.035,5219828
-124.668,43.622,312.705,5219849
-125.406,43.909,311.376,5219870
-125.628,44.164,310.412,5219891
-125.753,44.491,309.518,5219912
-125.868,44.724,308.648,5219933
-126.382,45.234,307.481,5219954
-126.886,45.671,306.314,5219975
-127.335,46.229,305.215,5219996
-127.651,46.476,304.196,5220017
-127.529,46.853,303.534,5220038
-127.722,47.430,302.644,5220059
-127.645,47.516,301.940,5220080
-127.256,47.651,301.464,5220101
-126.745,47.728,301.070,5220122
-126.164,47.616,300.715,5220143
-125.408,47.522,300.442,5220164
-124.865,47.667,299.976,5220185
-124.207,47.748,299.566,5220206
-123.771,47.648,298.963,5220227
-123.302,47.513,298.414,5220248
-122.820,47.416,297.877,5220269
-122.203,46.952,297.442,5220290
-121.313,46.501,297.192,5220311
-120.473,46.133,296.898,5220332
-119.684,45.642,296.564,5220353
-119.121,44.957,296.057,5220374
-118.412,44.388,295.630,5220395
-117.805,43.926,295.129,5220416
-117.682,43.572,294.289,5220437
-117.576,43.207,293.389,5220458
-117.409,42.687,292.529,5220479
-116.861,42.293,291.878,5220500
-116.342,41.977,291.197,5220521
-115.967,41.530,290.382,5220542
-115.788,41.581,289.425,5220563
-115.885,41.583,288.237,5220584
-115.618,41.593,287.273,5220605
-115.763,41.528,286.010,5220626
-115.954,41.540,284.668,5220647
-116.201,41.523,283.269,5220668
-116.129,41.723,282.067,5220689
-116.213,41.665,280.757,5220710
-116.573,41.304,279.493,5220731
-117.165,40.848,278.092,5220752
-117.806,40.497,276.640,5220773
-118.597,40.419,275.101,5220794
-119.418,40.453,273.572,5220815
-120.124,40.792,272.114,5220836
-120.948,41.152,270.579,5220857
-121.311,41.276,269.304,5220878
-121.825,41.354,267.913,5220899
-122.162,41.843,266.587,5220920
-122.390,42.308,265.348,5220941
-122.585,42.832,264.092,5220962
-122.872,43.570,262.742,5220983
-123.447,44.202,261.207,5221004
-123.843,45.041,259.760,5221025
-124.383,45.806,258.179,5221046
-124.829,46.455,256.655,5221067
-125.197,47.003,255.192,5221088
-125.355,47.432,253.856,5221109
-125.262,48.094,252.659,5221130
-125.202,48.776,251.394,5221151
-125.190,49.402,250.023,5221172
-125.658,49.925,248.245,5221193
-126.104,50.502,246.481,5221214
-126.536,50.987,244.667,5221235
-126.743,51.203,243.010,5221256
-126.875,51.385,241.387,5221277
-126.903,51.488,239.831,5221298
-126.872,51.564,238.357,5221319
-126.444,51.855,237.190,5221340
-126.068,52.079,236.012,5221361
-125.618,52.191,234.899,5221382
-125.104,51.987,233.826,5221403
-124.810,52.043,232.577,5221424
-124.620,52.062,231.234,5221445
-124.030,51.618,230.221,5221466
-123.754,51.068,228.919,5221487
-123.381,50.431,227.664,5221508
-122.680,49.840,226.680,5221529
-122.006,49.133,225.686,5221550
-121.217,48.603,224.758,5221571
-120.394,48.022,223.850,5221592
-119.981,47.260,222.649,5221613
-119.550,46.495,221.462,5221634
-119.148,45.807,220.253,5221655
-118.733,45.179,219.059,5221676
-118.210,44.365,217.954,5221697
-118.089,43.899,216.844,5221718
-117.663,43.746,215.932,5221739
-117.255,43.633,214.987,5221760
-116.823,43.552,214.042,5221781
-116.395,43.504,213.056,5221802
-115.922,43.393,212.077,5221823
-115.873,43.210,210.794,5221844
-115.867,43.236,209.452,5221865
-115.544,42.986,208.300,5221886
-115.212,42.763,207.127,5221907
-114.837,42.871,206.010,5221928
-114.472,42.952,204.887,5221949
-114.144,43.054,203.754,5221970
-113.932,43.321,202.529,5221991
-113.861,43.654,201.192,5222012
-113.708,43.959,199.902,5222033
-113.820,43.948,198.448,5222054
-114.154,44.183,196.852,5222075
-114.433,44.268,195.287,5222096
-114.688,44.346,193.763,5222117
-114.610,44.436,192.483,5222138
-114.739,44.934,191.083,5222159
-114.942,45.430,189.641,5222180
-115.078,45.937,188.257,5222201
-115.015,46.320,187.003,5222222
-115.295,46.402,185.572,5222243
-115.534,46.405,184.166,5222264
-115.923,46.523,182.648,5222285
-116.142,46.469,181.263,5222306
-116.036,46.499,180.092,5222327
-115.967,46.412,178.883,5222348
-116.035,46.679,177.593,5222369
-115.915,46.799,176.420,5222390
-115.903,46.968,175.166,5222411
-116.210,47.175,173.650,5222432
-116.288,47.343,172.293,5222453
-116.320,47.060,170.985,5222474
-116.622,46.826,169.483,5222495
-116.900,46.537,167.991,5222516
-116.849,46.132,166.758,5222537
-116.723,45.731,165.565,5222558
-116.949,45.532,164.121,5222579
-117.141,45.504,162.689,5222600
-117.387,45.395,161.196,5222621
-117.333,45.436,159.925,5222642
-117.609,45.227,158.437,5222663
-117.714,44.905,157.063,5222684
-117.732,44.559,155.747,5222705
-117.508,44.339,154.583,5222726
-117.319,44.089,153.398,5222747
-117.153,43.808,152.193,5222768
-117.419,43.805,150.662,5222789
-117.616,43.886,149.192,5222810
-117.556,44.045,147.921,5222831
-117.785,44.083,146.450,5222852
-117.531,44.175,145.288,5222873
-117.254,44.099,144.128,5222894
-117.283,43.943,142.752,5222915
-117.538,44.020,141.187,5222936
-117.347,44.136,139.908,5222957
-117.455,44.525,138.449,5222978
-117.600,44.914,136.922,5222999
-118.010,45.145,135.241,5223020
-118.410,45.322,133.537,5223041
-118.335,45.500,132.163,5223062
-118.222,45.444,130.812,5223083
-118.410,45.367,129.225,5223104
-118.326,45.229,127.804,5223125
-118.059,45.284,126.489,5223146
-117.776,45.216,125.177,5223167
-117.484,45.308,123.851,5223188
-117.279,45.478,122.480,5223209
-117.487,45.596,120.780,5223230
-117.691,45.731,119.073,5223251
-117.918,45.667,117.322,5223272
-117.788,45.768,115.804,5223293
-117.586,45.521,114.352,5223314
-117.646,45.192,112.726,5223335
-117.393,44.898,111.333,5223356
-117.122,44.586,109.909,5223377
-116.815,44.330,108.518,5223398
-116.900,43.996,106.841,5223419
-116.985,43.724,105.184,5223440
-117.082,43.476,103.537,5223461
-117.123,43.179,101.944,5223482
-117.107,42.834,100.385,5223503
-116.961,42.406,98.934,5223524
-116.757,42.002,97.531,5223545
-116.399,41.956,96.234,5223566
-116.155,42.008,94.865,5223587
-115.928,42.126,93.514,5223608
-116.097,42.409,91.908,5223629
-116.450,42.538,90.189,5223650
-116.820,42.639,88.453,5223671
-117.221,42.735,86.718,5223692
-117.296,43.089,85.224,5223713
-117.276,43.270,83.807,5223734
-117.532,43.810,82.213,5223755
-117.815,43.943,80.665,5223776
-117.961,44.454,79.212,5223798
-118.490,44.931,77.525,5223819
-118.960,45.218,75.902,5223840
-119.453,45.537,74.268,5223861
-119.943,46.162,72.622,5223882
-120.073,46.591,71.212,5223903
-120.289,46.733,69.764,5223924
-120.523,47.189,68.296,5223945
-120.901,47.674,66.758,5223966
-121.602,48.026,65.007,5223987
-122.260,48.239,63.305,5224008
-122.843,48.298,61.646,5224029
-123.371,48.325,60.006,5224050
-123.734,48.241,58.494,5224071
-123.726,47.938,57.260,5224092
-123.490,47.786,56.182,5224113
-123.218,47.602,55.139,5224134
-122.900,47.270,54.123,5224155
-122.568,47.078,53.137,5224176
-122.261,46.921,52.071,5224197
-121.868,46.467,51.085,5224218
-122.803,46.854,49.959,5224239
-123.616,47.200,48.876,5224260
-124.318,47.559,47.817,5224281
-124.897,47.901,46.776,5224302
-125.119,48.264,45.947,5224323
-125.186,48.530,45.176,5224344
-124.993,48.632,44.600,5224365
-124.684,48.624,44.080,5224386
-124.270,48.547,43.619,5224407
-123.927,48.095,43.079,5224428
-123.748,47.725,42.371,5224449
-123.452,47.272,41.749,5224470
-123.079,46.770,41.134,5224491
-122.659,46.267,40.528,5224512
-121.776,45.840,40.176,5224533
-120.832,45.332,39.806,5224554
-120.271,44.945,39.209,5224575
-119.779,44.851,38.462,5224596
-119.176,44.739,37.739,5224617
-118.686,44.621,36.892,5224638
-118.204,44.190,35.989,5224659
-117.668,43.733,35.093,5224680
-117.091,43.247,34.218,5224701
-116.217,43.033,33.477,5224722
-115.337,42.768,32.676,5224743
-114.429,42.583,31.812,5224764
-113.649,42.622,30.812,5224785
-112.939,42.720,29.699,5224806
-112.039,42.652,28.646,5224827
-111.156,42.637,27.567,5224848
-110.550,42.431,26.276,5224869
-110.077,42.293,24.908,5224890
-109.666,42.221,23.463,5224911
-109.153,42.534,22.101,5224932
-108.695,42.825,20.697,5224953
-108.357,43.287,19.242,5224974
-108.141,43.775,17.710,5224995
-108.356,44.288,15.926,5225016
-108.728,44.730,14.047,5225037
-109.128,45.001,12.155,5225058
-109.526,45.210,10.291,5225079
-110.189,45.512,8.223,5225100
-110.965,45.799,6.078,5225121
-111.491,45.997,4.164,5225142
-112.380,46.185,2.004,5225163
-113.078,46.626,359.983,5225184
-114.120,47.097,357.740,5225205
-115.255,47.460,355.463,5225226
-116.494,47.555,353.104,5225247
-117.719,47.495,350.770,5225268
-118.947,47.350,348.415,5225289
-120.055,47.047,346.144,5225310
-121.176,47.098,343.860,5225331
-122.321,46.741,341.602,5225352
-123.019,46.455,339.671,5225373
-123.889,46.398,337.649,5225394
-124.377,46.153,335.913,5225415
-125.235,45.961,333.941,5225436
-125.901,45.560,332.096,5225457
-126.047,45.021,330.642,5225478
-126.195,44.466,329.160,5225499
-126.262,43.922,327.730,5225520
-126.423,43.406,326.248,5225541
-126.458,42.912,324.849,5225562
-126.474,42.883,323.463,5225583
-126.688,42.726,321.923,5225604
-126.728,42.627,320.519,5225625
-127.620,43.065,319.151,5225646
-128.186,43.705,317.958,5225667
-128.847,44.164,316.665,5225688
-128.860,44.504,315.806,5225709
-128.813,44.850,314.977,5225730
-129.079,45.013,313.915,5225751
-129.375,45.407,312.801,5225772
-129.360,45.856,311.893,5225793
-129.054,46.158,311.192,5225814
-129.040,46.492,310.225,5225835
-129.175,46.830,309.269,5225856
-129.688,47.060,307.973,5225877
-129.598,47.212,307.083,5225898
-129.409,47.461,306.228,5225919
-129.286,47.334,305.273,5225940
-128.929,47.188,304.405,5225961
-129.240,47.584,303.054,5225982
-129.482,47.943,301.692,5226003
-129.781,48.240,300.165,5226024
-130.005,47.935,299.737,5226045
-130.313,47.730,299.157,5226066
-130.338,47.120,298.696,5226087
-130.522,46.546,298.063,5226108
-130.461,46.120,297.524,5226129
-130.422,45.599,296.903,5226150
-130.234,45.112,296.360,5226171
-130.097,44.755,295.760,5226192
-129.818,44.827,295.219,5226213
-129.678,44.738,294.560,5226234
-129.322,44.912,294.054,5226255
-128.984,45.100,293.497,5226276
-128.218,44.952,293.194,5226297
-127.268,45.035,292.979,5226318
-126.254,45.125,292.754,5226339
-125.150,45.265,292.527,5226360
-124.107,45.339,292.272,5226381
-123.095,45.872,291.979,5226402
-122.042,46.395,291.667,5226423
-121.208,46.774,291.197,5226444
-120.307,46.928,290.717,5226465
-119.347,47.050,290.266,5226486
-117.975,47.127,290.097,5226507
-116.626,47.330,289.896,5226528
-115.288,47.499,289.657,5226549
-114.013,47.705,289.362,5226570
-112.749,47.819,289.067,5226591
-111.525,47.980,288.751,5226612
-110.559,48.364,288.232,5226633
-109.849,48.735,287.533,5226654
-109.382,48.933,286.673,5226675
-108.728,48.816,285.972,5226696
-107.980,48.771,285.336,5226717
-107.338,48.793,284.648,5226738
-106.792,48.842,283.909,5226759
-106.419,48.658,283.088,5226780
-106.503,48.466,281.888,5226801
-106.656,48.627,280.638,5226822
-107.067,48.652,279.185,5226843
-107.640,48.679,277.600,5226864
-108.314,48.498,275.957,5226885
-108.652,48.288,274.571,5226906
-109.121,48.279,273.102,5226927
-109.694,48.150,271.574,5226948
-110.344,48.054,270.001,5226969
-111.082,47.937,268.356,5226990
-112.150,47.549,266.488,5227011
-113.291,47.166,264.528,5227032
-114.506,46.994,262.518,5227053
-115.686,46.580,260.540,5227074
-116.843,46.101,258.588,5227095
-117.829,45.504,256.750,5227116
-118.540,45.134,255.104,5227137
-119.631,44.594,253.217,5227158
-120.316,44.293,251.634,5227179
-121.207,43.742,249.880,5227200
-121.937,43.215,248.231,5227221
-122.727,42.999,246.530,5227242
-123.429,42.841,244.873,5227263
-124.049,42.494,243.305,5227284
-124.533,42.112,241.831,5227305
-124.717,41.985,240.523,5227326
-124.997,42.053,239.178,5227347
-125.175,42.122,237.885,5227368
-125.287,42.144,236.632,5227389
-125.696,42.096,235.194,5227410
-125.894,42.027,233.868,5227431
-126.304,42.231,232.446,5227452
-126.668,42.441,231.004,5227473
-126.991,42.665,229.615,5227494
-127.209,42.778,228.278,5227515
-127.007,42.869,227.207,5227536
-126.803,43.284,226.103,5227557
-126.554,43.740,225.024,5227578
-126.150,44.132,224.071,5227599
-125.680,44.561,223.156,5227620
-125.560,44.854,221.982,5227641
-125.353,45.166,220.903,5227662
-124.770,45.214,220.063,5227683
-124.015,45.257,219.394,5227704
-123.353,45.292,218.643,5227725
-122.436,45.575,218.078,5227746
-121.646,45.916,217.417,5227767
-120.828,46.173,216.762,5227788
-120.216,46.468,215.962,5227809
-119.691,46.732,215.073,5227830
-119.095,46.540,214.249,5227851
-118.702,46.468,213.232,5227872
-118.315,46.449,212.215,5227893
-117.640,46.183,211.404,5227914
-116.758,46.072,210.701,5227935
-115.952,46.004,209.964,5227956
-115.458,46.137,208.989,5227977
-114.945,46.269,208.065,5227998
-114.312,46.240,207.227,5228019
-113.719,46.137,206.372,5228040
-113.612,45.883,205.167,5228061
-113.539,45.698,203.955,5228082
-113.246,45.363,202.891,5228103
-112.820,45.143,201.924,5228124
-112.462,44.913,200.893,5228145
-112.177,44.996,199.789,5228166
-111.949,45.083,198.688,5228187
-112.116,45.306,197.310,5228208
-112.362,45.508,195.886,5228229
-112.803,45.506,194.310,5228250
-113.227,45.315,192.775,5228271
-113.693,45.132,191.218,5228292
-114.149,44.951,189.680,5228313
-114.613,44.764,188.190,5228334
-114.874,44.597,186.862,5228355
-115.363,44.897,185.375,5228376
-116.123,45.125,183.678,5228397
-116.849,45.379,182.017,5228418
-117.349,45.605,180.479,5228439
-117.785,45.756,178.987,5228460
-118.619,45.718,177.167,5228481
-119.399,45.638,175.400,5228502
-119.984,45.456,173.752,5228523
-120.287,45.403,172.289,5228544
-120.609,45.193,170.794,5228565
-120.870,45.288,169.322,5228586
-121.446,45.397,167.621,5228607
-121.960,45.519,165.910,5228628
-122.407,45.304,164.238,5228649
-122.624,44.969,162.712,5228670
-122.733,44.623,161.231,5228691
-122.996,44.231,159.593,5228712
-123.112,43.852,158.050,5228733
-123.111,43.752,156.548,5228754
-123.078,43.586,155.024,5228775
-123.260,43.632,153.315,5228796
-123.555,43.540,151.496,5228817
-123.752,43.489,149.732,5228838
-124.080,43.822,148.401,5228859
-124.272,44.066,147.073,5228880
-124.843,44.180,145.439,5228901
-124.901,44.101,144.115,5228922
-124.846,43.972,142.792,5228943
-124.684,43.907,141.470,5228964
-124.450,43.816,140.152,5228985
-124.582,43.891,138.475,5229006
-124.512,43.986,136.898,5229027
-124.458,43.707,135.310,5229048
-124.310,43.329,133.705,5229069
-123.912,42.850,132.228,5229090
-123.365,42.354,130.819,5229111
-123.467,41.409,130.069,5229132
-123.607,40.641,129.277,5229153
-123.183,39.818,128.815,5229174
-122.793,39.277,128.278,5229195
-122.494,38.891,127.666,5229216
-122.343,38.517,126.967,5229237
-122.109,38.268,126.319,5229258
-121.526,38.078,125.845,5229279
-121.143,38.064,125.261,5229300
-120.625,37.719,124.741,5229321
-120.185,37.478,124.219,5229342
-119.491,37.415,123.861,5229363
-118.862,37.392,123.428,5229384
-118.641,37.569,122.773,5229405
-118.386,38.158,122.080,5229426
-118.271,38.690,121.295,5229447
-118.169,39.279,120.524,5229468
-118.086,39.882,119.721,5229489
-117.647,40.664,119.163,5229510
-117.219,41.468,118.620,5229531
-117.044,42.071,117.913,5229552
-116.705,42.972,117.350,5229573
-116.455,43.918,116.714,5229594
-116.276,44.884,116.041,5229615
-116.352,45.957,115.177,5229636
-116.704,46.876,114.114,5229657
-117.091,47.596,113.017,5229678
-117.024,48.298,112.193,5229699
-116.941,48.821,111.416,5229720
-117.054,49.053,110.527,5229741
-117.266,49.658,109.557,5229762
-117.261,50.104,108.740,5229783
-117.146,50.308,107.992,5229804
-117.462,50.639,106.934,5229825
-117.842,50.593,105.819,5229846
-118.306,50.505,104.633,5229867
-118.704,50.223,103.481,5229888
-119.139,49.852,102.311,5229909
-119.216,49.251,101.418,5229930
-119.134,48.735,100.655,5229951
-119.510,48.140,99.560,5229972
-119.383,47.600,98.879,5229993
-119.459,47.189,98.069,5230014
-119.606,46.737,97.217,5230035
-119.794,46.023,96.387,5230056
-119.950,45.319,95.574,5230077
-120.104,44.620,94.769,5230098
-119.854,44.089,94.259,5230119
-119.667,43.530,93.706,5230140
-119.582,42.951,93.072,5230161
-119.435,42.633,92.502,5230182
-119.377,42.478,91.853,5230203
-119.748,42.334,90.935,5230224
-120.032,42.072,90.068,5230245
-120.404,42.011,89.147,5230266
-120.751,41.996,88.251,5230287
-121.069,42.015,87.332,5230308
-120.953,42.262,86.712,5230329
-120.813,42.562,86.092,5230350
-120.565,42.801,85.546,5230371
-120.332,43.189,84.988,5230392
-120.058,43.602,84.467,5230413
-119.969,44.147,83.814,5230434
-120.123,44.425,82.984,5230455
-120.348,44.789,82.096,5230476
-120.589,45.036,81.205,5230497
-120.550,45.109,80.515,5230518
-120.416,45.426,79.926,5230539
-120.308,45.779,79.333,5230560
-120.216,46.160,78.758,5230581
-120.100,46.566,78.230,5230602
-119.910,46.827,77.770,5230623
-119.769,47.238,77.308,5230644
-120.038,47.532,76.532,5230665
-120.238,47.748,75.782,5230686
-120.343,47.824,75.083,5230707
-120.280,47.790,74.467,5230728
-120.169,48.124,73.931,5230749
-119.890,48.083,73.502,5230770
-119.798,48.212,72.928,5230791
-119.583,48.192,72.417,5230812
-119.377,48.058,71.890,5230833
-119.637,47.756,71.040,5230854
-119.851,47.386,70.263,5230875
-119.987,46.945,69.522,5230896
-120.130,46.498,68.805,5230917
-120.316,46.151,68.053,5230938
-120.189,45.689,67.540,5230959
-120.123,45.217,66.924,5230980
-120.299,45.126,66.130,5231001
-120.118,45.019,65.572,5231022
-121.060,45.503,64.790,5231043
-121.630,46.004,64.196,5231064
-122.347,46.406,63.420,5231085
-122.771,46.898,62.791,5231106
-122.626,47.005,62.527,5231127
-122.409,47.434,62.250,5231148
-121.888,47.628,62.124,5231169
-121.206,47.781,62.014,5231190
-121.059,48.034,61.747,5231211
-121.260,48.473,61.157,5231232
-120.923,48.531,60.904,5231253
-120.674,48.912,60.529,5231274
-120.487,48.827,60.042,5231295
-120.249,48.671,59.574,5231316
-120.011,48.475,59.082,5231337
-119.431,48.110,58.830,5231358
-118.912,47.638,58.502,5231379
-118.621,47.445,58.013,5231400
-117.870,47.142,57.828,5231421
-117.420,46.878,57.400,5231442
-116.692,46.402,57.161,5231463
-116.331,46.057,56.661,5231484
-116.268,45.377,55.892,5231505
-116.193,44.654,55.083,5231526
-116.330,44.271,54.095,5231547
-116.396,43.706,53.118,5231568
-116.016,43.329,52.421,5231589
-115.601,42.945,51.748,5231610
-115.225,42.672,51.030,5231631
-114.859,42.286,50.242,5231652
-114.840,42.233,49.192,5231673
-114.915,42.141,48.037,5231694
-114.949,41.844,46.925,5231715
-114.949,41.599,45.824,5231736
-115.100,41.513,44.603,5231757
-115.067,41.343,43.493,5231778
-115.095,41.685,42.352,5231799
-115.023,41.919,41.279,5231820
-115.197,42.318,40.065,5231841
-115.614,42.750,38.697,5231862
-116.144,43.194,37.221,5231883
-116.832,43.357,35.652,5231904
-117.500,43.507,34.092,5231925
-118.116,43.626,32.578,5231946
-118.663,43.740,31.134,5231967
-119.208,43.861,29.693,5231988
-119.492,44.011,28.432,5232009
-119.754,44.297,27.136,5232030
-120.068,44.700,25.793,5232051
-120.682,45.115,24.255,5232072
-121.177,45.522,22.816,5232093
-121.866,45.572,21.243,5232114
-122.382,45.473,19.813,5232135
-122.995,45.462,18.343,5232156
-123.505,45.358,16.962,5232177
-123.942,45.606,15.646,5232198
-124.265,45.820,14.420,5232219
-124.515,45.980,13.217,5232240
-124.726,46.117,12.018,5232261
-124.909,46.173,10.833,5232282
-124.700,45.863,9.920,5232303
-124.587,45.571,8.962,5232324
-124.216,45.246,8.175,5232345
-123.632,45.035,7.557,5232366
-122.994,44.905,6.980,5232387
-122.497,44.556,6.318,5232408
-121.803,44.474,5.761,5232429
-121.132,44.387,5.223,5232450
-120.602,44.437,4.594,5232471
-119.989,44.440,4.020,5232492
-119.714,44.195,3.216,5232513
-119.455,43.979,2.419,5232534
-119.215,43.817,1.629,5232555
-118.747,43.476,1.000,5232576
-118.553,43.347,0.176,5232597
-118.171,43.465,359.481,5232618
-117.820,43.601,358.770,5232639
-117.358,43.656,358.139,5232660
-117.029,43.810,357.427,5232681
-117.005,43.878,356.504,5232702
-116.505,43.838,355.917,5232723
-116.175,43.610,355.237,5232744
-115.839,43.401,354.553,5232765
-115.477,43.254,353.871,5232786
-115.107,43.229,353.219,5232807
-115.102,43.519,352.292,5232828
-115.297,43.789,351.276,5232849
-115.649,43.995,350.126,5232870
-115.848,44.341,349.080,5232891
-116.373,44.481,347.793,5232912
-116.978,44.733,346.465,5232933
-117.125,44.802,345.467,5232954
-117.260,44.904,344.477,5232975
-117.496,44.856,343.401,5232996
-117.673,44.830,342.425,5233017
-118.277,44.894,341.138,5233038
-118.677,45.230,339.985,5233059
-119.291,45.450,338.684,5233080
-119.901,45.588,337.389,5233101
-120.487,45.441,336.104,5233122
-121.115,45.433,334.789,5233143
-121.318,45.109,333.776,5233164
-121.411,44.923,332.838,5233185
-121.443,44.696,331.946,5233206
-121.726,44.320,330.854,5233227
-121.827,44.309,329.901,5233248
-122.156,44.326,328.793,5233269
-122.389,44.348,327.743,5233290
-122.705,44.078,326.622,5233311
-122.523,43.881,325.843,5233332
-122.623,43.551,324.875,5233353
-122.333,43.294,324.174,5233374
-122.042,43.097,323.486,5233395
-121.717,42.964,322.849,5233416
-121.830,43.075,321.917,5233437
-121.642,43.362,321.180,5233458
-121.695,43.623,320.283,5233479
-121.686,43.952,319.433,5233500
-121.615,43.984,318.625,5233521
-121.607,44.115,317.792,5233542
-121.165,44.118,317.260,5233563
-120.643,44.274,316.810,5233584
-120.141,44.507,316.368,5233605
-119.868,44.886,315.805,5233626
-119.693,44.834,315.172,5233647
-119.781,45.096,314.335,5233668
-119.788,45.431,313.529,5233689
-119.632,45.777,312.840,5233710
-119.359,45.704,312.236,5233731
-119.341,45.710,311.463,5233752
-118.922,45.683,310.967,5233773
-118.493,45.688,310.508,5233794
-118.102,45.848,310.062,5233815
-117.759,45.818,309.604,5233836
-117.940,45.806,308.802,5233857
-118.136,45.956,307.997,5233878
-118.077,46.132,307.362,5233899
-118.291,46.247,306.541,5233920
-118.537,46.176,305.668,5233941
-118.636,45.864,304.894,5233962
-118.580,45.489,304.222,5233983
-118.337,45.270,303.671,5234004
-118.111,45.082,303.082,5234025
-117.879,44.859,302.538,5234046
-117.952,44.494,301.765,5234067
-118.133,44.539,300.942,5234088
-118.371,44.585,300.052,5234109
-118.644,44.558,299.141,5234130
-118.935,44.377,298.195,5234151
-119.087,44.083,297.346,5234172
-119.014,43.878,296.636,5234193
-119.023,43.656,295.871,5234214
-118.962,43.579,295.203,5234235
-119.163,43.807,294.379,5234256
-119.608,43.937,293.391,5234277
-119.788,44.244,292.612,5234298
-119.946,44.565,291.849,5234319
-120.266,44.622,290.969,5234340
-120.575,44.656,290.028,5234361
-120.507,44.939,289.359,5234382
-120.404,45.085,288.696,5234403
-120.297,45.303,288.016,5234424
-120.156,45.502,287.399,5234445
-120.280,45.950,286.548,5234466
-120.254,46.018,285.845,5234487
-120.625,46.264,284.859,5234508
-120.956,46.524,283.893,5234529
-121.240,46.650,282.939,5234550
-121.466,46.729,281.974,5234571
-121.568,46.610,281.085,5234592
-121.238,46.610,280.510,5234613
-120.947,46.669,279.884,5234634
-120.629,46.560,279.253,5234655
-120.264,46.538,278.654,5234676
-120.316,46.424,277.695,5234697
-120.421,46.478,276.670,5234718
-120.529,46.527,275.663,5234739
-120.574,46.405,274.715,5234760
-120.489,46.157,273.854,5234781
-120.089,46.091,273.225,5234802
-119.707,46.095,272.558,5234823
-119.325,46.108,271.877,5234844
-118.985,46.111,271.163,5234865
-118.642,46.058,270.463,5234886
-118.635,45.754,269.499,5234907
-118.796,45.533,268.438,5234928
-118.985,45.387,267.371,5234949
-119.076,45.103,266.363,5234970
-119.158,44.841,265.375,5234991
-119.209,44.546,264.381,5235012
-119.166,44.248,263.462,5235033
-119.042,44.334,262.604,5235054
-118.895,44.332,261.751,5235075
-119.220,44.344,260.553,5235096
-119.552,44.406,259.333,5235117
-119.851,44.527,258.113,5235138
-119.936,44.743,257.088,5235159
-120.327,44.783,255.856,5235180
-120.799,44.815,254.588,5235201
-120.902,45.054,253.598,5235222
-120.967,45.189,252.600,5235243
-121.021,45.237,251.621,5235264
-121.102,45.318,250.607,5235285
-121.386,45.173,249.415,5235306
-121.782,45.056,248.096,5235327
-122.244,45.069,246.692,5235348
-122.552,44.920,245.343,5235369
-122.668,44.718,244.093,5235390
-122.499,44.540,242.983,5235411
-122.777,44.865,241.691,5235432
-123.277,45.301,240.217,5235453
-123.476,45.570,238.949,5235474
-123.546,45.754,237.731,5235495
-123.430,45.744,236.599,5235516
-123.675,45.753,235.170,5235537
-123.709,45.775,233.860,5235558
-123.593,45.410,232.601,5235579
-123.274,45.015,231.494,5235600
-122.994,44.841,230.279,5235621
-122.608,44.596,229.168,5235642
-121.977,44.639,228.192,5235663
-121.926,43.570,227.740,5235684
-121.991,42.703,227.198,5235705
-121.592,41.814,226.929,5235726
-121.389,40.984,226.498,5235747
-121.197,40.287,225.974,5235768
-120.579,39.669,225.700,5235789
-119.879,39.229,225.442,5235810
-119.145,38.784,225.189,5235831
-118.336,38.650,224.965,5235852
-117.517,38.675,224.726,5235873
-116.702,38.839,224.446,5235894
-115.788,39.046,224.218,5235915
-114.859,39.321,223.921,5235936
-114.302,39.734,223.370,5235957
-113.784,39.981,222.751,5235978
-112.889,40.263,222.362,5235999
-112.404,40.550,221.701,5236020
-112.092,41.079,220.909,5236041
-111.531,41.779,220.252,5236062
-111.128,42.551,219.494,5236083
-111.024,43.306,218.524,5236104
-111.016,44.110,217.470,5236125
-110.764,44.917,216.604,5236146
-110.496,45.449,215.743,5236167
-110.738,46.046,214.505,5236188
-110.935,46.539,213.312,5236209
-110.895,47.125,212.291,5236230
-110.912,47.682,211.236,5236251
-110.986,48.349,210.149,5236272
-111.327,49.004,208.810,5236293
-111.709,49.580,207.442,5236314
-111.947,49.863,206.134,5236335
-112.256,50.044,204.777,5236356
-113.090,50.062,203.004,5236377
-113.927,49.969,201.223,5236398
-114.687,49.728,199.483,5236419
-115.467,49.489,197.702,5236440
-116.212,49.144,195.945,5236461
-116.882,48.701,194.261,5236482
-117.576,48.361,192.567,5236503
-118.190,48.067,190.947,5236524
-118.368,47.599,189.640,5236545
-118.570,46.886,188.257,5236566
-118.862,46.086,186.785,5236587
-119.155,45.246,185.284,5236608
-119.392,44.350,183.809,5236629
-119.517,43.462,182.383,5236650
-119.576,42.712,180.988,5236671
-119.609,41.998,179.585,5236692
-120.096,41.370,177.842,5236713
-120.545,40.750,176.077,5236734
-120.567,40.005,174.546,5236755
-120.827,39.111,172.813,5236776
-121.233,38.294,170.919,5236797
-120.925,37.699,169.273,5236818
-120.663,37.163,167.536,5236839
-120.450,36.766,165.663,5236860
-120.545,36.170,163.522,5236881
-120.770,35.643,161.182,5236902
-121.055,35.138,158.750,5236923
-121.409,34.508,156.288,5236944
-122.338,33.603,154.678,5236965
-122.883,32.620,153.223,5236986
-123.663,31.537,151.627,5237007
-124.355,30.613,150.070,5237028
-124.987,29.875,148.539,5237049
-125.590,29.654,146.892,5237070
-126.217,29.723,145.251,5237091
-126.996,29.843,143.585,5237112
-127.653,30.013,141.998,5237133
-128.142,30.304,140.546,5237154
-128.496,30.738,139.146,5237175
-128.598,31.168,137.891,5237196
-128.626,31.849,136.720,5237217
-128.464,32.582,135.630,5237238
-127.873,33.632,134.800,5237259
-127.204,34.918,134.020,5237280
-126.729,36.320,133.137,5237301
-125.989,37.868,132.436,5237322
-125.435,39.414,131.614,5237343
-124.884,40.878,130.779,5237364
-124.058,42.560,130.141,5237385
-123.031,44.066,129.633,5237406
-121.931,45.491,129.194,5237427
-120.777,46.721,128.829,5237448
-119.602,47.926,128.493,5237469
-118.458,49.152,128.143,5237490
-117.353,50.353,127.797,5237511
-116.621,51.240,127.153,5237532
-115.857,51.880,126.518,5237553
-115.109,52.360,125.906,5237574
-114.078,52.925,125.529,5237595
-113.195,53.372,125.018,5237616
-112.295,53.278,124.524,5237637
-111.392,53.267,124.062,5237658
-110.587,53.083,123.512,5237679
-109.882,52.909,122.898,5237700
-109.555,52.283,121.974,5237721
-109.546,51.682,120.822,5237742
-109.669,51.008,119.589,5237763
-109.774,50.171,118.384,5237784
-109.870,49.243,117.188,5237805
-109.624,48.400,116.232,5237826
-109.476,47.394,115.239,5237847
-109.461,46.739,114.144,5237868
-109.408,45.980,113.074,5237889
-109.730,45.359,111.716,5237910
-110.214,44.697,110.303,5237931
-110.756,43.939,108.865,5237952
-111.406,43.226,107.376,5237973
-112.095,42.539,105.908,5237994
-112.733,41.818,104.470,5238015
-113.178,41.190,103.151,5238036
-113.894,40.598,101.641,5238057
-114.385,40.316,100.241,5238078
-114.961,40.246,98.762,5238099
-115.517,40.197,97.332,5238120
-116.510,40.140,95.646,5238141
-117.503,40.291,93.982,5238162
-118.471,40.464,92.355,5238183
-119.364,40.565,90.758,5238204
-119.875,40.936,89.419,5238225
-120.707,41.452,87.872,5238246
-121.232,41.936,86.506,5238267
-122.066,42.408,84.957,5238288
-122.808,42.924,83.461,5238309
-123.308,43.341,82.141,5238330
-124.156,43.592,80.576,5238351
-125.040,43.866,78.965,5238372
-125.715,44.085,77.543,5238393
-126.382,44.372,76.086,5238414
-126.613,44.798,74.958,5238435
-126.713,45.148,73.888,5238456
-126.748,45.678,72.866,5238477
-126.741,46.278,71.939,5238498
-126.734,46.887,70.969,5238519
-126.494,47.386,70.160,5238540
-126.416,47.533,69.239,5238561
-126.251,47.595,68.386,5238582
-126.059,47.629,67.534,5238603
-125.816,47.609,66.719,5238624
-125.044,47.662,66.273,5238645
-124.347,47.797,65.775,5238666
-123.502,47.781,65.395,5238687
-122.677,47.775,64.985,5238708
-121.820,47.673,64.590,5238729
-121.128,47.666,64.033,5238750
-120.631,47.313,63.336,5238771
-120.052,46.884,62.711,5238792
-119.558,46.518,62.024,5238813
-118.899,46.026,61.477,5238834
-117.927,45.581,61.150,5238855
-117.008,45.132,60.767,5238876
-116.199,44.565,60.296,5238897
-115.751,44.431,59.542,5238918
-115.121,44.307,58.902,5238939
-114.452,44.137,58.233,5238960
-113.841,43.933,57.501,5238981
-113.569,43.553,56.499,5239002
-113.120,43.501,55.585,5239023
-112.992,43.218,54.419,5239044
-112.634,43.255,53.394,5239065
-112.252,43.184,52.333,5239086
-111.953,43.270,51.176,5239107
-111.994,43.172,49.763,5239128
-112.090,43.386,48.308,5239149
-112.205,43.564,46.806,5239170
-112.301,43.495,45.270,5239191
-112.404,43.434,43.690,5239212
-112.442,43.403,42.113,5239233
-112.658,43.596,40.405,5239254
-112.530,43.957,38.937,5239275
-112.441,44.147,37.461,5239296
-112.725,44.651,35.720,5239317
-113.272,45.112,33.805,5239338
-113.966,45.409,31.788,5239359
-114.545,45.425,29.842,5239380
-115.081,45.402,27.949,5239401
-115.555,45.406,26.089,5239422
-116.115,45.314,24.195,5239443
-116.526,45.542,22.394,5239464
-117.272,45.802,20.404,5239485
-118.092,45.770,18.395,5239506
-118.920,45.833,16.353,5239527
-119.713,45.811,14.403,5239548
-120.505,45.816,12.491,5239569
-121.243,45.680,10.639,5239590
-121.548,45.380,9.104,5239611
-121.807,45.110,7.594,5239632
-122.099,45.164,6.078,5239653
-122.600,45.214,4.445,5239674
-122.704,45.008,3.101,5239695
-122.782,44.749,1.781,5239716
-123.268,44.640,0.174,5239737
-123.775,44.357,358.541,5239758
-124.204,43.986,356.979,5239779
-124.644,43.567,355.397,5239800
-124.666,43.002,354.088,5239821
-124.875,42.396,352.619,5239842
-125.163,41.812,351.067,5239863
-125.713,41.560,349.304,5239884
-125.837,41.204,347.792,5239905
-126.320,40.954,346.016,5239926
-126.743,40.651,344.205,5239947
-127.724,39.811,343.416,5239968
-128.784,38.691,342.543,5239989
-129.534,37.912,341.503,5240010
-129.951,37.089,340.629,5240031
-130.200,36.392,339.840,5240052
-130.181,35.903,339.176,5240073
-130.287,35.518,338.407,5240094
-129.996,35.476,337.859,5240115
-129.631,35.656,337.352,5240136
-129.608,35.669,337.121,5240157
-129.416,35.785,336.995,5240178
-129.119,35.604,336.880,5240199
-128.414,35.562,337.019,5240220
-127.557,35.778,337.208,5240241
-126.624,36.025,337.441,5240262
-125.610,36.473,337.726,5240283
-124.728,37.226,337.945,5240304
-123.810,37.672,338.184,5240325
-122.963,38.621,338.380,5240346
-122.167,39.238,338.773,5240367
-121.605,39.766,338.984,5240388
-121.026,40.252,339.173,5240409
-120.442,40.774,339.337,5240430
-119.416,41.276,339.761,5240451
-118.884,41.880,339.846,5240472
-117.954,42.403,340.197,5240493
-117.207,43.011,340.364,5240514
-116.470,43.519,340.492,5240535
-115.795,43.999,340.549,5240556
-115.581,44.298,340.223,5240577
-115.336,44.484,339.848,5240598
-114.873,44.613,339.610,5240619
-114.306,44.906,339.433,5240640
-113.781,45.355,339.178,5240661
-113.308,45.582,338.848,5240682
-113.121,45.702,338.311,5240703
-113.192,46.105,337.574,5240724
-112.996,46.529,337.031,5240745
-113.173,46.863,336.270,5240766
-113.485,47.002,335.371,5240787
-113.829,47.106,334.444,5240808
-114.146,47.093,333.503,5240829
-114.104,47.008,332.788,5240850
-114.015,46.996,332.072,5240871
-113.968,46.926,331.283,5240892
-114.450,47.010,330.086,5240913
-114.872,47.251,328.899,5240934
-115.457,47.443,327.575,5240955
-115.891,47.671,326.317,5240976
-116.538,47.680,324.876,5240997
-117.059,47.846,323.531,5241018
-117.259,47.793,322.382,5241039
-117.476,47.637,321.202,5241060
-117.749,47.381,319.953,5241081
-117.900,47.216,318.825,5241102
-118.159,46.934,317.618,5241123
-118.745,46.794,316.162,5241144
-119.259,46.856,314.760,5241165
-119.737,46.909,313.367,5241186
-120.199,46.920,311.967,5241207
-120.580,46.709,310.576,5241228
-120.520,46.509,309.449,5241249
-120.468,46.441,308.337,5241270
-120.408,46.466,307.210,5241291
-120.312,46.274,306.126,5241312
-120.474,46.440,304.838,5241333
-120.814,46.399,303.406,5241354
-120.761,46.543,302.248,5241375
-121.067,46.640,300.809,5241396
-121.215,46.505,299.495,5241417
-121.289,46.386,298.243,5241438
-120.941,46.379,297.276,5241459
-120.682,46.504,296.230,5241480
-120.333,46.551,295.200,5241501
-119.986,46.476,294.132,5241522
-119.858,46.334,292.896,5241543
-119.886,46.549,291.534,5241564
-119.953,46.650,290.113,5241585
-119.973,46.722,288.726,5241606
-119.790,46.546,287.472,5241627
-119.549,46.349,286.229,5241648
-119.043,46.246,285.170,5241669
-118.617,46.347,284.029,5241690
-118.170,46.371,282.894,5241711
-117.755,46.386,281.710,5241732
-117.759,46.454,280.197,5241753
-117.665,46.197,278.775,5241774
-117.604,46.347,277.356,5241795
-117.714,46.181,275.813,5241816
-117.831,45.965,274.286,5241837
-117.662,45.652,272.979,5241858
-117.485,45.651,271.670,5241879
-117.281,45.574,270.401,5241900
-117.069,45.357,269.142,5241921
-116.931,45.081,267.817,5241942
-117.111,44.886,266.267,5241963
-117.316,44.764,264.672,5241984
-117.503,44.621,263.082,5242005
-117.616,44.376,261.488,5242026
-117.720,44.112,259.877,5242047
-117.731,43.756,258.347,5242068
-117.556,43.764,256.923,5242089
-117.514,43.797,255.398,5242110
-117.464,43.854,253.867,5242131
-117.240,43.821,252.430,5242152
-117.940,43.008,251.467,5242173
-118.517,42.241,250.585,5242194
-119.184,41.610,249.621,5242215
-119.716,40.947,248.720,5242236
-120.122,40.327,247.872,5242257
-120.572,39.837,247.002,5242278
-120.792,39.384,246.243,5242299
-120.932,39.407,245.513,5242320
-121.124,39.516,244.731,5242341
-121.223,39.619,243.995,5242362
-121.503,39.416,243.451,5242383
-122.012,39.403,242.734,5242404
-122.471,39.196,242.064,5242425
-122.865,39.049,241.448,5242446
-123.160,38.974,240.904,5242467
-123.060,39.026,240.583,5242488
-123.050,39.390,240.225,5242509
-123.129,39.839,239.776,5242530
-122.995,40.262,239.461,5242551
-122.842,40.763,239.156,5242572
-122.547,41.239,238.934,5242593
-122.717,41.541,238.558,5242614
-122.696,41.573,238.298,5242635
-122.553,41.631,238.142,5242656
-122.508,41.770,237.922,5242677
-122.091,42.169,237.967,5242698
-121.696,42.698,237.997,5242719
-121.461,43.318,237.930,5242740
-121.019,43.941,238.026,5242761
-120.633,44.569,238.050,5242782
-119.897,44.770,238.317,5242803
-119.517,45.067,238.313,5242824
-119.080,45.185,238.391,5242845
-118.629,45.233,238.451,5242866
-117.813,45.238,238.738,5242887
-117.082,45.488,238.945,5242908
-116.458,45.727,239.044,5242929
-115.914,45.949,239.097,5242950
-115.320,46.095,239.174,5242971
-114.918,46.276,239.063,5242992
-114.294,46.250,239.122,5243013
-114.129,46.041,238.815,5243034
-114.040,45.846,238.487,5243055
-113.706,45.540,238.349,5243076
-113.327,45.291,238.228,5243097
-112.933,45.185,238.137,5243118
-112.715,45.273,237.957,5243139
-112.860,45.398,237.480,5243160
-112.960,45.559,237.059,5243181
-112.850,45.549,236.792,5243202
-113.157,45.300,236.220,5243223
-113.569,45.102,235.525,5243244
-113.987,44.896,234.825,5243265
-114.454,44.746,234.079,5243286
-114.851,44.521,233.356,5243307
-114.998,44.353,232.813,5243328
-115.575,44.475,231.974,5243349
-115.844,44.659,231.336,5243370
-116.052,44.726,230.761,5243391
-116.391,44.905,230.075,5243412
-117.130,45.010,229.121,5243433
-117.858,44.928,228.171,5243454
-118.459,44.701,227.316,5243475
-118.925,44.386,226.540,5243496
-119.042,44.112,226.008,5243517
-119.098,43.931,225.500,5243538
-119.570,44.032,224.713,5243559
-119.741,44.198,224.116,5243580
-120.123,44.431,223.389,5243601
-120.364,44.225,222.759,5243622
-120.636,44.033,222.109,5243643
-120.788,43.795,221.519,5243664
-120.939,43.534,220.903,5243685
-121.003,43.266,220.336,5243706
-120.865,43.384,219.903,5243727
-120.697,43.553,219.514,5243748
-120.613,43.846,219.047,5243769
-120.404,44.216,218.668,5243790
-120.119,44.639,218.350,5243811
-119.885,45.116,217.968,5243832
-119.831,45.254,217.470,5243853
-119.725,45.381,217.006,5243874
-119.415,45.407,216.648,5243895
-119.017,45.394,216.333,5243916
-118.559,45.653,216.038,5243937
-118.341,45.594,215.562,5243958
-117.912,45.868,215.262,5243979
-117.583,46.236,214.862,5244000
-117.232,46.600,214.455,5244021
-117.108,46.652,213.881,5244042
-116.721,46.545,213.493,5244063
-116.568,46.545,212.957,5244084
-116.048,46.493,212.697,5244105
-115.987,46.426,212.111,5244126
-115.501,46.400,211.841,5244147
-115.331,46.527,211.340,5244168
-115.278,46.623,210.747,5244189
-115.116,46.684,210.242,5244210
-115.010,46.715,209.690,5244231
-114.925,46.429,209.109,5244252
-115.215,46.153,208.277,5244273
-115.672,45.999,207.301,5244294
-115.829,45.663,206.531,5244315
-115.797,45.357,205.899,5244336
-116.191,45.177,204.936,5244357
-116.428,45.206,204.054,5244378
-116.775,45.074,203.079,5244399
-117.115,44.822,202.088,5244420
-117.076,44.419,201.351,5244441
-117.446,44.252,200.339,5244462
-117.637,43.819,199.452,5244483
-117.902,43.419,198.523,5244504
-117.751,43.097,197.921,5244525
-117.912,42.648,197.115,5244546
-117.777,42.354,196.537,5244567
-117.847,42.265,195.800,5244588
-118.184,42.172,194.837,5244609
-118.498,42.084,193.877,5244630
-118.505,41.842,193.072,5244651
-118.488,41.508,192.267,5244672
-118.867,41.107,191.143,5244693
-119.293,40.721,189.892,5244714
-119.413,40.538,188.757,5244735
-119.547,40.374,187.543,5244756
-120.158,40.230,185.965,5244777
-120.390,39.886,184.556,5244798
-121.054,39.721,182.833,5244819
-121.462,39.295,181.216,5244840
-122.160,38.969,179.310,5244861
-122.226,38.637,177.440,5244882
-122.249,38.250,175.481,5244903
-122.421,37.991,174.345,5244924
-122.884,37.462,172.990,5244945
-122.869,37.011,171.887,5244966
-122.916,36.796,170.715,5244987
-123.219,36.623,169.407,5245008
-123.485,36.487,168.168,5245029
-123.737,36.429,166.933,5245050
-123.939,36.517,165.728,5245071
-123.973,36.345,164.638,5245092
-124.074,36.494,163.546,5245113
-124.094,36.672,162.496,5245134
-123.611,36.988,161.762,5245155
-123.279,37.142,160.952,5245176
-123.057,37.806,160.070,5245197
-122.901,38.457,159.196,5245218
-122.796,39.047,158.298,5245239
-122.631,39.500,157.441,5245260
-122.481,40.085,156.565,5245281
-121.976,40.790,155.903,5245302
-121.334,41.231,155.364,5245323
-120.700,41.801,154.831,5245344
-120.046,42.277,154.333,5245365
-119.394,42.868,153.860,5245386
-118.820,43.521,153.380,5245407
-118.605,44.152,152.698,5245428
-118.480,44.648,152.014,5245449
-118.381,45.169,151.327,5245470
-118.358,45.666,150.598,5245491
-117.948,46.089,150.148,5245512
-117.575,46.372,149.674,5245533
-117.252,46.468,149.200,5245554
-116.900,46.719,148.715,5245575
-116.566,46.925,148.202,5245596
-116.514,46.900,147.432,5245617
-116.723,47.156,146.458,5245638
-116.914,47.162,145.494,5245659
-117.220,47.234,144.413,5245680
-117.445,47.052,143.384,5245701
-117.526,47.184,142.496,5245722
-117.463,47.206,141.709,5245743
-117.331,47.091,140.949,5245764
-117.158,46.764,140.226,5245785
-117.009,46.672,139.475,5245806
-117.013,46.680,138.590,5245827
-117.310,46.451,137.452,5245848
-117.645,46.215,136.331,5245869
-118.041,45.966,135.147,5245890
-118.378,45.968,133.975,5245911
-118.405,45.669,133.025,5245932
-118.494,45.402,132.033,5245953
-118.635,45.272,130.964,5245974
-118.785,45.143,129.883,5245995
-118.909,44.980,128.827,5246016
-119.036,44.831,127.739,5246037
-119.605,44.725,126.312,5246058
-120.098,44.533,124.943,5246079
-120.406,44.275,123.688,5246100
-120.863,44.160,122.313,5246121
-120.893,43.911,121.267,5246142
-120.955,44.023,120.159,5246163
-120.887,43.849,119.155,5246184
-121.018,44.001,118.013,5246205
-121.140,44.144,116.873,5246226
-121.501,44.282,115.578,5246247
-121.905,44.274,114.255,5246268
-122.270,44.190,112.977,5246289
-122.431,44.008,111.848,5246310
-122.554,43.853,110.762,5246331
-122.416,43.738,109.858,5246352
-122.184,43.892,109.002,5246373
-121.941,43.983,108.173,5246394
-121.706,44.335,107.352,5246415
-121.485,44.726,106.512,5246436
-121.467,44.810,105.548,5246457
-121.552,45.250,104.499,5246478
-121.513,45.369,103.573,5246499
-121.494,45.523,102.626,5246520
-121.495,45.694,101.674,5246541
-121.200,46.093,100.928,5246562
-120.704,46.208,100.326,5246584
-120.226,46.425,99.724,5246605
-120.177,46.680,98.819,5246626
-120.198,46.637,97.873,5246647
-120.105,46.464,96.985,5246668
-120.060,46.264,96.072,5246689
-119.995,46.023,95.144,5246710
-119.911,45.776,94.237,5246731
-119.461,45.708,93.606,5246752
-119.025,45.687,92.984,5246773
-118.526,45.578,92.401,5246794
-118.072,45.526,91.816,5246815
-117.720,45.625,91.178,5246836
-117.659,45.828,90.325,5246857
-117.549,45.563,89.506,5246878
-117.569,45.310,88.586,5246899
-117.632,45.014,87.666,5246920
-117.351,44.852,86.989,5246941
-117.226,44.869,86.207,5246962
-117.107,44.868,85.434,5246983
-117.362,44.802,84.405,5247004
-117.173,44.652,83.676,5247025
-117.096,44.691,82.863,5247046
-117.337,44.835,81.826,5247067
-117.597,44.631,80.806,5247088
-117.851,44.471,79.753,5247109
-118.200,44.444,78.639,5247130
-118.567,44.427,77.502,5247151
-118.542,44.351,76.653,5247172
-118.501,44.425,75.778,5247193
-118.504,44.606,74.873,5247214
-118.548,44.807,73.918,5247235
-118.462,44.794,73.017,5247256
-118.837,44.835,71.778,5247277
-118.992,44.615,70.672,5247298
-119.020,44.359,69.627,5247319
-119.067,44.129,68.516,5247340
-118.949,43.855,67.485,5247361
-118.703,43.988,66.528,5247382
-118.303,43.989,65.648,5247403
-118.007,44.172,64.715,5247424
-117.595,44.319,63.845,5247445
-117.556,44.468,62.712,5247466
-117.474,44.402,61.611,5247487
-116.995,44.265,60.762,5247508
-116.840,44.126,59.669,5247529
-116.773,44.056,58.512,5247550
-116.714,44.167,57.306,5247571
-116.671,44.059,56.084,5247592
-116.207,44.139,55.148,5247613
-115.841,44.336,54.156,5247634
-115.498,44.485,53.137,5247655
-115.570,44.492,51.812,5247676
-115.582,44.492,50.536,5247697
-115.308,44.498,49.478,5247718
-115.130,44.472,48.337,5247739
-114.949,44.427,47.223,5247760
-115.087,44.809,45.895,5247781
-115.193,45.214,44.575,5247802
-115.314,45.611,43.232,5247823
-115.413,45.971,41.902,5247844
-115.731,46.334,40.345,5247865
-116.178,46.594,38.719,5247886
-116.677,46.598,37.048,5247907
-116.871,46.431,35.618,5247928
-116.954,46.259,34.252,5247949
-117.203,46.021,32.775,5247970
-117.476,45.762,31.292,5247991
-117.436,45.742,30.043,5248012
-117.412,45.759,28.828,5248033
-117.827,45.843,27.342,5248054
-118.202,45.948,25.901,5248075
-118.574,45.821,24.481,5248096
-118.490,45.669,23.400,5248117
-118.812,45.432,22.024,5248138
-118.870,45.082,20.860,5248159
-118.913,44.685,19.675,5248180
-119.348,44.355,18.229,5248201
-119.772,44.160,16.783,5248222
-119.922,44.131,15.548,5248243
-119.940,44.036,14.396,5248264
-120.300,43.791,13.015,5248285
-120.633,43.589,11.669,5248306
-120.880,43.181,10.344,5248327
-120.685,42.817,9.299,5248348
-120.537,42.441,8.187,5248369
-120.818,42.091,6.766,5248390
-121.117,41.968,5.301,5248411
-121.101,41.872,4.021,5248432
-121.166,41.819,2.697,5248453
-121.483,41.775,1.168,5248474
-121.835,41.526,359.603,5248495
-122.140,41.280,358.007,5248516
-122.279,41.011,356.501,5248537
-122.348,40.765,355.054,5248558
-123.218,39.889,354.304,5248579
-123.897,39.101,353.652,5248600
-124.621,38.469,352.910,5248621
-125.178,38.278,352.286,5248642
-125.440,38.113,351.807,5248663
-125.791,38.108,351.264,5248684
-126.278,37.994,350.622,5248705
-126.926,38.295,349.818,5248726
-127.504,38.212,349.036,5248747
-127.781,38.474,348.391,5248768
-127.877,38.788,347.859,5248789
-127.873,39.032,347.384,5248810
-128.141,39.732,346.743,5248831
-127.947,40.499,346.390,5248852
-128.005,41.257,345.842,5248873
-127.906,42.083,345.387,5248894
-127.715,42.673,344.985,5248915
-127.631,43.143,344.836,5248936
-127.045,43.328,345.022,5248957
-126.338,43.583,345.256,5248978
-125.543,43.844,345.570,5248999
-124.696,44.043,345.913,5249020
-124.259,44.488,345.950,5249041
-123.767,44.913,345.990,5249062
-123.230,45.086,346.044,5249083
-122.380,45.530,346.313,5249104
-121.833,45.772,346.335,5249125
-121.595,46.085,346.052,5249146
-120.841,46.344,346.101,5249167
-120.059,46.521,346.168,5249188
-119.302,46.592,346.215,5249209
-118.566,46.525,346.234,5249230
-118.042,46.346,346.062,5249251
-117.433,46.500,345.945,5249272
-116.848,46.674,345.778,5249293
-116.522,46.859,345.405,5249314
-116.291,46.775,344.961,5249335
-115.896,46.524,344.602,5249356
-115.348,46.431,344.368,5249377
-114.857,46.257,344.081,5249398
-114.401,46.038,343.747,5249419
-113.985,45.827,343.361,5249440
-114.000,45.476,342.643,5249461
-114.168,45.276,341.816,5249482
-114.100,45.274,341.121,5249503
-114.160,45.292,340.304,5249524
-114.550,45.177,339.249,5249545
-114.751,44.818,338.308,5249566
-114.735,44.669,337.512,5249587
-114.745,44.533,336.701,5249608
-114.774,44.469,335.845,5249629
-115.093,44.262,334.767,5249650
-115.644,44.426,333.530,5249671
-115.973,44.631,332.406,5249692
-116.494,44.862,331.153,5249713
-117.179,44.833,329.769,5249734
-117.848,44.757,328.378,5249755
-118.510,44.800,327.003,5249776
-118.736,44.681,325.915,5249797
-118.855,44.650,324.920,5249818
-118.881,44.800,323.980,5249839
-118.935,44.793,323.026,5249860
-119.371,45.086,321.783,5249881
-119.547,45.445,320.749,5249902
-119.992,45.654,319.477,5249923
-120.474,45.766,318.175,5249944
-121.006,45.972,316.850,5249965
-121.347,45.855,315.673,5249986
-121.476,46.072,314.644,5250007
-121.515,46.249,313.673,5250028
-121.439,46.337,312.804,5250049
-121.349,46.227,311.918,5250070
-121.561,46.297,310.806,5250091
-121.188,46.226,310.117,5250112
-121.194,46.205,309.115,5250133
-121.157,46.154,308.173,5250154
-121.140,46.067,307.240,5250175
-120.637,46.004,306.621,5250196
-120.125,45.840,306.012,5250217
-119.684,45.827,305.338,5250238
-119.579,45.941,304.417,5250259
-119.629,45.898,303.378,5250280
-119.288,45.560,302.615,5250301
-119.324,45.465,301.589,5250322
-119.361,45.278,300.556,5250343
-119.288,45.001,299.614,5250364
-118.994,44.662,298.834,5250385
-118.769,44.317,297.981,5250406
-118.312,44.260,297.274,5250427
-117.916,44.222,296.556,5250448
-117.501,44.148,295.855,5250469
-117.104,44.013,295.152,5250490
-117.156,44.122,294.126,5250511
-117.316,44.092,293.034,5250532
-117.486,44.043,291.904,5250553
-117.502,43.741,290.893,5250574
-117.675,43.595,289.777,5250595
-117.879,43.429,288.638,5250616
-117.704,43.479,287.757,5250637
-117.768,43.690,286.723,5250658
-117.791,43.903,285.699,5250679
-118.181,44.046,284.410,5250700
-118.592,44.129,283.088,5250721
-118.528,44.163,282.065,5250742
-118.973,44.186,280.693,5250763
-118.908,44.188,279.669,5250784
-119.143,44.086,278.428,5250805
-119.124,44.247,277.394,5250826
-119.260,44.552,276.239,5250847
-119.464,44.873,275.055,5250868
-119.440,44.844,274.020,5250889
-119.685,44.744,272.791,5250910
-120.153,44.904,271.423,5250931
-120.556,45.177,270.090,5250952
-121.055,45.186,268.698,5250973
-121.499,45.073,267.334,5250994
-121.815,44.898,266.067,5251015
-121.876,45.029,265.011,5251036
-121.792,45.127,264.033,5251057
-121.598,45.166,263.104,5251078
-121.370,45.238,262.219,5251099
-121.065,44.986,261.359,5251120
-120.874,44.611,260.715,5251141
-120.826,44.088,260.400,5251162
-120.952,43.351,259.966,5251183
-120.986,42.650,259.509,5251204
-120.892,41.946,259.131,5251225
-120.590,41.329,258.864,5251246
-120.234,41.034,258.587,5251267
-120.093,40.947,258.157,5251288
-119.788,40.912,257.814,5251309
-119.198,40.739,257.621,5251330
-119.004,40.696,257.146,5251351
-118.723,40.551,256.713,5251372
-118.487,40.204,256.351,5251393
-117.899,39.995,256.216,5251414
-117.672,39.873,255.823,5251435
-117.068,39.928,255.669,5251456
-116.643,40.298,255.373,5251477
-116.467,40.739,254.912,5251498
-116.286,41.286,254.466,5251519
-115.837,41.487,254.162,5251540
-115.502,41.696,253.741,5251561
-115.487,42.076,253.111,5251582
-115.355,42.363,252.512,5251603
-115.406,42.479,251.772,5251624
-115.194,42.541,251.173,5251645
-114.750,42.710,250.699,5251666
-114.480,43.249,250.081,5251687
-114.220,43.817,249.463,5251708
-113.906,44.337,248.874,5251729
-113.517,44.405,248.295,5251750
-113.640,44.755,247.311,5251771
-113.645,45.139,246.405,5251792
-113.529,45.052,245.597,5251813
-113.626,45.002,244.596,5251834
-113.557,44.968,243.679,5251855
-113.751,45.350,242.609,5251876
-113.734,45.749,241.653,5251897
-113.976,46.152,240.521,5251918
-114.195,46.535,239.390,5251939
-114.102,46.664,238.479,5251960
-114.424,46.619,237.242,5251981
-114.754,46.527,235.970,5252002
-114.956,46.354,234.785,5252023
-114.904,46.146,233.747,5252044
-114.845,45.919,232.690,5252065
-114.778,46.002,231.622,5252086
-115.026,46.156,230.302,5252107
-115.201,46.285,229.050,5252128
-115.321,46.358,227.870,5252149
-115.238,46.111,226.843,5252170
-115.670,45.913,225.414,5252191
-116.047,45.575,224.051,5252212
-116.285,45.196,222.796,5252233
-116.418,44.924,221.583,5252254
-116.604,44.670,220.324,5252275
-117.249,44.557,218.744,5252296
-117.901,44.524,217.113,5252317
-118.575,44.357,215.465,5252338
-119.226,44.145,213.778,5252359
-119.830,43.960,212.122,5252380
-120.159,43.478,210.623,5252401
-120.592,43.051,209.025,5252422
-120.964,42.586,207.462,5252443
-121.124,42.370,205.976,5252464
-121.357,42.115,204.322,5252485
-121.584,41.916,202.623,5252506
-122.281,41.661,200.541,5252527
-122.774,41.502,198.516,5252548
-122.983,41.162,196.575,5252569
-123.073,40.523,194.604,5252590
-123.408,39.708,192.385,5252611
-124.750,39.584,190.002,5252632
-125.796,39.130,187.535,5252653
-126.823,38.638,185.826,5252674
-127.335,38.182,184.310,5252695
-127.693,37.698,182.788,5252716
-127.909,37.141,181.249,5252737
-128.236,36.434,179.579,5252758
-128.458,35.768,177.963,5252779
-128.392,35.436,176.498,5252800
-128.265,34.845,175.060,5252821
-127.998,34.297,173.728,5252842
-127.905,34.123,172.235,5252863
-127.280,33.940,171.067,5252884
-126.760,34.143,169.812,5252905
-126.294,34.500,168.549,5252926
-125.879,34.948,167.294,5252947
-125.100,35.500,166.258,5252968
-124.266,36.185,165.267,5252989
-123.322,36.659,164.340,5253010
-122.269,37.302,163.493,5253031
-121.203,37.921,162.684,5253052
-120.100,38.587,161.915,5253073
-119.042,39.288,161.129,5253094
-118.002,40.264,160.357,5253115
-117.400,41.177,159.301,5253136
-116.931,42.193,158.142,5253157
-116.493,43.186,157.000,5253178
-116.134,44.287,155.792,5253199
-115.456,45.396,154.824,5253220
-114.885,46.459,153.769,5253241
-114.344,47.450,152.712,5253262
-113.863,48.403,151.619,5253283
-113.441,49.375,150.484,5253304
-113.391,50.415,149.065,5253325
-113.636,51.289,147.406,5253346
-114.010,51.906,145.663,5253367
-114.407,52.293,143.883,5253388
-114.889,52.480,142.063,5253409
-114.945,52.593,140.565,5253430
-115.515,52.418,138.667,5253451
-115.687,52.325,137.076,5253472
-115.892,52.125,135.470,5253493
-116.222,51.892,133.767,5253514
-116.919,51.275,131.787,5253535
-117.607,50.616,129.867,5253556
-118.286,49.918,127.981,5253577
-118.899,49.054,126.144,5253598
-119.503,48.207,124.375,5253619
-119.638,47.409,122.971,5253640
-119.756,46.514,121.607,5253661
-119.897,45.607,120.254,5253682
-120.126,44.910,118.835,5253703
-120.343,44.274,117.432,5253724
-120.842,43.710,115.866,5253745
-121.217,42.862,114.368,5253766
-121.605,42.145,112.891,5253787
-121.882,41.423,111.530,5253808
-122.211,40.921,110.134,5253829
-122.084,40.522,109.037,5253850
-121.956,40.068,107.983,5253871
-121.784,39.881,106.979,5253892
-122.007,39.996,105.708,5253913
-121.873,39.994,104.650,5253934
-121.854,39.882,103.530,5253955
-122.040,39.912,102.287,5253976
-122.189,40.025,101.088,5253997
-122.340,40.194,99.896,5254018
-122.552,40.539,98.646,5254039
-122.641,41.205,97.471,5254060
-122.328,41.779,96.589,5254081
-122.015,42.391,95.704,5254102
-121.835,43.128,94.694,5254123
-121.885,43.780,93.533,5254145
-121.840,44.166,92.414,5254166
-121.656,44.461,91.391,5254187
-121.275,44.727,90.510,5254208
-120.979,45.389,89.566,5254229
-120.452,45.847,88.811,5254250
-119.897,46.221,88.069,5254271
-119.293,46.533,87.379,5254292
-118.740,46.921,86.631,5254313
-118.150,47.252,85.883,5254334
-117.865,47.272,84.896,5254356
-117.642,47.332,83.857,5254377
-117.313,47.226,82.879,5254398
-117.183,47.246,81.762,5254419
-116.961,47.431,80.711,5254440
-116.428,47.180,79.902,5254461
-116.197,47.247,78.892,5254482
-115.836,47.225,77.980,5254503
-115.668,47.199,76.908,5254524
-115.110,46.860,76.108,5254545
-114.798,46.405,75.120,5254566
-114.450,45.963,74.180,5254587
-113.935,45.821,73.337,5254608
-113.533,45.804,72.410,5254629
-113.041,45.563,71.542,5254650
-112.572,45.348,70.655,5254671
-112.460,45.052,69.544,5254692
-112.181,45.119,68.531,5254713
-112.045,45.258,67.400,5254734
-112.076,45.018,66.199,5254755
-111.962,44.711,65.087,5254776
-112.109,44.537,63.799,5254797
-112.301,44.348,62.464,5254818
-112.560,44.252,61.129,5254839
-112.894,44.500,59.673,5254860
-113.392,44.606,58.103,5254881
-114.000,44.815,56.469,5254902
-114.597,45.102,54.814,5254923
-115.397,45.114,52.997,5254944
-116.044,44.942,51.295,5254965
-116.550,44.832,49.690,5254986
-117.090,44.649,48.064,5255007
-117.573,44.536,46.516,5255028
-118.080,44.635,44.942,5255049
-118.824,44.435,43.185,5255070
-119.234,44.511,41.666,5255091
-119.899,44.653,39.968,5255112
-120.699,44.617,38.184,5255133
-121.462,44.609,36.446,5255154
-122.211,44.596,34.737,5255175
-122.614,44.405,33.282,5255196
-122.813,44.288,31.961,5255217
-123.041,44.076,30.628,5255238
-123.537,43.990,29.131,5255259
-123.770,44.171,27.794,5255280
-123.828,44.288,26.600,5255301
-123.881,44.372,25.422,5255322
-124.034,44.427,24.154,5255343
-124.173,44.235,22.848,5255364
-124.072,43.869,21.699,5255385
-123.681,43.589,20.700,5255406
-123.381,43.214,19.625,5255427
-123.384,42.837,18.318,5255448
-123.523,42.683,16.902,5255469
-123.331,42.636,15.715,5255490
-123.247,42.603,14.416,5255511
-123.314,42.589,12.994,5255532
-123.021,42.443,11.748,5255553
-122.993,42.020,10.320,5255574
-122.705,41.636,9.042,5255595
-122.384,41.523,7.759,5255616
-123.071,40.543,6.912,5255637
-123.404,39.551,6.250,5255658
-123.965,39.125,5.396,5255679
-124.500,38.480,4.555,5255700
-124.774,38.292,3.857,5255721
-125.247,38.234,3.010,5255742
-125.764,38.178,2.124,5255763
-126.046,37.964,1.348,5255784
-126.148,37.825,0.671,5255805
-126.048,37.942,0.078,5255826
-125.854,38.235,359.514,5255847
-125.637,38.469,358.944,5255868
-125.306,38.916,358.456,5255889
-125.125,39.642,357.875,5255910
-124.892,40.437,357.311,5255931
-124.646,41.301,356.758,5255952
-124.972,41.696,356.155,5255973
-125.012,41.777,355.704,5255994
-125.073,41.921,355.170,5256015
-124.707,42.369,354.907,5256036
-124.227,42.794,354.718,5256057
-124.123,43.091,354.252,5256078
-124.071,43.506,353.747,5256099
-123.716,44.124,353.420,5256120
-123.463,44.767,352.972,5256141
-123.156,45.385,352.490,5256162
-122.850,45.671,351.970,5256183
-122.356,45.866,351.506,5256204
-121.548,46.195,351.251,5256225
-120.722,46.606,350.974,5256246
-119.942,47.050,350.671,5256267
-119.702,47.517,349.908,5256288
-119.460,48.008,349.107,5256309
-118.963,48.609,348.447,5256330
-118.753,49.137,347.517,5256351
-118.570,49.584,346.567,5256372
-118.326,49.757,345.636,5256393
-118.052,49.804,344.705,5256414
-117.467,50.010,343.996,5256435
-116.903,50.105,343.239,5256456
-116.401,50.132,342.410,5256477
-115.949,50.108,341.507,5256498
-115.548,49.912,340.561,5256519
-115.620,49.651,339.223,5256540
-115.320,49.519,338.162,5256561
-115.565,49.373,336.681,5256582
-115.889,49.182,335.135,5256603
-116.153,48.820,333.636,5256624
-116.142,48.433,332.310,5256645
-116.124,48.193,330.959,5256666
-116.185,47.672,329.554,5256687
-116.463,47.124,328.010,5256708
-116.999,46.848,326.250,5256729
-117.478,46.687,324.536,5256750
-117.979,46.466,322.807,5256771
-118.602,46.151,320.965,5256792
-119.002,45.548,319.333,5256813
-119.086,44.984,317.913,5256834
-119.180,44.742,316.515,5256855
-119.383,44.594,314.974,5256876
-119.436,44.398,313.555,5256897
-119.614,43.910,312.060,5256918
-119.846,43.473,310.524,5256939
-120.201,43.215,308.917,5256960
-120.535,42.967,307.308,5256981
-120.861,42.683,305.691,5257002
-121.085,42.358,304.154,5257023
-121.248,42.025,302.673,5257044
-121.308,42.163,301.267,5257065
-121.367,42.376,299.831,5257086
-121.351,42.583,298.466,5257107
-121.236,42.796,297.186,5257128
-121.371,43.126,295.718,5257149
-121.175,43.064,294.514,5257170
-121.330,43.237,293.079,5257191
-121.072,43.245,291.984,5257212
-120.720,43.511,290.954,5257233
-120.368,43.642,289.964,5257254
-120.413,44.171,288.685,5257275
-119.991,44.559,287.739,5257296
-119.898,45.157,286.542,5257317
-119.749,45.756,285.344,5257338
-119.320,45.978,284.344,5257359
-119.243,46.156,283.086,5257380
-119.262,46.375,281.685,5257401
-119.095,46.432,280.410,5257422
-118.936,46.435,279.080,5257443
-118.461,46.395,277.960,5257464
-117.898,46.566,276.865,5257485
-117.397,46.754,275.729,5257506
-116.779,46.809,274.656,5257527
-116.264,46.513,273.514,5257548
-115.721,46.170,272.416,5257569
-115.411,45.955,271.154,5257590
-114.961,45.572,269.976,5257611
-114.501,45.135,268.828,5257632
-113.924,44.641,267.733,5257653
-113.146,44.306,266.745,5257674
-112.574,44.201,265.623,5257695
-112.103,44.112,264.466,5257716
-111.835,44.117,263.170,5257737
-111.656,44.167,261.829,5257758
-111.757,44.035,260.303,5257779
-111.753,44.180,258.852,5257800
-111.809,43.947,257.391,5257821
-111.750,43.849,256.026,5257842
-111.998,43.720,254.479,5257863
-112.099,43.739,253.040,5257884
-112.520,44.167,251.409,5257905
-113.110,44.538,249.698,5257926
-113.707,44.925,248.008,5257947
-114.164,45.305,246.425,5257968
-114.855,45.373,244.708,5257989
-115.612,45.443,242.960,5258010
-116.405,45.518,241.201,5258031
-116.826,45.505,239.666,5258052
-117.142,45.523,238.212,5258073
-117.925,45.758,236.436,5258094
-118.692,45.981,234.651,5258115
-119.461,46.070,232.877,5258136
-120.163,46.219,231.143,5258157
-120.447,46.271,229.726,5258178
-120.675,46.116,228.366,5258199
-121.095,45.825,226.900,5258220
-121.479,45.539,225.449,5258241
-121.603,45.283,224.193,5258262
-121.597,45.056,223.048,5258283
-121.571,45.057,221.952,5258304
-121.770,45.148,220.737,5258325
-122.019,44.942,219.488,5258346
-122.076,44.998,218.405,5258367
-122.019,45.018,217.372,5258388
-122.148,44.735,216.195,5258409
-122.280,44.487,215.025,5258430
-122.101,44.096,214.070,5258452
-121.764,43.963,213.216,5258473
-121.418,43.802,212.369,5258494
-121.550,43.827,211.214,5258515
-121.574,43.693,210.121,5258536
-121.611,43.602,209.003,5258557
-121.475,43.441,207.973,5258578
-120.975,43.315,207.169,5258599
-120.605,43.121,206.238,5258620
-120.462,43.021,205.148,5258641
-119.882,42.901,204.286,5258662
-119.943,43.342,203.191,5258683
-120.075,43.808,201.995,5258704
-120.142,44.211,200.833,5258725
-120.512,44.560,199.415,5258746
-120.570,44.872,198.185,5258767
-120.455,45.057,197.024,5258788
-120.376,44.818,195.801,5258809
-120.434,44.612,194.484,5258830
-120.274,44.290,193.291,5258851
-119.837,44.027,192.268,5258872
-119.308,43.924,191.318,5258893
-119.221,43.822,190.015,5258914
-119.119,43.911,188.692,5258935
-119.017,43.932,187.354,5258956
-118.876,43.949,186.049,5258977
-118.654,44.068,184.785,5258998
-117.944,44.095,183.855,5259019
-117.268,43.869,182.912,5259040
-116.491,43.839,182.065,5259061
-115.723,43.633,181.195,5259082
-114.940,43.551,180.336,5259103
-114.208,43.366,179.428,5259124
-113.992,43.419,178.127,5259145
-113.781,43.333,176.857,5259166
-113.623,43.286,175.546,5259187
-113.513,43.456,174.178,5259208
-113.002,43.371,173.120,5259229
-112.959,43.353,171.750,5259250
-112.654,43.634,170.617,5259271
-112.465,44.043,169.395,5259292
-112.305,44.504,168.200,5259313
-112.511,44.938,166.767,5259334
-112.817,45.202,165.272,5259355
-113.192,45.456,163.700,5259376
-113.590,45.659,162.148,5259397
-114.075,45.832,160.535,5259418
-114.263,46.211,159.179,5259439
-114.419,46.158,157.832,5259460
-114.487,46.251,156.605,5259481
-114.588,46.340,155.345,5259502
-114.772,46.498,154.049,5259523
-115.216,46.738,152.558,5259544
-115.904,46.708,150.920,5259565
-116.603,46.547,149.282,5259586
-117.305,46.405,147.660,5259607
-117.971,46.183,146.088,5259628
-117.791,46.172,145.097,5259649
-117.682,45.969,144.072,5259670
-117.613,45.868,143.022,5259691
-117.650,45.796,141.850,5259712
-117.750,45.712,140.605,5259733
-117.880,45.485,139.291,5259754
-118.485,45.259,137.620,5259775
-119.029,44.925,135.948,5259796
-119.550,44.625,134.280,5259817
-120.082,44.408,132.563,5259838
-120.316,44.355,131.038,5259859
-120.296,44.031,129.681,5259880
-120.262,43.736,128.280,5259901
-120.274,43.487,126.796,5259922
-120.362,43.271,125.197,5259943
-120.778,42.792,123.328,5259964
-121.768,42.007,122.664,5259985
-122.683,41.193,121.907,5260006
-123.466,40.400,121.175,5260027
-124.176,39.690,120.408,5260048
-124.403,39.105,119.913,5260069
-124.528,38.742,119.423,5260090
-124.586,38.508,118.966,5260111
-124.693,38.483,118.448,5260132
-124.767,38.138,117.931,5260153
-124.960,38.124,117.308,5260174
-125.080,38.190,116.695,5260195
-125.141,38.174,116.077,5260216
-125.140,38.228,115.510,5260237
-125.101,38.364,114.929,5260258
-125.053,38.822,114.335,5260279
-124.768,39.428,113.838,5260300
-124.250,39.924,113.484,5260321
-123.698,40.529,113.150,5260342
-123.565,41.178,112.558,5260363
-122.901,41.712,112.308,5260384
-122.468,42.159,111.924,5260405
-122.002,42.611,111.536,5260426
-121.659,43.143,111.045,5260447
-121.285,44.029,110.567,5260468
-120.649,44.652,110.253,5260489
-120.040,45.167,109.901,5260510
-119.628,45.862,109.402,5260531
-119.409,46.560,108.773,5260552
-119.077,47.121,108.216,5260573
-118.888,47.691,107.558,5260594
-119.013,47.953,106.662,5260615
-119.040,48.009,105.839,5260636
-118.956,47.929,105.102,5260657
-119.005,47.893,104.254,5260678
-118.597,47.863,103.751,5260699
-118.304,47.556,103.179,5260720
-117.901,47.472,102.707,5260741
-117.575,47.381,102.166,5260762
-117.635,47.258,101.338,5260783
-117.270,46.945,100.840,5260804
-117.264,46.386,100.051,5260825
-117.121,45.802,99.339,5260846
-117.337,45.313,98.367,5260867
-117.605,45.099,97.367,5260888
-117.527,44.559,96.625,5260909
-117.901,44.312,95.575,5260930
-118.352,43.978,94.487,5260951
-118.590,43.844,93.562,5260972
-118.973,43.467,92.565,5260993
-119.301,43.063,91.620,5261014
-119.657,42.711,90.674,5261035
-119.669,42.311,89.983,5261056
-119.614,42.065,89.336,5261077
-120.023,41.921,88.363,5261098
-120.196,42.076,87.558,5261119
-120.340,42.259,86.770,5261140
-120.430,42.456,86.055,5261161
-120.578,42.735,85.309,5261182
-121.045,43.047,84.362,5261203
-121.057,43.139,83.755,5261224
-121.418,43.172,82.905,5261245
-121.573,43.185,82.193,5261266
-121.904,43.252,81.398,5261287
-121.885,43.392,80.859,5261308
-121.883,43.842,80.314,5261329
-122.117,44.007,79.599,5261350
-122.200,44.557,78.994,5261371
-122.260,45.107,78.415,5261392
-122.189,45.624,77.919,5261413
-122.166,45.749,77.389,5261434
-122.278,45.969,76.768,5261455
-122.387,46.197,76.161,5261476
-122.062,46.263,75.916,5261497
-122.151,46.628,75.348,5261518
-121.937,46.999,75.009,5261539
-121.674,47.265,74.671,5261560
-121.450,47.453,74.308,5261581
-121.555,47.329,73.693,5261602
-121.417,47.003,73.259,5261623
-121.064,46.657,72.997,5261644
-120.899,46.271,72.626,5261665
-120.527,45.899,72.400,5261686
-120.060,45.680,72.211,5261707
-119.881,45.688,71.830,5261728
-119.504,45.652,71.565,5261749
-119.308,45.630,71.168,5261770
-119.023,45.622,70.768,5261791
-118.784,45.651,70.311,5261812
-118.694,45.316,69.722,5261833
-118.498,44.963,69.197,5261854
-118.221,44.622,68.774,5261875
-118.145,44.364,68.193,5261896
-117.719,44.326,67.862,5261917
-117.565,44.543,67.340,5261938
-117.172,44.669,66.977,5261959
-117.206,44.751,66.310,5261980
-116.898,45.010,65.932,5262001
-116.811,45.316,65.414,5262022
-116.808,45.644,64.816,5262043
-116.793,45.529,64.182,5262064
-116.793,45.386,63.496,5262085
-116.878,45.228,62.704,5262106
-116.813,45.128,61.989,5262127
-117.115,45.028,61.009,5262148
-117.266,45.301,60.116,5262169
-117.669,45.352,59.073,5262190
-118.078,45.624,58.013,5262211
-118.375,45.934,57.015,5262232
-118.629,46.226,56.035,5262253
-118.914,46.074,55.015,5262274
-118.990,45.967,54.154,5262295
-119.098,45.836,53.252,5262316
-119.209,45.753,52.304,5262337
-119.368,45.879,51.335,5262358
-119.416,45.755,50.426,5262379
-119.650,45.486,49.350,5262400
-120.104,45.588,48.135,5262421
-120.588,45.657,46.925,5262442
-121.043,45.568,45.777,5262463
-121.414,45.466,44.655,5262484
-121.758,45.281,43.568,5262505
-121.864,44.987,42.637,5262526
-122.079,44.782,41.623,5262547
-121.960,44.816,40.872,5262568
-122.073,44.905,39.916,5262589
-122.058,44.897,39.089,5262610
-122.076,44.876,38.195,5262631
-122.147,44.856,37.251,5262652
-121.930,44.419,36.489,5262674
-121.685,43.996,35.687,5262695
-121.651,43.488,34.695,5262716
-121.508,43.070,33.684,5262737
-121.765,42.707,32.392,5262758
-122.070,42.576,30.962,5262779
-122.325,42.419,29.514,5262800
-122.552,42.227,28.048,5262821
-123.604,41.063,27.806,5262842
-124.354,40.263,27.625,5262863
-125.123,39.191,27.329,5262884
-125.748,38.226,27.061,5262905
-126.232,37.408,26.795,5262926
-126.746,36.633,26.445,5262947
-127.354,36.285,25.958,5262968
-127.789,36.005,25.499,5262989
-128.108,35.804,25.022,5263010
-128.496,35.731,24.500,5263031
-128.810,35.742,23.936,5263052
-128.863,35.941,23.498,5263073
-128.640,35.895,23.178,5263094
-128.317,36.106,22.912,5263115
-128.279,35.887,22.977,5263136
-128.251,35.817,22.985,5263157
-128.348,36.216,22.897,5263178
-128.403,36.638,22.761,5263199
-128.481,36.794,22.836,5263220
-128.239,37.289,23.101,5263241
-128.156,37.781,23.198,5263262
-127.669,38.350,23.495,5263283
-127.039,38.570,23.849,5263304
-126.292,39.034,24.252,5263325
-125.510,39.420,24.628,5263346
-124.706,39.950,25.006,5263367
-123.889,40.498,25.346,5263388
-123.102,41.062,25.649,5263409
-122.673,41.600,25.664,5263430
-122.247,42.040,25.601,5263451
-121.784,42.428,25.541,5263472
-121.360,43.033,25.425,5263493
-120.707,43.224,25.658,5263514
-119.921,43.560,25.969,5263535
-119.163,43.877,26.231,5263556
-118.438,44.220,26.440,5263577
-118.056,44.765,26.359,5263598
-117.441,45.079,26.402,5263619
-116.814,45.300,26.444,5263640
-116.688,45.558,26.102,5263661
-116.581,45.784,25.708,5263682
-116.501,45.870,25.284,5263703
-116.492,46.093,24.805,5263724
-116.039,46.193,24.624,5263745
-115.763,46.184,24.292,5263766
-115.721,46.185,23.714,5263787
-115.627,46.578,23.140,5263808
-115.366,46.748,22.629,5263829
-115.279,46.617,21.971,5263851
-115.566,46.677,21.064,5263872
-115.561,46.428,20.355,5263893
-115.386,46.264,19.760,5263914
-115.183,46.096,19.182,5263935
-114.914,46.054,18.654,5263956
-115.121,46.141,17.765,5263977
-115.015,46.226,17.098,5263998
-115.279,46.070,16.169,5264019
-115.604,45.999,15.163,5264040
-115.944,45.910,14.162,5264061
-116.364,45.741,13.093,5264082
-116.759,45.492,12.030,5264103
-116.824,45.049,11.193,5264124
-116.763,44.741,10.439,5264145
-116.685,44.458,9.672,5264166
-117.117,44.396,8.530,5264187
-117.482,44.094,7.434,5264208
-117.798,44.213,6.396,5264229
-117.986,44.332,5.476,5264250
-118.542,44.354,4.300,5264271
-119.006,44.257,3.229,5264292
-119.519,44.264,2.143,5264313
-119.609,44.459,1.346,5264334
-119.635,44.582,0.598,5264355
-119.636,44.720,359.882,5264376
-119.652,44.930,359.166,5264397
-120.042,45.007,358.159,5264418
-120.444,45.256,357.127,5264439
-120.409,45.575,356.381,5264460
-120.447,45.535,355.553,5264481
-120.641,45.662,354.614,5264502
-120.359,45.640,353.985,5264523
-120.138,45.599,353.290,5264544
-119.770,45.792,352.674,5264565
-119.443,46.013,352.006,5264586
-119.169,46.276,351.264,5264607
-118.953,46.506,350.459,5264628
-119.199,46.714,349.277,5264649
-119.448,46.909,348.065,5264670
-119.685,46.997,346.862,5264691
-119.803,47.036,345.707,5264712
-119.792,46.952,344.633,5264733
-119.513,46.825,343.710,5264754
-119.053,46.874,342.861,5264775
-118.670,47.062,341.945,5264796
-118.191,47.128,341.103,5264817
-118.169,46.998,339.920,5264838
-118.143,47.221,338.753,5264859
-118.352,47.248,337.430,5264881
-118.508,47.106,336.181,5264902
-118.576,46.878,335.002,5264923
-118.453,46.921,333.985,5264944
-118.402,46.988,332.920,5264965
-118.307,47.037,331.860,5264986
-118.588,46.899,330.547,5265007
-118.836,46.742,329.281,5265028
-118.812,46.391,328.215,5265049
-118.914,46.467,327.082,5265070
-118.793,46.437,326.130,5265091
-119.060,46.144,324.956,5265112
-119.529,46.057,323.632,5265133
-119.555,45.925,322.637,5265154
-119.660,45.890,321.598,5265175
-119.726,45.707,320.560,5265196
-119.803,45.529,319.509,5265217
-120.266,45.228,318.182,5265238
-120.677,44.961,316.868,5265259
-121.047,44.735,315.545,5265280
-121.088,44.314,314.427,5265301
-121.043,43.915,313.365,5265322
-120.822,43.657,312.415,5265343
-120.675,43.337,311.387,5265364
-120.584,43.470,310.306,5265385
-120.411,43.565,309.268,5265406
-120.044,43.561,308.342,5265427
-120.057,43.369,307.148,5265448
-120.113,43.270,305.911,5265469
-120.119,43.153,304.702,5265490
-120.113,43.119,303.506,5265511
-119.644,43.029,302.606,5265532
-119.177,43.145,301.690,5265553
-118.618,43.079,300.819,5265574
-118.291,43.379,299.736,5265595
-117.877,43.677,298.698,5265616
-117.742,43.761,297.442,5265637
-117.423,43.734,296.320,5265658
-117.242,44.055,295.101,5265679
-117.067,44.177,293.892,5265700
-116.878,44.278,292.633,5265721
-116.431,44.277,291.560,5265742
-116.038,44.254,290.436,5265763
-115.480,44.534,289.401,5265784
-115.064,44.900,288.265,5265805
-114.684,45.254,287.085,5265826
-114.138,45.399,286.022,5265847
-114.006,45.391,284.662,5265868
-113.927,45.462,283.263,5265889
-113.857,45.539,281.839,5265910
-113.789,45.143,280.122,5265931
-113.724,44.523,278.525,5265952
-113.439,44.173,277.116,5265973
-113.242,43.923,275.707,5265994
-113.492,43.972,274.027,5266015
-113.807,44.024,272.324,5266036
-113.857,44.010,270.832,5266057
-113.896,43.878,269.380,5266078
-114.337,43.593,267.661,5266099
-114.851,43.375,265.914,5266120
-115.062,43.100,264.409,5266141
-115.477,42.845,262.776,5266162
-115.725,42.823,261.260,5266183
-116.123,43.069,259.632,5266204
-116.814,43.416,257.807,5266225
-117.526,43.811,255.961,5266246
-117.976,44.178,254.307,5266267
-118.793,44.334,252.409,5266288
-119.585,44.510,250.518,5266309
-120.291,44.586,248.693,5266330
-120.582,44.595,247.139,5266351
-120.830,44.561,245.578,5266372
-121.132,44.470,243.949,5266393
-121.659,44.726,242.135,5266414
-122.257,44.741,240.214,5266435
-122.698,44.937,238.325,5266456
-123.072,45.081,236.360,5266477
-123.162,44.893,234.536,5266498
-123.244,44.581,232.644,5266519
-123.589,44.137,230.452,5266540
-123.878,43.646,228.261,5266561
-123.838,43.184,226.201,5266582
-123.697,42.924,224.123,5266603
-124.285,43.178,221.907,5266624
-125.126,43.204,219.462,5266645
-125.802,43.140,217.032,5266666
-125.918,43.119,214.929,5266687
-126.032,42.827,212.795,5266708
-126.821,42.237,211.694,5266729
-127.292,41.350,210.709,5266750
-127.273,40.692,209.954,5266771
-127.086,40.098,209.271,5266792
-127.756,39.804,207.873,5266813
-128.119,39.702,206.679,5266834
-128.437,39.573,205.489,5266855
-128.559,39.403,204.410,5266876
-128.555,39.365,203.373,5266897
-127.928,39.489,202.725,5266918
-127.392,39.440,202.029,5266939
-126.706,39.459,201.407,5266960
-125.761,39.593,200.935,5266981
-124.637,39.871,200.535,5267002
-123.386,40.314,200.210,5267023
-122.094,40.904,199.885,5267044
-121.154,41.456,199.314,5267065
-119.984,42.228,198.880,5267086
-118.679,43.005,198.563,5267107
-117.187,43.508,198.298,5267128
-115.770,43.850,198.000,5267149
-114.614,44.152,197.514,5267170
-113.285,44.734,197.197,5267191
-112.059,45.329,196.804,5267212
-111.295,45.997,196.082,5267233
-110.459,46.673,195.400,5267254
-109.957,47.158,194.487,5267275
-109.527,47.473,193.526,5267296
-109.201,47.762,192.491,5267317
-108.509,48.159,191.712,5267338
-107.878,48.429,190.906,5267359
-107.478,48.516,189.905,5267380
-107.027,48.678,188.994,5267401
-106.633,48.757,188.012,5267422
-106.377,48.948,186.934,5267443
-106.602,48.849,185.470,5267464
-106.887,48.688,183.982,5267485
-107.211,48.470,182.470,5267506
-107.621,48.275,180.923,5267527
-107.603,47.913,179.677,5267548
-107.853,47.804,178.249,5267569
-107.963,47.488,176.955,5267590
-108.146,47.237,175.591,5267611
-108.407,46.980,174.155,5267632
-108.716,46.455,172.694,5267653
-109.522,46.077,170.910,5267674
-110.323,45.608,169.131,5267695
-111.186,45.170,167.338,5267716
-112.032,44.751,165.593,5267737
-112.937,44.398,163.820,5267758
-113.483,43.892,162.304,5267779
-114.024,43.458,160.781,5267800
-114.760,43.466,159.101,5267821
