2,0.034,-3.780,0.617,181342639
0,169.557,-5.024,245.669,181365630
1,1.311,1.749,-9.289,181388630
2,0.138,-3.759,0.544,181388630
0,170.623,3.513,243.141,181411631
1,-0.314,1.612,-9.362,181434631
2,0.559,-3.347,0.315,181457630
0,172.942,16.544,240.257,181480635
1,-2.869,1.168,-10.525,181503631
2,1.808,-5.237,0.363,181526632
0,179.370,36.488,237.505,181549632
1,-4.803,0.563,-7.755,181549632
2,1.851,-5.324,0.355,181572634
0,-177.658,49.145,236.457,181595629
1,-7.444,-0.323,-5.650,181618630
2,1.230,-3.617,0.297,181641630
0,-175.257,56.852,236.192,181641630
1,-7.853,-0.351,-3.821,181664632
2,0.416,-1.698,0.401,181687632
0,-177.037,59.080,234.113,181710630
1,-8.920,-0.449,-4.365,181733630
2,-0.191,0.824,0.140,181733630
0,-178.590,46.566,235.152,181779631
1,-8.353,-0.165,-4.522,181779631
2,-0.671,3.803,-0.314,181802629
0,-179.700,36.104,236.239,181825634
1,-6.812,-0.042,-6.694,181848631
2,-0.816,5.058,-0.458,181871631
0,178.319,17.805,238.619,181894630
1,-5.089,0.083,-8.068,181894630
2,-0.793,5.084,-0.642,181917631
0,177.412,7.363,240.782,181940632
1,-1.901,0.300,-9.983,181963631
2,-0.586,4.595,-0.959,181986631
0,176.179,-3.605,243.774,181986631
1,0.101,0.589,-9.776,182009632
2,-0.526,3.955,-0.955,182032632
0,173.691,-16.238,248.057,182055631
1,2.411,1.007,-9.210,182078631
2,-0.452,3.300,-0.910,182101634
0,171.435,-23.797,251.372,182101634
1,3.837,1.261,-8.671,182124630
2,-0.533,2.949,-0.826,182147632
0,166.586,-33.523,256.776,182170632
1,5.467,2.132,-7.152,182193633
2,-0.544,2.320,-0.712,182193633
0,164.314,-36.458,259.012,182216631
1,6.004,2.311,-7.332,182239642
2,-0.200,0.631,-0.199,182262632
0,164.347,-35.967,258.603,182285633
1,6.272,2.430,-7.542,182308629
2,0.337,-1.850,0.462,182308629
0,168.364,-28.037,253.665,182331632
1,5.504,1.790,-9.213,182354630
2,0.103,-4.211,0.939,182377630
0,170.942,-12.455,246.768,182400632
1,4.315,1.884,-8.747,182400632
2,0.426,-5.144,0.944,182423631
0,173.182,-0.782,243.473,182446630
1,0.516,1.273,-9.268,182469631
2,0.229,-4.364,0.730,182492632
0,172.953,13.870,239.204,182515629
1,-1.039,1.186,-8.909,182515629
2,0.253,-4.559,0.751,182538632
0,173.426,25.478,236.312,182561633
1,-3.995,1.109,-7.733,182584631
2,0.675,-4.409,0.656,182607632
0,172.963,40.592,231.811,182630632
1,-5.676,0.943,-6.495,182630632
2,0.592,-4.259,0.673,182653631
0,172.267,48.394,228.788,182676631
1,-7.382,0.916,-5.219,182699633
2,0.484,-2.882,0.149,182722631
0,172.303,56.555,226.574,182745627
1,-9.375,0.780,-5.118,182745627
2,0.423,-0.989,0.041,182768631
0,173.625,53.395,228.267,182791632
1,-8.643,0.474,-5.234,182814632
2,-0.118,2.303,-0.354,182814632
0,175.761,43.263,232.108,182837631
1,-6.952,0.585,-5.711,182860635
2,-0.179,3.950,-0.276,182883631
0,176.043,28.569,234.250,182906632
1,-6.392,0.627,-7.634,182906632
2,-0.362,4.686,-0.416,182929632
0,175.232,18.336,236.268,182952632
1,-3.935,0.779,-8.576,182975632
2,-0.906,4.155,-0.541,182998632
0,172.380,3.430,240.253,183021630
1,-2.421,1.011,-9.383,183021630
2,-0.970,4.810,-0.826,183044630
0,170.131,-7.022,243.927,183067633
1,0.964,1.742,-9.956,183090631
2,-0.574,3.909,-0.797,183113638
0,167.222,-19.806,249.232,183136631
1,2.656,1.948,-9.723,183136631
2,-0.502,4.080,-0.754,183159631
0,164.237,-28.327,253.389,183182631
1,4.604,2.370,-8.205,183205632
2,-0.527,3.724,-0.658,183228631
0,158.524,-38.777,260.246,183251631
1,5.900,2.911,-6.243,183251631
2,-0.310,2.021,-0.439,183274634
0,158.217,-38.903,260.560,183297632
1,7.087,3.216,-6.737,183320629
2,0.313,-1.200,0.226,183343631
0,160.967,-35.373,257.609,183343631
1,6.617,2.959,-7.031,183366630
2,0.460,-2.646,0.439,183389630
0,166.009,-24.373,251.275,183412632
1,5.022,2.474,-8.645,183435632
2,0.729,-4.190,0.752,183435632
0,169.633,-14.742,246.958,183458630
1,3.533,1.879,-8.860,183481638
2,0.785,-3.424,0.539,183504632
0,172.852,-3.192,243.116,183527632
1,0.804,1.363,-9.292,183550642
2,0.996,-4.782,0.914,183550642
0,175.403,9.592,239.256,183573631
1,-1.431,1.000,-8.702,183596634
2,0.807,-4.576,0.960,183619632
0,176.245,19.645,236.345,183619632
1,-3.533,0.584,-8.771,183642631
2,0.781,-5.194,1.024,183665632
0,176.707,38.083,231.365,183688632
1,-5.736,0.570,-6.639,183711630
2,0.914,-5.426,0.834,183734632
0,176.162,50.998,227.629,183734632
1,-7.843,0.526,-5.396,183757629
2,0.732,-4.497,0.646,183780630
0,173.534,63.784,221.997,183803636
1,-9.265,0.481,-3.201,183826630
2,0.218,-1.497,0.256,183849632
0,172.457,65.688,220.640,183849632
1,-9.343,0.565,-2.648,183872632
2,0.005,0.177,-0.051,183895634
0,175.190,60.600,224.149,183918631
1,-9.468,0.353,-2.900,183918631
2,-0.312,3.626,-0.483,183941630
0,176.884,47.477,228.294,183964631
1,-8.063,0.540,-4.992,183987630
2,-0.612,5.048,-0.619,184010630
0,177.760,30.048,232.708,184033638
1,-6.412,0.406,-8.020,184056630
2,-0.466,4.939,-0.939,184079632
0,177.817,19.161,235.624,184079632
1,-4.299,0.332,-8.609,184102635
2,-0.655,4.421,-1.021,184125633
0,176.458,4.169,240.745,184148632
1,-1.235,0.555,-9.001,184171632
2,-0.976,4.787,-1.446,184171632
0,173.635,-7.127,245.216,184194632
1,1.062,1.205,-8.856,184216629
2,-1.036,4.183,-1.146,184239632
0,170.162,-16.537,249.151,184239632
1,2.605,1.608,-9.344,184262631
2,-0.906,3.712,-0.950,184285631
0,164.511,-28.539,255.698,184308631
1,4.052,2.375,-8.145,184308631
2,-0.745,3.615,-0.996,184331629
0,160.215,-35.242,260.523,184354632
1,5.648,2.847,-7.217,184377632
2,-0.755,3.368,-0.744,184377632
0,154.614,-42.286,266.326,184400632
1,7.373,3.632,-6.012,184423631
2,-0.043,0.673,0.111,184446632
0,155.211,-42.922,265.664,184446632
1,7.062,3.633,-5.338,184469630
2,0.386,-2.009,0.365,184492632
0,160.436,-34.284,259.349,184515629
1,6.156,3.252,-6.701,184538629
2,0.356,-3.858,0.363,184561629
0,163.049,-25.456,255.108,184561629
1,4.942,2.809,-8.083,184584631
2,0.541,-4.120,0.498,184607631
0,166.657,-11.995,249.327,184630632
1,2.630,2.521,-9.009,184653630
2,0.515,-4.124,0.619,184653630
0,168.660,-1.096,245.088,184676633
1,0.252,2.100,-10.013,184699632
2,0.888,-5.275,0.634,184722632
0,171.550,16.551,239.940,184745632
1,-2.224,1.512,-8.696,184768631
2,1.078,-5.149,0.613,184768631
0,172.427,29.291,236.119,184791638
1,-4.980,0.958,-8.527,184814630
2,1.050,-5.554,0.646,184837631
0,173.141,49.160,230.339,184860627
1,-6.517,0.586,-7.255,184860627
2,1.350,-5.366,0.624,184883632
0,171.916,60.290,225.435,184906631
1,-8.325,0.614,-4.054,184929634
2,0.788,-3.017,0.497,184952631
0,169.845,66.085,220.615,184975632
1,-9.162,0.587,-3.182,184975632
2,0.364,-0.452,0.109,184998632
0,172.041,62.523,223.162,185021631
1,-9.319,0.758,-2.782,185044632
2,-0.394,4.115,-0.634,185067631
0,175.390,51.027,228.820,185067631
1,-8.059,0.828,-4.631,185090632
2,-0.490,4.194,-0.397,185113631
0,176.275,36.151,232.380,185136631
1,-8.038,0.550,-7.034,185136631
2,-0.281,4.602,-0.599,185159631
0,177.176,26.257,235.091,185182632
1,-5.842,0.358,-7.853,185205631
2,-0.596,4.396,-0.841,185228632
0,176.240,10.182,240.081,185251633
1,-2.725,0.451,-8.088,185274632
2,-0.926,6.235,-1.531,185297632
0,173.947,-5.275,245.238,185297632
1,-0.151,0.836,-9.354,185320633
2,-1.005,6.223,-1.639,185343634
0,168.235,-24.909,254.098,185366630
1,4.103,2.298,-7.726,185389630
2,-0.745,5.343,-1.365,185389630
0,163.230,-35.659,260.396,185412642
1,6.490,3.141,-6.642,185435631
2,-0.800,4.201,-0.738,185458631
0,155.762,-45.940,267.289,185481631
1,8.061,3.875,-5.485,185481631
2,-0.762,1.636,0.093,185503632
0,155.914,-45.739,265.029,185526632
1,7.365,3.062,-5.136,185549631
2,-0.043,-1.271,0.247,185572630
0,160.086,-38.820,259.912,185595633
1,7.234,3.052,-5.233,185595633
2,0.459,-3.570,0.428,185618632
0,164.838,-28.082,254.060,185641632
1,5.497,2.550,-7.988,185664631
2,0.529,-4.546,0.564,185664631
0,168.741,-12.431,247.643,185710642
1,3.131,2.198,-8.871,185733631
2,0.503,-5.258,0.874,185733631
0,170.532,0.093,243.041,185756630
1,0.788,1.727,-10.003,185779632
2,0.863,-5.081,0.683,185802631
0,173.632,16.065,238.565,185825632
1,-1.105,1.507,-8.224,185848631
2,1.087,-4.708,0.646,185848631
0,174.762,35.859,233.172,185894633
1,-4.890,0.925,-7.694,185894633
2,1.053,-6.258,0.810,185917629
0,174.187,50.477,228.917,185940634
1,-7.484,0.775,-5.560,185963632
2,0.791,-5.275,0.771,185986630
0,169.169,65.564,220.574,186009634
1,-9.234,0.612,-3.744,186009634
2,0.492,-3.334,0.409,186032630
0,167.089,69.187,217.653,186055632
1,-9.566,0.812,-2.341,186078638
2,0.233,-1.074,0.191,186078638
0,167.984,67.829,218.564,186101632
1,-9.528,0.850,-1.838,186124628
2,-0.189,2.162,-0.236,186147630
0,172.571,57.149,225.190,186170630
1,-9.192,0.747,-3.976,186193631
2,-0.429,4.028,-0.396,186193631
0,174.671,45.483,229.327,186216630
1,-7.981,0.730,-5.370,186239629
2,-0.499,5.546,-0.607,186262631
0,176.420,25.854,234.047,186285632
1,-5.974,0.677,-7.885,186285632
2,0.116,4.812,-0.522,186308632
0,177.945,17.852,235.514,186331632
1,-4.391,0.369,-9.115,186354633
2,0.151,3.824,-0.582,186354633
0,177.878,8.222,237.911,186377630
1,-2.346,0.383,-8.926,186400631
2,-0.500,4.547,-0.951,186423632
0,175.660,-7.234,242.209,186446631
1,0.530,0.672,-9.425,186469631
2,-0.475,4.429,-1.045,186469631
0,173.545,-18.275,246.101,186492632
1,2.972,1.204,-8.238,186515629
2,-0.313,3.685,-1.029,186538633
0,170.536,-28.826,251.064,186561632
1,4.897,1.601,-7.658,186584631
2,-0.281,2.261,-0.735,186607631
0,167.750,-33.733,254.575,186630629
1,6.288,2.054,-6.913,186630629
2,0.061,-0.244,-0.214,186653632
0,169.625,-28.583,252.441,186676639
1,5.740,1.927,-7.788,186699632
2,0.323,-3.501,0.572,186722632
0,172.759,-13.820,247.160,186745631
1,4.143,1.509,-8.750,186745631
2,0.435,-4.865,0.748,186768630
0,174.936,-1.339,244.233,186791632
1,1.303,1.001,-9.365,186814631
2,0.725,-5.028,0.541,186814631
0,176.760,18.183,240.531,186860643
1,-1.640,0.781,-9.473,186860643
2,0.754,-5.926,0.677,186883631
0,177.862,30.934,238.487,186906631
1,-4.032,0.602,-7.875,186929630
2,0.808,-4.951,0.591,186929630
0,177.716,42.180,235.582,186952631
1,-6.048,0.441,-7.028,186975632
2,0.936,-4.894,0.776,186998629
0,176.800,58.762,230.082,187021632
1,-7.548,0.395,-5.060,187021632
2,0.903,-4.452,0.771,187044632
0,174.263,67.654,225.079,187067630
1,-9.385,0.360,-2.571,187090630
2,0.454,-1.762,0.225,187113631
0,173.908,70.454,223.794,187113631
1,-9.504,0.465,-2.540,187136632
2,0.052,0.221,0.037,187159631
0,175.652,65.887,226.250,187182631
1,-9.436,0.464,-3.027,187205629
2,-0.370,3.622,-0.496,187228632
0,178.340,50.507,231.382,187251633
1,-8.814,0.326,-4.729,187251633
2,-0.396,4.472,-0.558,187274631
0,179.240,40.095,233.718,187297631
1,-7.532,0.122,-6.725,187320630
2,-0.687,5.510,-0.884,187343632
0,179.046,27.299,236.537,187343632
1,-5.835,0.172,-8.190,187366632
2,-0.757,5.272,-0.931,187389631
0,177.584,9.672,240.387,187412632
1,-2.177,0.379,-9.304,187435632
2,-0.712,4.638,-0.807,187458632
0,175.979,-1.085,242.750,187458632
1,-0.517,0.655,-8.983,187481633
2,-0.667,3.860,-0.819,187504630
0,173.477,-13.586,246.668,187527630
1,2.578,1.072,-10.110,187550632
2,-0.316,4.361,-0.772,187573632
0,170.738,-28.390,251.582,187596633
1,4.710,1.599,-8.042,187619634
2,-0.180,3.368,-0.686,187619634
0,168.330,-35.150,254.860,187642632
1,5.486,1.751,-6.842,187665630
2,-0.366,2.791,-0.771,187688630
0,163.582,-42.131,260.298,187711631
1,7.278,2.296,-5.862,187711631
2,-0.127,1.049,-0.387,187734631
0,164.078,-41.218,259.907,187757632
1,7.269,2.487,-5.630,187780631
2,0.316,-2.651,0.336,187803632
0,169.093,-28.849,253.597,187826630
1,6.459,2.215,-6.863,187826630
2,0.458,-4.245,0.753,187849631
0,171.556,-17.870,249.063,187872630
1,3.754,1.531,-8.705,187895632
2,0.401,-5.437,1.070,187918630
0,173.383,-4.914,244.682,187918630
1,1.311,1.193,-9.383,187941633
2,0.598,-5.399,0.924,187964632
0,175.444,13.679,240.056,187987631
1,-0.641,0.936,-9.377,187987631
2,0.699,-5.442,0.861,188010634
0,176.285,26.168,237.230,188033632
1,-3.805,0.634,-8.646,188056631
2,0.739,-4.874,0.648,188056631
0,177.111,36.861,235.087,188079630
1,-5.604,0.419,-7.637,188102632
2,0.910,-4.876,0.656,188125631
0,177.455,48.195,232.395,188125631
1,-7.089,0.250,-6.141,188148632
2,0.698,-3.610,0.511,188171631
0,176.921,57.759,229.360,188194631
1,-8.377,0.319,-4.559,188217631
2,0.218,-0.939,0.185,188240636
0,176.643,58.900,228.760,188240636
1,-8.868,0.129,-4.825,188263632
2,-0.148,1.487,-0.167,188286632
0,178.413,48.701,232.324,188309629
1,-7.920,0.224,-5.253,188332631
2,-0.639,4.942,-0.685,188355633
0,178.521,36.065,235.104,188355633
1,-6.890,0.210,-6.982,188378631
2,-0.879,5.430,-0.890,188401636
0,176.999,17.066,239.820,188424631
1,-3.679,0.600,-8.287,188447634
2,-0.967,4.782,-0.993,188470631
0,175.191,6.389,242.820,188470631
1,-1.405,0.849,-9.425,188493632
2,-0.817,3.879,-0.866,188516630
0,172.208,-6.126,246.767,188539630
1,1.054,1.432,-9.364,188562631
2,-0.883,3.379,-0.669,188562631
0,169.675,-13.404,249.287,188585635
1,2.398,1.725,-9.031,188608634
2,-0.824,3.917,-0.642,188631631
0,164.605,-27.399,255.174,188654632
1,4.684,2.486,-7.488,188677632
2,-0.663,3.516,-0.719,188677632
0,161.361,-33.257,259.281,188700632
1,6.391,3.004,-6.976,188723631
2,-0.107,1.295,-0.393,188746631
0,160.726,-34.429,260.664,188769631
1,6.831,3.118,-7.133,188792632
2,0.421,-1.548,0.193,188815631
0,163.205,-30.212,258.077,188815631
1,6.377,3.040,-7.662,188838634
2,0.645,-3.289,0.594,188861631
0,168.154,-17.953,251.601,188884633
1,4.119,2.259,-8.742,188907632
2,0.740,-4.225,0.868,188907632
0,170.773,-7.529,247.208,188930629
1,1.971,1.723,-8.896,188953632
2,0.743,-5.039,0.999,188976632
0,173.364,9.713,241.645,188999631
1,-1.106,1.266,-9.139,189022630
2,0.582,-4.371,0.788,189022630
0,173.328,19.495,238.708,189045628
1,-3.062,1.210,-8.990,189068631
2,0.612,-4.711,0.668,189091629
0,173.330,35.570,234.306,189114635
1,-5.624,1.064,-7.434,189137629
2,0.621,-4.396,0.561,189137629
0,172.866,46.250,231.080,189160632
1,-7.313,0.900,-6.304,189183628
2,0.650,-4.161,0.319,189206632
0,171.424,59.480,226.644,189229627
1,-8.125,0.688,-5.124,189229627
2,0.398,-2.761,0.251,189252631
0,169.858,63.419,224.308,189275631
1,-9.122,0.679,-3.528,189298631
2,0.260,-1.612,0.212,189298631
0,169.453,64.383,223.506,189321631
1,-9.611,0.609,-3.327,189344634
2,-0.161,1.802,-0.200,189367638
0,172.592,54.700,228.587,189390632
1,-8.628,0.684,-4.528,189413630
2,-0.426,4.161,-0.335,189436630
0,174.024,44.708,231.792,189436630
1,-7.949,0.730,-6.065,189459631
2,-0.526,5.500,-0.561,189482630
0,174.435,25.865,236.508,189505632
1,-5.284,0.915,-8.215,189528632
2,-0.485,4.522,-0.618,189551630
0,174.329,16.076,239.028,189551630
1,-3.534,0.906,-9.311,189573630
2,-0.444,4.709,-0.750,189596632
0,172.856,-0.350,243.516,189619631
1,-0.756,1.189,-9.288,189642632
2,-0.631,4.302,-0.913,189665630
0,169.741,-14.813,249.038,189688631
1,1.528,1.577,-9.473,189688631
2,-0.571,4.402,-0.966,189711630
0,167.020,-24.059,253.129,189734632
1,3.887,2.142,-8.284,189757634
2,-0.531,3.987,-0.764,189757634
0,163.666,-31.903,257.395,189780629
1,5.637,2.551,-6.826,189803631
2,-0.229,1.678,-0.398,189826631
0,161.956,-34.948,259.524,189849627
1,6.471,2.688,-6.811,189872632
2,-0.055,0.556,-0.197,189872632
0,162.683,-33.253,258.743,189895638
1,6.585,2.705,-7.072,189918632
2,0.513,-3.054,0.455,189941630
0,167.870,-21.362,252.452,189964632
1,5.441,2.393,-8.434,189964632
2,0.552,-3.485,0.641,189987638
0,169.546,-13.208,249.071,190010630
1,2.935,2.021,-8.825,190033633
2,0.581,-4.830,1.034,190056634
0,171.422,-1.411,244.508,190056634
1,0.940,1.675,-9.051,190079630
2,0.240,-3.666,0.907,190102632
0,171.002,10.718,239.886,190125630
1,-1.148,1.557,-8.629,190125630
2,0.099,-4.285,0.745,190148632
0,170.833,22.543,236.379,190171630
1,-3.646,1.535,-8.668,190194632
2,0.366,-4.998,0.638,190217632
0,168.991,40.287,230.160,190240632
1,-5.403,1.448,-7.682,190240632
2,0.593,-5.502,0.679,190263630
0,166.825,52.891,224.279,190286631
1,-7.323,1.166,-5.595,190309630
2,1.412,-5.168,0.454,190332632
0,161.277,67.915,212.575,190355630
1,-8.941,1.153,-3.550,190355630
2,0.798,-3.087,0.425,190378632
0,157.353,70.921,207.300,190401634
1,-10.016,1.221,-2.162,190424631
2,0.364,-1.146,0.267,190424631
0,158.559,69.426,208.811,190447629
1,-10.452,1.154,-2.276,190470631
2,-0.340,2.738,-0.543,190493631
0,168.996,57.882,222.523,190516631
1,-9.488,0.903,-4.261,190539630
2,-0.584,3.939,-0.619,190539630
0,172.505,47.362,228.716,190562632
1,-8.313,0.765,-5.878,190585631
2,-0.567,5.376,-1.059,190608632
0,175.078,28.070,236.143,190631631
1,-5.727,0.824,-7.665,190654631
2,-0.643,5.327,-0.965,190677632
0,174.795,16.651,239.524,190677632
1,-4.067,0.827,-8.569,190700639
2,-0.871,5.237,-1.055,190723631
0,172.148,-1.844,245.513,190746630
1,-1.626,1.087,-9.459,190746630
2,-0.923,5.769,-1.135,190769629
0,169.450,-14.700,250.135,190792632
1,1.851,1.709,-8.847,190815631
2,-0.668,5.371,-1.021,190838631
0,163.882,-32.062,258.270,190861632
1,3.991,2.272,-7.458,190861632
2,-0.528,4.458,-0.861,190883632
0,160.668,-37.890,262.264,190906630
1,6.664,2.957,-6.062,190929632
2,-0.221,1.468,-0.353,190952632
0,159.592,-38.812,263.405,190975630
1,7.503,3.260,-5.691,190975630
2,0.233,-1.397,0.087,190998629
0,163.708,-30.540,258.564,191021632
1,6.157,2.785,-7.193,191044634
2,0.720,-4.632,0.640,191067631
0,167.950,-18.870,253.282,191067631
1,4.148,1.968,-9.470,191090634
2,0.570,-3.577,0.491,191113631
0,170.472,-6.395,249.116,191136629
1,1.307,1.434,-9.408,191159633
2,0.631,-4.876,0.664,191159633
0,172.592,5.419,245.933,191182631
1,-0.241,1.523,-8.723,191205630
2,0.658,-4.937,0.686,191228631
0,173.592,23.362,241.012,191251632
1,-3.769,1.075,-9.304,191274627
2,0.949,-5.545,0.762,191297632
0,173.363,43.602,234.790,191320630
1,-5.432,1.042,-7.517,191320630
2,0.936,-6.326,0.987,191343632
0,170.729,57.994,228.472,191366630
1,-8.217,0.822,-5.252,191389631
2,0.734,-4.556,0.602,191412632
0,163.764,70.265,218.181,191435630
1,-8.913,0.655,-3.438,191435630
2,0.789,-2.725,0.429,191458631
0,161.594,72.326,214.091,191481630
1,-9.624,1.172,-1.810,191504630
2,0.374,-0.217,0.092,191504630
0,166.064,68.841,219.191,191527631
1,-9.166,1.065,-2.212,191550629
2,-0.444,3.031,-0.433,191573632
0,172.751,55.076,229.432,191596635
1,-8.847,0.696,-4.827,191619632
2,-0.784,5.372,-0.789,191619632
0,175.142,40.083,235.260,191642630
1,-7.531,0.656,-7.015,191665632
2,-0.729,6.309,-0.787,191688630
0,175.444,17.941,240.719,191711630
1,-4.844,0.848,-8.383,191734632
2,-0.809,6.974,-1.144,191734632
0,172.866,-3.081,246.897,191780627
1,-1.164,1.288,-8.677,191780627
2,-0.639,4.812,-0.911,191803631
0,171.325,-12.698,249.923,191826632
1,2.346,1.728,-9.063,191849632
2,-0.566,4.567,-0.693,191872632
0,168.773,-23.289,253.443,191872632
1,3.634,1.922,-8.357,191895631
2,-0.425,4.390,-0.749,191918632
0,164.389,-36.071,259.635,191941634
1,6.614,2.477,-6.494,191964632
2,-0.138,1.848,-0.257,191987631
0,163.213,-38.965,261.037,192010636
1,7.366,2.672,-6.161,192010636
2,0.092,-0.502,0.047,192033630
0,165.627,-32.898,257.990,192056632
1,6.333,2.455,-7.050,192079632
2,0.313,-3.437,0.380,192102632
0,168.026,-24.117,254.489,192102632
1,4.967,2.112,-8.026,192125632
2,0.419,-3.994,0.427,192148634
0,170.824,-8.895,249.682,192171635
1,1.979,1.687,-8.856,192194631
2,0.600,-5.602,0.747,192217632
0,172.532,4.876,245.798,192217632
1,-0.197,1.377,-9.599,192240629
2,0.623,-4.979,0.601,192263638
0,173.763,21.135,241.790,192286630
1,-1.982,1.242,-9.570,192286630
2,0.877,-4.717,0.650,192309632
0,174.653,32.954,238.341,192332631
1,-4.809,0.901,-8.421,192355641
2,1.044,-4.976,0.944,192378629
0,174.287,44.609,233.916,192378629
1,-6.616,0.755,-6.395,192401632
2,1.352,-5.256,0.943,192424632
0,172.190,61.997,225.517,192447632
1,-8.854,0.759,-4.402,192470632
2,0.949,-4.021,0.556,192493631
0,167.898,70.909,218.786,192493631
1,-9.465,0.771,-2.860,192516630
2,0.087,-1.090,0.070,192539632
0,168.710,70.135,220.746,192562631
1,-9.600,0.691,-2.160,192562631
2,-0.425,1.315,-0.302,192585631
0,172.949,63.066,227.363,192608632
1,-9.217,0.538,-3.424,192631632
2,-1.085,5.114,-0.703,192654631
0,175.940,42.329,235.677,192677632
1,-8.295,0.442,-5.521,192677632
2,-0.960,6.409,-0.804,192700629
0,175.611,25.969,239.490,192723632
1,-5.962,0.712,-7.711,192746630
2,-0.981,6.641,-0.974,192769631
0,174.440,11.400,243.257,192769631
1,-3.528,0.992,-8.835,192792631
2,-0.696,5.922,-1.115,192815631
0,172.420,-7.234,249.152,192838631
1,-0.131,1.260,-9.305,192838631
2,-0.485,4.691,-0.879,192861632
0,170.525,-17.593,252.693,192884631
1,3.075,1.689,-8.198,192907629
2,-0.493,5.056,-0.956,192907629
0,166.521,-30.792,258.261,192953627
1,5.090,2.218,-7.572,192953627
2,-0.264,2.483,-0.470,192976630
0,164.982,-34.577,260.285,192999634
1,6.500,2.551,-7.035,193022631
2,-0.193,2.113,-0.398,193022631
0,164.006,-36.845,261.714,193045631
1,7.370,2.823,-5.973,193068631
2,0.372,-2.591,0.380,193091632
0,167.188,-29.087,257.796,193091632
1,6.161,2.489,-7.029,193114632
2,0.455,-4.283,0.720,193137631
0,170.775,-13.054,251.652,193160630
1,4.027,1.927,-8.295,193160630
2,0.515,-4.980,0.744,193183632
0,172.345,0.651,247.601,193206632
1,0.599,1.253,-9.934,193229631
2,0.612,-6.162,1.020,193229631
0,173.776,14.133,243.504,193252632
1,-1.282,1.195,-8.985,193275631
2,0.691,-5.250,0.900,193298632
0,174.137,30.710,238.497,193321629
1,-3.760,0.825,-9.214,193321629
2,0.673,-4.596,0.795,193344633
0,173.319,41.926,234.465,193367629
1,-4.932,0.923,-7.815,193367629
2,0.933,-5.298,0.959,193390632
0,171.915,53.543,229.329,193413629
1,-7.656,0.915,-5.295,193436633
2,0.600,-4.027,0.768,193459632
0,168.218,61.593,223.672,193459632
1,-9.418,0.722,-4.537,193482632
2,0.539,-2.570,0.288,193505634
0,166.328,67.285,220.186,193528632
1,-9.049,0.884,-2.616,193550631
2,0.096,-0.369,0.071,193573631
0,165.859,67.350,219.689,193573631
1,-9.576,0.874,-2.915,193596631
2,-0.120,1.310,-0.217,193619631
0,171.641,58.687,227.487,193642632
1,-8.903,0.806,-3.574,193665632
2,-0.638,4.323,-0.757,193665632
0,174.016,45.635,233.533,193688633
1,-7.471,0.744,-5.758,193711631
2,-0.831,5.640,-0.806,193734632
0,174.640,24.851,239.584,193757631
1,-5.222,0.869,-8.310,193780629
2,-0.857,6.314,-0.942,193780629
0,173.587,10.682,243.386,193803632
1,-2.733,1.055,-9.204,193826631
2,-0.763,5.443,-0.921,193849631
0,172.324,-1.188,246.899,193849631
1,-0.199,1.281,-9.577,193872634
2,-0.510,5.011,-0.879,193895632
0,170.203,-16.081,251.801,193918634
1,2.253,1.538,-8.865,193918634
2,-0.303,3.236,-0.610,193941630
0,168.721,-22.816,254.481,193964634
1,4.202,1.766,-8.004,193987635
2,-0.314,3.496,-0.650,193987635
0,166.582,-29.348,257.509,194010629
1,5.409,2.121,-7.458,194032639
2,-0.162,1.421,-0.315,194055631
0,165.405,-31.771,258.897,194078633
1,6.137,2.442,-7.094,194101631
2,0.183,-1.767,0.179,194124631
0,168.342,-21.622,254.437,194147627
1,5.493,2.348,-7.687,194147627
2,0.406,-3.911,0.645,194170630
0,170.559,-11.636,250.586,194193630
1,2.813,1.800,-8.827,194216631
2,0.390,-4.420,0.723,194216631
0,171.364,-0.408,247.089,194239632
1,0.597,1.438,-9.347,194262631
2,0.517,-5.271,0.807,194285632
0,172.419,12.309,243.367,194285632
1,-1.378,1.283,-9.425,194308631
2,0.571,-5.288,0.785,194331632
0,172.460,30.797,238.030,194354632
1,-3.491,1.146,-8.939,194354632
2,0.724,-5.512,0.768,194377632
0,172.399,42.806,234.119,194400632
1,-5.489,0.981,-8.095,194400632
2,0.879,-5.011,0.667,194423631
0,170.899,54.607,229.309,194446641
1,-7.620,0.923,-5.728,194469630
2,0.924,-5.284,0.638,194469630
0,167.604,65.713,222.828,194492631
1,-8.949,0.912,-3.628,194514634
2,0.715,-2.706,0.197,194537632
0,166.211,70.576,219.459,194560632
1,-9.650,0.742,-2.101,194583631
2,-0.014,0.836,-0.145,194606634
0,169.056,67.194,223.035,194606634
1,-9.686,0.673,-2.400,194629631
2,-0.281,2.608,-0.392,194652632
0,174.447,55.225,230.907,194675631
1,-9.099,0.595,-3.532,194675631
2,-0.633,4.743,-0.690,194698630
0,175.760,41.022,235.430,194721632
1,-7.625,0.586,-6.446,194744631
2,-0.805,6.349,-0.955,194767632
0,175.568,18.598,241.531,194790631
1,-5.637,0.676,-8.077,194790631
2,-0.955,6.373,-1.103,194813632
0,173.968,5.525,245.054,194836632
1,-1.539,1.009,-9.145,194859631
2,-0.681,4.493,-0.850,194882629
0,171.808,-7.947,249.231,194905627
1,0.741,1.310,-9.158,194905627
2,-0.517,3.445,-0.663,194928631
0,170.440,-13.492,251.321,194951631
1,2.728,1.611,-9.318,194974631
2,-0.483,3.055,-0.654,194997634
0,166.797,-25.469,256.405,195020633
1,4.716,2.232,-7.454,195043631
2,-0.617,4.212,-0.703,195043631
0,163.353,-33.714,260.413,195066635
1,6.266,2.771,-7.001,195089631
2,-0.060,0.087,-0.100,195112631
0,165.294,-28.469,257.745,195135633
1,5.856,2.521,-7.789,195158630
2,0.347,-2.796,0.433,195158630
0,167.916,-20.061,253.836,195181630
1,4.284,2.128,-8.527,195204635
2,0.504,-3.756,0.553,195227631
0,170.709,-6.706,249.063,195250632
1,1.479,1.672,-8.786,195273632
2,0.569,-5.134,0.781,195273632
0,172.252,7.372,244.863,195296630
1,-0.473,1.341,-9.894,195319632
2,0.763,-5.594,0.784,195342631
0,173.668,25.871,239.762,195365632
1,-3.976,1.099,-8.653,195388631
2,0.747,-4.993,0.763,195388631
0,173.736,36.942,236.389,195411633
1,-5.601,0.900,-8.101,195434633
2,0.841,-4.488,0.717,195457631
0,172.331,52.062,230.259,195480631
1,-7.079,0.796,-6.670,195480631
2,0.822,-4.377,0.727,195503632
0,169.153,62.754,223.672,195526632
1,-8.650,0.680,-4.170,195549632
2,1.125,-4.079,0.750,195572631
0,161.888,71.907,212.828,195572631
1,-9.289,1.016,-2.208,195595632
2,0.531,-1.262,0.223,195618631
0,163.005,71.508,213.274,195641632
1,-9.603,1.056,-1.349,195664632
2,-0.407,2.752,-0.541,195687632
0,170.016,64.098,222.420,195687632
1,-9.222,0.952,-2.556,195710641
2,-0.999,5.500,-1.093,195733631
0,175.245,42.977,233.951,195756630
1,-7.205,0.779,-6.621,195779632
2,-0.950,5.754,-0.825,195802631
0,175.221,22.799,239.017,195825630
1,-5.917,0.664,-8.260,195825630
2,-0.806,6.083,-0.803,195848629
0,174.297,9.714,242.491,195871634
1,-3.101,1.003,-9.064,195894628
2,-0.836,5.761,-1.048,195917635
0,171.605,-9.360,248.415,195940631
1,0.408,1.234,-9.563,195940631
2,-0.316,4.861,-0.806,195963631
0,171.459,-17.880,251.029,195986631
1,3.580,1.569,-9.552,196009631
2,0.073,3.998,-0.549,196032632
0,169.475,-31.899,255.738,196055632
1,5.322,1.739,-6.860,196078629
2,-0.039,4.035,-0.660,196078629
0,167.230,-38.780,259.135,196101629
1,6.470,1.945,-6.201,196124632
2,-0.151,1.822,-0.294,196147629
0,164.847,-42.858,261.537,196170627
1,6.691,2.006,-6.314,196170627
2,-0.029,0.369,-0.244,196193631
0,166.003,-39.162,260.398,196216631
1,7.299,2.450,-5.568,196239629
2,0.239,-4.670,0.757,196262630
0,169.736,-26.339,254.440,196262630
1,5.320,1.923,-7.710,196285632
2,0.201,-5.266,0.892,196308632
0,172.339,-8.968,248.364,196331631
1,2.373,1.403,-8.904,196354632
2,0.307,-5.304,0.878,196377637
0,173.288,3.451,244.837,196377637
1,-0.329,1.100,-9.748,196400635
2,0.445,-5.673,0.827,196423630
0,174.495,23.044,240.242,196446631
1,-2.466,0.920,-9.505,196446631
2,0.725,-5.413,0.578,196469632
0,174.745,35.256,237.133,196492629
1,-5.168,0.720,-8.144,196515632
2,1.201,-5.637,0.811,196538632
0,174.689,54.613,230.468,196561629
1,-6.776,0.709,-6.247,196561629
2,1.314,-5.828,0.970,196584638
0,169.342,67.732,220.901,196607631
1,-9.099,0.714,-3.404,196630630
2,0.871,-3.111,0.661,196653631
0,163.854,73.010,213.246,196653631
1,-9.265,1.061,-2.061,196676633
2,0.056,-0.123,0.237,196699630
0,167.330,68.162,218.183,196722634
1,-9.593,0.960,-2.239,196745632
2,-0.407,3.036,-0.534,196745632
0,173.734,56.774,227.514,196768632
1,-8.498,0.722,-3.916,196791631
2,-1.001,5.485,-0.927,196814632
0,176.034,36.003,235.436,196837628
1,-6.535,0.633,-7.247,196860629
2,-0.793,6.204,-1.012,196883630
0,175.657,13.915,241.033,196906632
1,-4.458,0.697,-8.786,196906632
2,-0.927,6.568,-1.140,196929630
0,173.261,-1.737,245.544,196952632
1,-0.873,1.180,-9.042,196975629
2,-0.823,6.205,-1.346,196998629
0,169.162,-20.295,252.741,197021632
1,2.417,1.606,-8.833,197021632
2,-0.592,4.499,-0.938,197044631
0,166.255,-29.798,257.198,197067632
1,4.857,2.293,-7.393,197090628
2,-0.346,4.152,-0.947,197090628
0,163.837,-35.127,261.235,197113630
1,6.531,2.659,-6.861,197136632
2,0.321,0.691,-0.337,197159631
0,165.598,-33.126,260.576,197182632
1,7.090,2.535,-7.072,197205629
2,0.399,-2.108,0.317,197205629
0,168.996,-23.794,256.111,197228631
1,5.540,2.097,-8.360,197251632
2,0.679,-4.766,0.867,197274630
0,172.813,-7.686,249.867,197297631
1,3.597,1.699,-8.521,197297631
2,0.530,-4.972,1.026,197320630
0,174.328,5.053,245.771,197343638
1,-0.456,1.064,-9.844,197366630
2,0.777,-4.647,0.845,197389632
0,176.303,21.034,241.730,197412632
1,-2.312,1.024,-9.307,197412632
2,0.953,-5.428,0.912,197435631
0,177.417,36.556,238.006,197458633
1,-5.582,0.395,-8.326,197480632
2,1.285,-6.353,1.003,197503633
0,176.481,58.743,230.888,197526632
1,-6.643,0.406,-6.150,197526632
2,1.212,-5.940,1.149,197549633
0,171.141,69.712,222.381,197572631
1,-8.348,0.581,-3.138,197595631
2,0.569,-2.971,0.774,197618632
0,163.309,74.737,213.305,197618632
1,-9.301,1.039,-1.459,197641630
2,0.129,-0.741,0.320,197664628
0,163.991,73.320,214.430,197687630
1,-9.795,1.174,-1.067,197687630
2,-0.221,1.756,-0.320,197710630
0,171.416,65.734,223.709,197733630
1,-9.034,0.706,-3.445,197779634
2,-0.639,3.874,-0.635,197779634
0,175.756,50.729,231.952,197802633
1,-8.050,0.511,-5.270,197825629
2,-0.892,6.020,-1.100,197848629
0,176.980,27.329,239.036,197871634
1,-5.947,0.585,-7.963,197894631
2,-1.047,7.359,-1.244,197917632
0,174.660,1.912,245.656,197940630
1,-3.102,0.834,-8.563,197940630
2,-0.974,6.928,-1.437,197963631
0,172.380,-11.712,250.218,197986629
1,2.124,1.419,-9.245,198009631
2,-0.762,5.685,-1.033,198032632
0,167.439,-29.364,256.680,198055630
1,4.186,1.892,-8.521,198055630
2,-0.636,4.468,-0.755,198078630
0,164.298,-36.790,260.430,198101630
1,7.063,2.538,-6.654,198124630
2,-0.332,2.125,-0.260,198147632
0,162.543,-40.163,262.046,198170631
1,7.138,2.586,-5.867,198170631
2,0.119,-0.744,0.074,198192630
0,166.157,-32.782,258.124,198215631
1,6.406,2.340,-7.000,198238632
2,0.643,-4.389,0.680,198261630
0,171.546,-16.633,251.449,198284631
1,4.992,1.893,-8.481,198284631
2,0.784,-4.849,0.748,198307632
0,173.962,-5.112,247.975,198330632
1,1.749,1.353,-9.193,198353634
2,0.781,-5.626,0.992,198353634
0,175.325,8.294,244.092,198376631
1,-0.257,1.082,-9.699,198399632
2,0.376,-3.911,0.967,198422632
0,174.641,19.676,239.136,198445632
1,-2.898,1.003,-9.187,198467629
2,0.393,-4.459,1.284,198467629
0,173.830,31.807,234.518,198490632
1,-5.124,0.802,-8.406,198513630
2,0.670,-4.973,0.928,198536630
0,172.028,48.981,227.943,198559631
1,-6.233,0.886,-6.444,198559631
2,0.676,-4.769,0.909,198582632
0,168.612,58.358,222.145,198605632
1,-8.183,1.010,-4.344,198628631
2,0.258,-2.234,0.405,198651632
0,166.346,62.057,219.215,198651632
1,-8.691,1.159,-3.622,198674631
2,-0.006,-0.515,0.158,198697632
0,166.566,60.838,219.905,198720632
1,-8.983,1.081,-3.638,198743632
2,-0.115,1.621,-0.270,198743632
0,170.533,52.996,225.587,198766631
1,-8.374,1.106,-4.243,198789631
2,-0.497,4.591,-0.768,198812632
0,173.646,35.864,233.128,198835634
1,-6.458,0.984,-7.026,198858632
2,-0.580,5.271,-0.921,198858632
0,174.406,23.585,237.013,198881630
1,-4.784,0.996,-8.429,198904629
2,-0.420,4.669,-0.815,198927630
0,173.822,6.956,241.772,198950631
1,-1.966,1.030,-8.901,198973633
2,-0.620,5.456,-1.008,198973633
0,172.243,-5.245,245.691,198996632
1,0.838,1.334,-9.191,199019632
2,-0.465,4.245,-0.878,199042632
0,169.582,-19.587,251.042,199065630
1,2.343,1.560,-9.038,199065630
2,-0.403,4.466,-0.890,199088631
0,167.037,-28.306,255.030,199111631
1,4.758,1.957,-8.083,199134633
2,-0.046,2.790,-0.672,199157631
0,165.253,-34.327,258.858,199180631
1,6.376,2.375,-6.719,199180631
2,0.119,0.445,-0.257,199202632
0,166.449,-30.761,257.307,199225630
1,6.279,2.346,-7.920,199248631
2,0.217,-1.412,0.161,199271631
0,168.465,-23.971,254.351,199294632
1,6.160,2.396,-7.408,199294632
2,0.312,-3.972,0.595,199317630
0,171.218,-11.067,249.313,199340632
1,3.238,1.705,-9.074,199363632
2,0.639,-5.540,1.005,199363632
0,173.349,2.415,244.846,199386631
1,0.428,1.177,-9.529,199409630
2,0.705,-5.225,1.074,199432631
0,174.921,18.856,239.493,199455632
1,-2.415,0.937,-8.788,199478632
2,0.840,-4.937,1.160,199478632
0,174.771,31.026,234.696,199501631
1,-5.196,0.762,-8.079,199524630
2,0.766,-5.232,1.340,199524630
0,173.316,42.365,229.800,199547631
1,-6.672,0.842,-6.412,199570630
2,0.454,-3.848,0.916,199593630
0,171.040,50.377,225.496,199593630
1,-7.296,0.998,-5.437,199616632
2,0.287,-2.548,0.660,199639632
0,167.809,56.016,220.873,199662627
1,-8.175,1.192,-4.872,199662627
2,0.102,-0.646,0.293,199685630
0,168.307,54.096,221.655,199708629
1,-8.667,1.248,-4.903,199708629
2,-0.123,1.726,-0.174,199731631
0,171.038,46.115,226.146,199754634
1,-8.571,1.123,-6.230,199777631
2,-0.333,4.904,-0.869,199800631
0,174.160,27.484,233.510,199823632
1,-6.574,0.988,-7.508,199823632
2,-0.365,5.391,-0.954,199846630
0,174.562,15.538,236.844,199869631
1,-3.714,0.827,-8.927,199892630
2,-0.409,5.191,-0.925,199915636
0,173.805,-2.063,242.199,199938632
1,-1.764,0.959,-8.960,199938632
2,-0.386,4.859,-1.055,199983632
0,172.316,-12.964,246.001,199983632
1,1.252,1.198,-9.269,200006632
2,-0.383,5.237,-1.115,200029633
0,168.431,-29.371,253.127,200052632
1,4.734,1.964,-6.969,200075630
2,-0.242,3.685,-0.985,200075630
0,165.625,-34.903,256.954,200098631
1,6.345,2.356,-6.632,200121632
2,-0.272,2.044,-0.579,200144631
0,162.861,-38.934,260.088,200167631
1,7.204,2.882,-6.177,200190631
2,-0.061,0.106,-0.187,200190631
0,164.332,-34.280,257.977,200213633
1,6.678,2.834,-6.904,200236631
2,0.306,-4.135,0.403,200259631
0,168.478,-18.556,251.492,200282632
1,4.311,2.183,-8.823,200305631
2,0.282,-3.974,0.520,200305631
0,169.232,-10.635,248.627,200328629
1,2.524,1.918,-8.989,200351632
2,0.282,-4.475,0.610,200374631
0,170.286,0.110,245.222,200374631
1,0.667,1.758,-9.581,200397631
2,0.370,-4.023,0.533,200420632
0,170.659,8.721,242.641,200420632
1,-0.562,1.779,-9.205,200443631
2,0.442,-4.808,0.754,200466632
0,170.491,24.907,237.083,200489632
1,-3.037,1.698,-9.097,200489632
2,0.478,-4.247,0.602,200512631
0,169.639,34.044,233.598,200535632
1,-4.334,1.618,-8.047,200535632
2,0.483,-4.406,0.720,200558631
0,167.981,43.935,229.037,200581634
1,-7.050,1.497,-6.517,200604630
2,0.236,-2.951,0.461,200627632
0,164.148,52.861,223.579,200650630
1,-7.994,1.474,-5.509,200650630
2,0.073,-2.516,0.372,200673629
0,162.695,55.598,221.860,200696629
1,-8.342,1.556,-4.708,200718631
2,-0.101,0.225,0.026,200741631
0,163.225,54.332,222.877,200741631
1,-8.487,1.510,-4.945,200763632
2,-0.211,2.733,-0.300,200786632
0,167.304,41.971,230.031,200809632
1,-7.248,1.704,-5.915,200832630
2,-0.578,4.408,-0.432,200855632
0,168.440,26.835,235.868,200878630
1,-5.299,1.663,-8.662,200901630
2,-0.288,4.539,-0.417,200924631
0,169.260,16.440,239.041,200924631
1,-3.686,1.897,-8.976,200947631
2,-0.296,4.064,-0.406,200970632
0,168.523,3.201,243.099,200993630
1,-1.358,1.886,-9.697,201016630
2,-0.427,4.736,-0.582,201016630
0,167.253,-9.207,247.617,201039631
1,1.057,2.292,-8.340,201062633
2,-0.536,4.691,-0.709,201085633
0,162.819,-24.053,254.499,201108633
1,4.138,2.797,-7.270,201131631
2,-0.469,3.822,-0.692,201131631
0,160.486,-28.887,257.580,201154631
1,5.182,3.113,-7.696,201177632
2,-0.292,2.223,-0.436,201200632
0,157.501,-34.021,261.347,201223632
1,6.404,3.421,-6.720,201246632
2,-0.139,0.437,-0.245,201246632
0,158.683,-30.482,259.664,201269632
1,6.294,3.404,-7.545,201292631
2,0.479,-3.431,0.183,201315630
0,163.377,-16.788,253.116,201338631
1,4.998,3.144,-8.325,201338631
2,0.611,-4.392,0.368,201361633
0,165.900,-6.761,249.264,201384631
1,1.917,2.463,-9.119,201407632
2,0.572,-4.235,0.379,201407632
0,167.356,2.821,246.206,201430629
1,0.298,2.200,-9.366,201453630
2,0.541,-4.322,0.377,201453630
0,168.241,12.445,243.190,201476629
1,-1.514,2.096,-9.114,201499631
2,0.307,-3.651,0.401,201522632
0,167.928,20.522,240.477,201522632
1,-3.231,2.176,-8.447,201545633
2,0.058,-3.498,0.337,201568631
0,166.540,28.218,237.799,201568631
1,-4.314,2.210,-8.269,201591634
2,0.307,-4.709,0.402,201614632
0,162.998,45.642,230.012,201637631
1,-7.349,2.054,-6.726,201660630
2,0.289,-4.465,0.325,201683631
0,158.584,55.509,223.481,201683631
1,-7.700,2.008,-5.171,201706631
2,0.218,-2.623,0.281,201729630
0,154.113,60.586,217.676,201752632
1,-8.602,2.046,-3.653,201774632
2,0.173,-0.584,0.116,201797633
0,153.397,61.440,216.424,201797633
1,-9.041,2.081,-3.517,201820632
2,0.033,1.431,-0.103,201843629
0,159.644,53.637,224.191,201866631
1,-8.164,2.069,-4.429,201889632
2,-0.297,4.318,-0.222,201912630
0,164.997,37.494,232.917,201935627
1,-7.632,2.002,-6.728,201935627
2,-0.064,4.694,-0.240,201958632
0,167.362,27.547,236.568,201981633
1,-5.795,2.053,-8.135,202004630
2,0.019,4.372,-0.291,202004630
0,168.343,18.187,239.862,202027633
1,-4.224,1.900,-8.682,202050630
2,-0.253,5.041,-0.592,202073630
0,168.190,0.759,245.846,202096633
1,-0.881,1.856,-8.874,202119641
2,-0.224,5.097,-0.741,202119641
0,167.307,-10.857,250.576,202142629
1,1.535,2.245,-8.780,202165631
2,-0.293,5.531,-1.087,202188630
0,162.919,-27.985,259.328,202211634
1,5.122,2.781,-6.951,202234632
2,-0.454,4.801,-0.935,202234632
0,159.372,-35.031,263.877,202257632
1,6.700,3.238,-6.460,202280631
2,-0.121,1.034,-0.174,202303630
0,159.785,-33.842,263.067,202326631
1,6.933,3.344,-6.546,202349632
2,0.236,-1.965,0.204,202349632
0,163.402,-25.004,258.007,202372632
1,5.808,2.977,-7.492,202395631
2,0.543,-5.003,0.703,202418634
0,167.708,-7.146,250.143,202441632
1,3.632,2.439,-8.631,202441632
2,0.519,-5.367,0.784,202464632
0,169.163,4.017,246.311,202487631
1,0.465,1.973,-9.157,202510632
2,0.502,-4.552,0.652,202533632
0,169.862,18.381,241.449,202556631
1,-1.723,1.704,-9.295,202556631
2,0.528,-4.685,0.649,202579632
0,169.974,30.053,237.632,202602630
1,-4.737,1.529,-8.518,202625631
2,0.740,-4.238,0.469,202648632
0,168.307,43.932,231.996,202671631
1,-5.912,1.633,-7.348,202671631
2,0.494,-4.491,0.702,202694630
0,164.857,54.934,225.632,202717630
1,-7.988,1.444,-5.363,202740631
2,0.650,-4.220,0.412,202740631
0,162.015,61.586,221.024,202763632
1,-8.075,1.412,-3.811,202786627
2,0.310,-2.029,0.331,202809632
0,158.102,65.695,215.841,202832629
1,-8.975,1.534,-2.924,202855631
2,0.179,-0.794,0.089,202855631
0,158.507,65.122,216.356,202878629
1,-9.211,1.508,-3.080,202901630
2,-0.263,2.592,-0.290,202924632
0,163.622,58.445,223.162,202924632
1,-8.825,1.515,-3.660,202947633
2,-0.570,4.246,-0.432,202970634
0,168.268,42.560,232.164,202993637
1,-7.067,1.422,-6.533,203016633
2,-0.441,4.592,-0.454,203039631
0,169.952,32.324,236.103,203039631
1,-5.948,1.520,-7.546,203062633
2,-0.447,5.257,-0.516,203085634
0,169.668,13.761,241.670,203108631
1,-3.188,1.735,-8.800,203131630
2,-0.705,5.537,-0.659,203131630
0,168.441,2.106,245.515,203154632
1,-0.853,1.980,-9.453,203177632
2,-0.511,4.662,-0.687,203200629
0,166.185,-13.755,251.382,203223631
1,2.762,2.488,-8.356,203246632
2,-0.291,3.534,-0.487,203269631
0,164.572,-21.194,254.456,203269631
1,4.096,2.661,-8.065,203292633
2,-0.227,2.585,-0.388,203315629
0,161.456,-30.253,259.438,203338632
1,4.559,2.719,-7.495,203338632
2,-0.155,2.843,-0.671,203361632
0,159.074,-34.664,263.327,203384631
1,6.742,3.335,-6.453,203407631
2,-0.197,2.168,-0.370,203430631
0,155.562,-40.599,267.438,203453632
1,7.196,3.562,-5.817,203453632
2,-0.230,1.416,-0.154,203475631
0,154.530,-41.885,268.469,203498632
1,7.410,3.645,-4.977,203521633
2,0.258,-2.527,0.132,203544634
0,160.636,-28.896,260.376,203567631
1,6.909,3.464,-6.399,203567631
2,0.674,-5.806,0.608,203590634
0,165.747,-11.278,252.112,203613633
1,3.094,2.609,-8.592,203636631
2,1.066,-8.077,1.024,203636631
0,170.371,19.053,241.410,203682631
1,-0.735,1.820,-9.535,203682631
2,1.280,-8.397,1.300,203705631
0,169.851,36.598,234.780,203728631
1,-5.340,1.248,-8.178,203751641
2,1.059,-6.616,1.002,203774632
0,165.624,55.058,224.710,203797639
1,-7.629,1.345,-5.206,203820630
2,0.589,-3.984,0.788,203820630
0,161.500,59.836,219.428,203843632
1,-8.687,1.706,-4.133,203866632
2,0.185,-1.656,0.312,203889632
0,158.936,62.699,216.364,203912631
1,-9.039,1.747,-3.186,203935630
2,0.052,-0.445,0.085,203958632
0,157.815,63.856,214.979,203958632
1,-9.583,1.607,-3.425,203980630
2,-0.177,1.871,-0.371,204003630
0,166.499,52.531,226.868,204026632
1,-8.223,1.450,-4.583,204049633
2,-0.814,6.011,-0.845,204072632
0,170.140,30.070,236.873,204095631
1,-6.567,1.397,-6.702,204095631
2,-0.806,6.632,-0.702,204118633
0,170.301,14.035,241.887,204141629
1,-3.916,1.669,-8.760,204164631
2,-0.828,7.085,-0.866,204164631
0,168.812,0.082,246.452,204187633
1,-0.824,1.931,-9.377,204210632
2,-0.692,5.722,-0.847,204233632
0,165.308,-18.216,253.495,204256632
1,1.599,2.326,-8.929,204256632
2,-0.512,5.647,-0.727,204279630
0,161.809,-30.110,259.021,204302632
1,5.115,2.900,-6.694,204325629
