1,-0.277,3.007,-10.884,61680764
2,-0.590,-0.480,0.217,61702767
0,174.404,2.498,295.382,61611773
1,-1.085,2.848,-10.174,61748774
2,0.727,0.161,-0.150,61748774
0,177.690,2.211,295.865,61588774
1,-0.726,2.404,-10.300,61771766
2,2.671,1.181,0.086,61794765
0,174.404,2.498,295.382,61611773
1,-0.135,0.329,-10.392,61840766
2,4.223,1.570,-0.039,61840766
0,-174.015,-2.070,293.694,61817778
1,0.952,-2.032,-8.814,61885775
2,6.138,2.581,-0.017,61885775
0,-174.015,-2.070,293.694,61817778
1,2.371,-5.215,-6.939,61931768
2,5.572,2.174,0.540,61931768
0,-178.786,-0.349,293.927,61794765
1,2.532,-6.063,-6.329,61954765
2,4.970,1.711,0.956,61977766
0,176.973,1.764,294.234,61771766
1,2.344,-6.990,-4.943,62000767
2,4.908,1.520,1.094,62023767
0,-132.752,-14.159,285.088,61954765
1,2.541,-8.577,-2.539,62046767
2,4.115,0.982,1.027,62046767
0,-138.633,-13.695,287.227,61931768
1,2.304,-9.193,-1.368,62069764
2,1.508,-0.051,0.512,62092767
0,-138.633,-13.695,287.227,61931768
1,1.612,-9.218,-0.695,62115766
2,0.081,-0.235,0.055,62138767
0,-108.715,-11.721,278.601,62138767
1,2.119,-10.398,-0.214,62161772
2,-3.754,-1.882,-0.729,62184767
0,-107.787,-11.698,278.000,62115766
1,1.361,-8.584,-1.627,62207765
2,-4.624,-1.565,-0.783,62230779
0,-108.715,-11.721,278.601,62138767
1,1.907,-8.024,-3.519,62253767
2,-7.137,-2.597,-0.930,62275767
0,-107.787,-11.698,278.000,62115766
1,0.497,-3.991,-6.142,62298765
2,-6.073,-1.665,-0.799,62321767
0,-166.348,-4.279,297.408,62321767
1,1.038,-2.259,-8.209,62344767
2,-5.438,-1.656,-0.303,62367765
0,-166.348,-4.279,297.408,62321767
1,0.423,0.615,-10.161,62390767
2,-4.419,-1.153,0.035,62390767
0,-166.348,-4.279,297.408,62321767
1,0.665,1.605,-11.025,62436767
2,-1.613,-0.532,0.462,62459778
0,-166.348,-4.279,297.408,62321767
1,0.098,2.355,-10.625,62482766
2,-1.310,-0.518,0.513,62482766
0,-166.348,-4.279,297.408,62321767
1,-0.336,2.734,-10.467,62528767
2,-0.279,-0.200,0.226,62528767
0,171.241,0.887,294.966,62528767
1,-0.395,2.405,-10.082,62574765
2,0.507,0.129,0.051,62574765
0,171.537,0.641,295.342,62482766
1,-0.311,2.104,-10.211,62597767
2,2.110,1.011,0.143,62620767
0,172.857,0.096,296.071,62459778
1,-0.075,1.538,-10.553,62643767
2,3.862,1.535,-0.164,62666769
0,-177.328,-4.170,295.061,62643767
1,1.020,-0.562,-9.553,62689767
2,4.095,1.545,-0.243,62689767
0,177.997,-2.209,294.945,62620767
1,1.630,-1.855,-8.973,62712766
2,3.896,1.664,0.164,62735773
0,174.557,-0.566,295.016,62597767
1,2.270,-3.538,-8.326,62758765
2,3.688,1.457,0.490,62781767
0,-148.110,-14.465,290.576,62781767
1,2.597,-5.123,-7.226,62804766
2,3.212,1.178,0.516,62804766
0,-152.551,-13.509,291.968,62758765
1,2.777,-5.975,-6.809,62850766
2,2.720,1.233,0.672,62850766
0,-157.572,-12.023,293.507,62735773
1,2.872,-6.508,-6.474,62873766
2,2.516,0.779,0.695,62896768
0,-162.321,-10.185,294.753,62712766
1,2.840,-7.662,-4.779,62919762
2,-4.727,-0.775,-0.554,63972772
0,-128.355,-8.793,278.784,63790762
1,1.185,0.588,-10.062,64017767
2,-2.795,-0.331,-0.197,64040768
0,177.536,-2.519,291.814,64017767
1,0.811,2.243,-11.335,64063767
2,-1.974,-0.235,-0.156,64063767
0,174.775,-2.142,291.832,64040768
1,0.694,2.452,-10.984,64109766
2,-0.903,-0.404,-0.022,64109766
0,177.536,-2.519,291.814,64017767
1,-0.076,2.972,-10.968,64155767
2,0.515,0.177,0.114,64155767
0,177.536,-2.519,291.814,64017767
1,-0.110,2.365,-11.072,64201766
2,2.993,1.219,-0.085,64201766
0,-172.591,-7.304,292.342,64224766
1,0.344,1.446,-10.608,64224766
2,4.852,1.866,-0.122,64247768
0,-172.591,-7.304,292.342,64224766
1,1.671,-1.189,-9.432,64270764
2,6.081,2.621,0.651,64293777
0,-178.344,-5.098,292.059,64201766
1,3.066,-4.253,-7.736,64316767
2,6.326,2.560,1.838,64339780
0,-178.344,-5.098,292.059,64201766
1,2.954,-6.235,-6.040,64362765
2,5.440,1.396,2.117,64385765
0,-178.344,-5.098,292.059,64201766
1,2.014,-7.357,-3.229,64408765
2,4.535,1.086,1.903,64431776
0,-107.630,-11.218,270.238,64431776
1,1.327,-8.760,-0.803,64454765
2,2.127,0.172,0.954,64477772
0,-107.630,-11.218,270.238,64431776
1,0.916,-9.452,0.517,64500767
2,-0.062,-0.307,0.151,64522768
0,-104.597,-9.994,269.546,64454765
1,1.100,-10.009,0.320,64545768
2,-2.179,-1.018,-0.579,64568763
0,-104.597,-9.994,269.546,64454765
1,1.629,-9.721,-1.254,64614769
2,-4.101,-1.575,-0.816,64614769
0,-104.597,-9.994,269.546,64454765
1,1.369,-9.029,-2.365,64637765
2,-5.552,-2.027,-1.062,64660764
0,-103.936,-9.535,269.932,64477772
1,1.169,-5.947,-5.654,64706767
2,-5.559,-1.704,-0.956,64706767
0,-151.782,-7.033,288.402,64706767
1,0.940,-3.914,-7.638,64752774
2,-5.419,-1.655,-0.501,64752774
0,-145.568,-7.809,286.749,64683767
1,0.503,-1.490,-8.799,64798765
2,-4.976,-1.372,0.020,64798765
0,-145.568,-7.809,286.749,64683767
1,0.175,-0.165,-9.402,64821767
2,-3.424,-0.707,0.275,64844765
0,-145.568,-7.809,286.749,64683767
1,-0.010,2.516,-10.864,64890767
2,-1.562,-0.302,0.240,64890767
0,173.357,0.996,288.899,64913767
1,0.042,2.535,-10.882,64913767
2,-0.594,-0.391,0.218,64936777
0,174.065,0.520,289.293,64890767
1,-0.696,2.642,-10.404,64959762
2,0.848,0.354,0.042,64982765
0,173.357,0.996,288.899,64913767
1,-0.342,2.075,-10.506,65005774
2,2.106,0.598,0.139,65028772
0,174.065,0.520,289.293,64890767
1,-0.195,0.773,-10.334,65051764
2,3.143,1.030,0.076,65074767
0,173.357,0.996,288.899,64913767
1,-0.316,-0.018,-10.064,65097766
2,5.115,2.161,-0.227,65120766
0,-152.803,-11.193,286.746,65143767
1,1.575,-3.308,-8.203,65143767
2,3.788,1.325,-0.021,65166771
0,-152.803,-11.193,286.746,65143767
1,2.220,-4.772,-7.872,65189766
2,4.521,1.681,0.632,65212771
0,-152.803,-11.193,286.746,65143767
1,2.510,-7.010,-5.291,65258766
2,3.532,0.648,0.636,65258766
0,-152.803,-11.193,286.746,65143767
1,2.253,-7.722,-4.209,65304767
2,3.091,0.791,0.755,65304767
0,-152.803,-11.193,286.746,65143767
1,2.127,-8.184,-3.623,65327768
2,2.955,0.624,0.665,65350765
0,-112.556,-12.386,275.680,65373777
1,1.773,-9.230,-1.341,65396766
2,0.974,-0.075,0.118,65396766
0,-112.787,-12.380,276.090,65396766
1,2.119,-9.713,-1.262,65442765
2,-0.826,-0.360,-0.309,65442765
0,-112.787,-12.380,276.090,65396766
1,2.231,-9.552,-2.009,65488766
2,-3.147,-1.452,-0.566,65488766
0,-113.961,-12.643,276.580,65419767
1,1.586,-7.734,-3.716,65534767
2,-4.786,-1.566,-0.783,65557765
0,-116.059,-12.933,277.402,65442765
1,1.833,-6.380,-5.514,65580766
2,-5.206,-1.664,-0.369,65603766
0,-113.961,-12.643,276.580,65419767
1,0.968,-3.990,-7.426,65626773
2,-4.872,-1.363,-0.203,65649767
0,-119.811,-12.804,279.113,65465766
1,0.815,-1.816,-8.543,65672762
2,-4.431,-1.105,0.107,65695767
0,178.875,-1.602,291.140,65718767
1,0.338,0.542,-9.928,65718767
2,-2.619,-0.428,0.223,65741766
0,178.875,-1.602,291.140,65718767
1,0.447,1.869,-10.724,65764765
2,-1.416,-0.375,0.304,65787766
0,178.875,-1.602,291.140,65718767
1,-0.062,2.715,-11.036,65810763
2,-0.016,-0.049,0.114,65833766
0,178.875,-1.602,291.140,65718767
1,-0.450,2.838,-11.179,65856774
2,2.182,0.797,0.014,65879766
0,-178.086,-1.922,291.456,65695767
1,0.146,1.314,-10.967,65902766
2,3.287,0.910,-0.035,65924765
0,-165.694,-6.555,289.873,65947767
1,0.191,-0.294,-10.203,65947767
2,4.652,1.564,-0.088,65970766
0,-171.109,-4.994,290.036,65924765
1,1.304,-2.675,-8.379,65993767
2,4.590,1.735,0.174,66016767
0,-171.109,-4.994,290.036,65924765
1,2.153,-4.641,-7.609,66039766
2,4.270,1.254,0.427,66062765
0,-171.109,-4.994,290.036,65924765
1,2.441,-5.887,-6.335,66085767
2,4.607,1.346,0.644,66108769
0,-171.109,-4.994,290.036,65924765
1,2.690,-7.145,-4.708,66131766
2,4.097,0.816,0.764,66154766
0,-112.686,-13.549,278.003,66177766
1,2.395,-8.548,-2.305,66177766
2,2.213,0.146,0.427,66200766
0,-112.686,-13.549,278.003,66177766
1,2.088,-9.014,-1.401,66223766
2,1.355,0.250,0.264,66246766
0,-115.086,-14.182,278.072,66154766
1,2.360,-9.802,-0.948,66269767
2,-0.318,-0.447,0.213,66292768
0,-115.086,-14.182,278.072,66154766
1,2.185,-10.224,-0.497,66315765
2,-2.637,-1.231,-0.233,66338770
0,-112.686,-13.549,278.003,66177766
1,1.703,-9.254,-1.953,66361766
2,-3.217,-1.044,-0.213,66384767
0,-131.720,-10.052,285.853,66407767
1,1.349,-7.657,-4.258,66430767
2,-4.093,-1.355,-0.482,66430767
0,-136.796,-9.359,287.461,66430767
1,1.658,-6.730,-5.724,66476766
2,-3.621,-0.860,-0.385,66476766
0,-136.796,-9.359,287.461,66430767
1,1.154,-4.671,-6.887,66522771
2,-4.969,-1.525,-0.421,66522771
0,-131.720,-10.052,285.853,66407767
1,1.295,-2.686,-8.760,66568767
2,-3.834,-0.787,0.162,66591767
0,-136.796,-9.359,287.461,66430767
1,0.755,-0.810,-9.191,66614768
2,-4.088,-1.113,0.137,66614768
0,-136.796,-9.359,287.461,66430767
1,0.353,1.201,-10.470,66659766
2,-2.245,-0.197,0.186,66659766
0,179.940,-2.622,291.506,66659766
1,0.464,1.586,-10.813,66704768
2,-1.156,-0.251,0.352,66704768
0,178.965,-2.661,290.993,66682766
1,-0.190,2.160,-11.056,66750766
2,0.044,0.083,0.151,66750766
0,-178.787,-2.135,291.805,66637766
1,0.679,1.303,-11.306,66795775
2,2.381,1.025,0.337,66795775
0,-178.787,-2.135,291.805,66637766
1,0.832,-0.427,-10.735,66841767
2,3.040,0.661,0.537,66841767
0,-162.224,-7.579,287.106,66864767
1,0.574,-0.834,-10.368,66864767
2,4.824,1.585,0.464,66887767
0,-162.224,-7.579,287.106,66864767
1,2.003,-4.338,-7.404,66933767
2,5.636,2.046,0.578,66933767
0,-155.141,-9.814,285.637,66887767
1,2.508,-6.166,-6.170,66979766
2,4.588,1.500,0.988,66979766
0,-162.224,-7.579,287.106,66864767
1,2.257,-7.497,-4.096,67025768
2,5.151,1.568,1.570,67025768
0,-162.224,-7.579,287.106,66864767
1,1.804,-8.011,-2.755,67048776
2,2.590,0.302,0.749,67071764
0,-109.179,-11.413,271.099,67094767
1,1.418,-8.599,-1.239,67094767
2,1.890,0.688,0.472,67117766
0,-109.179,-11.413,271.099,67094767
1,1.792,-9.639,-0.985,67140774
2,0.882,0.147,0.276,67163767
0,-109.179,-11.413,271.099,67094767
1,1.720,-10.166,-0.304,67186767
2,-2.011,-1.176,-0.341,67209767
0,-106.400,-11.228,269.659,67117766
1,1.311,-9.641,-1.423,67255766
2,-3.717,-1.527,-0.715,67255766
0,-106.400,-11.228,269.659,67117766
1,1.138,-8.298,-3.478,67301767
2,-4.728,-1.785,-0.962,67301767
0,-106.400,-11.228,269.659,67117766
1,1.165,-6.275,-5.415,67347767
2,-5.230,-1.673,-0.989,67347767
0,-147.343,-8.285,286.709,67347767
1,1.074,-4.247,-7.514,67393767
2,-4.374,-1.143,-0.433,67416767
0,-153.962,-7.077,288.335,67370780
1,1.061,-2.063,-9.539,67439767
2,-2.886,-0.982,-0.152,67462767
0,-159.975,-5.878,289.416,67393767
1,0.565,-0.423,-10.321,67485765
2,-1.163,-0.224,-0.007,67508774
0,-153.962,-7.077,288.335,67370780
1,0.212,0.148,-11.063,67531767
2,1.272,0.856,0.033,67554766
0,-153.962,-7.077,288.335,67370780
1,0.946,-0.794,-10.880,67577767
2,2.208,1.173,0.201,67577767
0,-160.009,-8.957,287.851,67600769
1,1.273,-2.162,-10.257,67623767
2,3.434,1.597,0.493,67623767
0,-164.017,-7.384,289.038,67577767
1,1.670,-3.900,-8.528,67669765
2,5.013,2.138,0.847,67692767
0,-164.017,-7.384,289.038,67577767
1,2.686,-6.235,-6.479,67715767
2,4.526,1.784,1.264,67738774
0,-160.009,-8.957,287.851,67600769
1,2.649,-7.500,-4.931,67761767
2,4.339,1.264,1.536,67784765
0,-160.009,-8.957,287.851,67600769
1,1.772,-8.280,-2.454,67807767
2,3.007,0.781,1.042,67830767
0,-108.585,-12.150,269.056,67807767
1,1.751,-9.109,-1.067,67853767
2,1.998,0.540,0.782,67876776
0,-105.571,-11.531,267.977,67830767
1,1.317,-9.522,-0.317,67899767
2,1.407,0.277,0.586,67899767
0,-105.571,-11.531,267.977,67830767
1,1.110,-9.784,0.311,67945765
2,0.083,-0.307,0.074,67945765
0,-105.571,-11.531,267.977,67830767
1,1.181,-10.283,0.539,67991766
2,-2.536,-1.353,-0.582,67991766
0,-105.571,-11.531,267.977,67830767
1,1.219,-9.286,-1.396,68037767
2,-3.489,-1.287,-0.920,68037767
0,-118.230,-11.324,275.398,68037767
1,1.731,-8.738,-3.110,68083767
2,-5.977,-2.609,-1.157,68106767
0,-124.050,-11.134,278.066,68060767
1,0.866,-6.308,-4.966,68129767
2,-5.809,-2.156,-0.980,68129767
0,-124.050,-11.134,278.066,68060767
1,1.017,-4.418,-7.018,68175764
2,-5.322,-1.520,-0.303,68198766
0,-124.050,-11.134,278.066,68060767
1,0.211,-1.077,-9.345,68221775
2,-3.278,-0.732,-0.107,68244766
0,-124.050,-11.134,278.066,68060767
1,0.266,0.221,-10.577,68267773
2,-1.466,-0.202,-0.066,68290767
0,-132.108,-9.972,281.935,68083767
1,0.150,0.920,-11.465,68313767
2,0.914,0.639,0.017,68336765
0,-174.602,-2.252,290.214,68313767
1,0.703,0.521,-11.766,68359775
2,2.993,1.088,0.435,68382766
0,-174.602,-2.252,290.214,68313767
1,0.714,-1.227,-10.635,68405768
2,4.770,1.767,0.476,68428767
0,-172.036,-3.638,289.893,68336765
1,0.989,-2.906,-8.756,68451765
2,5.922,2.211,0.873,68474767
0,-172.036,-3.638,289.893,68336765
1,2.289,-6.044,-6.313,68497767
2,4.520,1.326,1.074,68520765
0,-172.036,-3.638,289.893,68336765
1,1.676,-7.631,-3.965,68566766
2,5.435,1.591,1.399,68566766
0,-106.159,-10.160,270.884,68589770
1,1.458,-8.743,-1.057,68612767
2,3.128,0.092,0.675,68612767
0,-110.357,-11.086,271.134,68566766
1,1.347,-9.078,-0.225,68635766
2,1.661,0.141,0.298,68658766
0,-106.159,-10.160,270.884,68589770
1,1.445,-9.815,0.142,68681777
2,0.046,-0.331,0.013,68704775
0,-104.389,-9.747,271.637,68612767
1,1.378,-10.038,-0.035,68750766
2,-2.898,-1.405,-0.541,68750766
0,-104.389,-9.747,271.637,68612767
1,1.657,-9.437,-2.000,68796777
2,-3.687,-1.287,-0.613,68796777
0,-103.111,-9.548,271.732,68635766
1,1.433,-8.428,-3.682,68842767
2,-4.700,-1.712,-0.608,68842767
0,-132.879,-8.329,284.032,68842767
1,1.041,-6.333,-5.699,68888768
2,-5.056,-1.677,-0.471,68911767
0,-139.368,-7.068,285.918,68865780
1,0.909,-4.811,-7.424,68934766
2,-5.262,-1.973,-0.082,68957779
0,-139.368,-7.068,285.918,68865780
1,-0.295,-1.854,-8.964,68980769
2,-3.628,-1.004,0.006,69003766
0,-145.565,-5.819,287.500,68888768
1,-0.244,-0.136,-10.341,69026766
2,-1.478,-0.355,0.120,69049772
0,-139.368,-7.068,285.918,68865780
1,-0.356,0.559,-10.981,69072766
2,0.549,0.253,0.090,69095767
0,-145.565,-5.819,287.500,68888768
1,-0.510,0.391,-11.311,69118767
2,2.919,1.352,-0.066,69141766
0,-168.759,-0.484,289.986,69118767
1,0.007,-0.997,-10.549,69164770
2,5.098,2.430,0.031,69187774
0,-168.759,-0.484,289.986,69118767
1,1.072,-3.683,-8.493,69210767
2,5.772,2.831,0.439,69233765
0,-164.077,-2.710,289.641,69141766
1,2.244,-6.032,-6.670,69256766
2,5.756,2.360,1.255,69279769
0,-157.944,-5.483,288.766,69164770
1,2.534,-7.860,-4.410,69302777
2,3.784,0.397,1.020,69325767
0,-157.944,-5.483,288.766,69164770
1,1.508,-8.070,-2.255,69348774
2,3.244,0.648,0.717,69371766
0,-101.502,-10.230,272.036,69394775
1,2.026,-9.313,-1.017,69394775
2,1.719,-0.008,0.725,69417767
0,-101.502,-10.230,272.036,69394775
1,1.662,-9.830,-0.019,69440767
2,-0.082,-0.451,0.313,69463765
0,-101.502,-10.230,272.036,69394775
1,1.288,-9.646,0.165,69486770
2,-1.280,-0.578,0.066,69509770
0,-101.502,-10.230,272.036,69394775
1,1.670,-10.330,-0.429,69532763
2,-3.261,-1.273,-0.134,69555767
0,-104.529,-10.864,272.772,69371766
1,0.893,-8.773,-2.988,69601766
2,-3.753,-1.067,-0.290,69601766
0,-130.021,-5.888,283.092,69624766
1,1.006,-8.681,-3.631,69624766
2,-5.111,-2.035,-0.556,69647767
0,-130.021,-5.888,283.092,69624766
1,0.397,-6.824,-4.935,69670765
2,-5.265,-1.647,-0.307,69693769
0,-137.115,-4.358,285.936,69647767
1,0.242,-3.961,-7.076,69739771
2,-5.689,-1.479,0.217,69739771
0,-130.021,-5.888,283.092,69624766
1,-0.773,0.135,-8.917,69785777
2,-5.057,-0.903,0.448,69785777
0,-137.115,-4.358,285.936,69647767
1,-0.457,1.581,-10.537,69831765
2,-1.834,-0.128,0.414,69854777
0,-137.115,-4.358,285.936,69647767
1,-0.526,2.043,-10.776,69877767
2,-1.138,-0.083,0.299,69877767
0,177.711,3.684,286.400,69900766
1,-1.037,1.999,-10.711,69923767
2,-0.093,0.061,0.051,69923767
0,177.944,3.671,286.461,69877767
1,-0.871,1.704,-10.982,69969765
2,1.401,0.554,0.118,69969765
0,177.944,3.671,286.461,69877767
1,-0.665,0.596,-10.919,70015766
2,2.975,0.982,0.072,70015766
0,178.575,3.641,286.668,69854777
1,-0.580,0.181,-10.633,70038772
2,5.112,2.100,-0.056,70061775
0,-149.636,-8.267,282.738,70084766
1,0.868,-2.421,-9.309,70084766
2,5.656,1.977,0.429,70107767
0,-149.636,-8.267,282.738,70084766
1,1.785,-5.344,-7.135,70130767
2,4.962,1.650,0.907,70153767
0,-157.803,-5.554,284.484,70061775
1,1.610,-6.373,-6.139,70176767
2,5.335,1.715,1.318,70199766
0,-157.803,-5.554,284.484,70061775
1,1.711,-8.101,-3.615,70222766
2,2.789,0.226,0.877,70245767
0,-157.803,-5.554,284.484,70061775
1,1.188,-8.633,-2.071,70268774
2,1.953,0.414,0.602,70291768
0,-108.475,-7.141,269.938,70291768
1,1.286,-9.284,-1.900,70314768
2,1.345,0.076,0.406,70336767
0,-110.920,-7.491,270.937,70268774
1,0.952,-9.487,-1.012,70359769
2,-0.053,-0.454,-0.012,70382768
0,-110.920,-7.491,270.937,70268774
1,1.006,-10.318,0.199,70405765
2,-3.073,-1.449,-0.579,70428769
0,-106.236,-6.692,269.321,70314768
1,0.450,-9.339,-0.892,70451767
2,-3.870,-0.791,-0.833,70474766
0,-108.475,-7.141,269.938,70291768
1,1.413,-8.296,-3.741,70497767
2,-4.698,-1.438,-0.711,70519767
0,-144.302,-5.007,283.894,70542768
1,0.497,-5.584,-5.254,70564766
2,-5.770,-1.609,-0.743,70564766
0,-151.237,-3.936,285.344,70564766
1,0.622,-3.628,-6.920,70610767
2,-6.273,-1.291,-0.129,70610767
0,-158.270,-3.163,285.983,70587774
1,0.144,0.616,-9.412,70656767
2,-4.916,-0.465,0.246,70656767
0,-151.237,-3.936,285.344,70564766
1,0.765,1.977,-10.716,70702773
2,-2.637,-0.065,0.348,70702773
0,-151.237,-3.936,285.344,70564766
1,0.267,3.266,-11.193,70747767
2,-1.373,-0.043,0.245,70747767
0,-151.237,-3.936,285.344,70564766
1,0.122,2.952,-10.988,70793767
2,0.622,0.132,0.029,70816766
0,176.671,-1.826,284.147,70793767
1,0.092,2.112,-10.857,70839762
2,1.738,0.379,0.062,70862765
0,176.671,-1.826,284.147,70793767
1,-0.033,1.494,-11.015,70885765
2,2.664,0.693,-0.042,70885765
0,176.671,-1.826,284.147,70793767
1,0.810,-0.399,-9.939,70931765
2,4.405,1.291,-0.214,70931765
0,176.671,-1.826,284.147,70793767
1,1.500,-2.978,-8.276,70977763
2,4.619,1.422,0.085,70977763
0,-145.315,-12.223,280.679,71000765
1,1.829,-3.770,-7.870,71000765
2,4.983,1.755,0.508,71023767
0,-138.503,-13.540,278.508,71023767
1,2.613,-6.546,-5.355,71069771
2,4.486,1.071,0.562,71069771
0,-138.503,-13.540,278.508,71023767
1,2.538,-7.520,-4.286,71115768
2,3.649,0.928,0.804,71115768
0,-145.315,-12.223,280.679,71000765
1,2.246,-8.632,-2.649,71161775
2,2.638,0.401,0.628,71161775
0,-145.315,-12.223,280.679,71000765
1,1.989,-8.924,-1.966,71184769
2,0.803,-0.093,0.075,71207775
0,-138.503,-13.540,278.508,71023767
1,2.500,-9.806,-1.643,71253767
2,-0.736,-0.477,-0.117,71253767
0,-114.637,-12.457,273.599,71253767
1,1.632,-8.853,-2.090,71299767
2,-3.226,-1.420,-0.659,71299767
0,-112.408,-12.612,272.521,71230771
1,2.141,-8.034,-3.886,71345766
2,-3.409,-0.941,-0.730,71345766
0,-114.637,-12.457,273.599,71253767
1,1.845,-6.767,-5.157,71391765
2,-5.223,-1.885,-0.701,71391765
0,-114.637,-12.457,273.599,71253767
1,1.250,-4.111,-7.104,71437775
2,-5.094,-1.293,-0.555,71437775
0,-119.404,-12.090,275.949,71276770
1,1.360,-2.143,-8.783,71483766
2,-4.921,-1.326,-0.190,71483766
0,-170.999,-4.851,288.480,71483766
1,0.597,0.810,-10.712,71529767
2,-2.849,-0.363,0.061,71529767
0,-170.999,-4.851,288.480,71483766
1,1.257,1.227,-11.485,71575777
2,-0.432,0.112,0.268,71575777
0,-170.999,-4.851,288.480,71483766
1,0.979,0.927,-11.242,71621767
2,0.628,0.070,0.303,71621767
0,-170.999,-4.851,288.480,71483766
1,0.560,0.791,-11.528,71667762
2,4.087,1.365,0.248,71690767
0,-170.999,-4.851,288.480,71483766
1,1.779,-1.950,-9.656,71713766
2,4.281,1.116,0.349,71713766
0,-155.136,-10.680,283.943,71713766
1,1.578,-3.502,-8.468,71759767
2,4.340,1.312,0.671,71759767
0,-150.769,-11.149,282.885,71736780
1,2.042,-5.440,-6.752,71805766
2,5.233,1.728,0.963,71805766
0,-155.136,-10.680,283.943,71713766
1,2.216,-7.009,-4.612,71851780
2,3.398,0.741,0.889,71874766
0,-150.769,-11.149,282.885,71736780
1,2.035,-8.126,-3.152,71897765
2,2.303,0.496,0.647,71920773
0,-150.769,-11.149,282.885,71736780
1,1.881,-8.846,-2.261,71943777
2,0.740,-0.156,0.105,71966767
0,-144.963,-12.133,280.944,71759767
1,2.047,-9.625,-1.634,71989773
2,-1.385,-1.001,-0.125,72012766
0,-113.246,-11.356,272.369,71989773
1,1.849,-9.833,-1.715,72035767
2,-4.161,-2.054,-0.700,72058766
0,-116.735,-10.821,274.219,72012766
1,0.952,-7.767,-3.666,72081780
2,-4.244,-1.389,-0.702,72104769
0,-113.246,-11.356,272.369,71989773
1,1.768,-7.016,-5.501,72127767
2,-5.168,-2.024,-0.527,72150766
0,-116.735,-10.821,274.219,72012766
1,0.598,-4.192,-7.070,72173762
2,-3.855,-0.906,-0.027,72196772
0,-122.710,-10.040,277.329,72035767
1,0.819,-2.829,-8.397,72219766
2,-3.673,-0.807,0.211,72242767
0,-173.191,-1.517,286.891,72265766
1,0.347,-0.783,-9.438,72265766
2,-2.501,-0.022,0.279,72288767
0,-169.487,-1.811,287.135,72242767
1,0.506,0.650,-10.743,72311765
2,-1.172,0.138,0.151,72334768
0,-169.487,-1.811,287.135,72242767
1,0.481,1.277,-11.223,72357767
2,0.689,0.730,0.206,72380765
0,-169.487,-1.811,287.135,72242767
1,0.556,1.217,-11.893,72403770
2,3.598,1.785,0.371,72426766
0,-169.487,-1.811,287.135,72242767
1,1.633,-1.056,-10.889,72449762
2,4.654,1.651,0.585,72472765
0,-152.762,-12.334,281.026,72472765
1,1.704,-3.088,-9.221,72495762
2,5.942,2.271,1.046,72518767
0,-158.739,-11.046,282.502,72449762
1,2.575,-5.562,-6.517,72541769
2,5.220,1.604,1.410,72564767
0,-145.163,-13.827,278.664,72495762
1,2.525,-7.012,-4.877,72587764
2,4.708,1.059,1.474,72610766
0,-152.762,-12.334,281.026,72472765
1,2.004,-7.967,-2.698,72633762
2,3.362,0.222,1.041,72656768
0,-152.762,-12.334,281.026,72472765
1,1.612,-9.010,-0.522,72679767
2,1.332,-0.278,0.338,72702772
0,-102.880,-10.037,267.170,72702772
1,1.489,-9.329,-0.228,72725767
2,0.628,-0.078,0.099,72748767
0,-102.880,-10.037,267.170,72702772
1,1.954,-9.993,-0.120,72771784
2,-1.175,-0.916,-0.109,72794766
0,-102.880,-10.037,267.170,72702772
1,1.565,-9.849,-0.502,72817766
2,-2.460,-1.159,-0.530,72840771
0,-103.436,-10.155,266.819,72679767
1,1.637,-9.387,-1.777,72863765
2,-2.916,-1.148,-0.559,72886766
0,-102.880,-10.037,267.170,72702772
1,1.657,-9.192,-2.703,72909766
2,-4.288,-1.643,-0.758,72932773
0,-131.384,-9.187,280.478,72932773
1,1.103,-7.391,-4.304,72955767
2,-3.918,-0.926,-0.683,72978771
0,-136.085,-9.016,281.694,72955767
1,1.580,-6.314,-5.997,73001766
2,-4.825,-1.536,-0.757,73024766
0,-136.085,-9.016,281.694,72955767
1,1.028,-3.956,-7.394,73047774
2,-4.130,-0.856,-0.374,73070763
0,-145.569,-8.699,284.153,73001766
1,1.152,-1.704,-9.002,73116767
2,-3.727,-0.884,0.229,73116767
0,-140.294,-9.166,282.650,72978771
1,0.700,0.349,-10.117,73162766
2,-2.111,0.080,0.409,73162766
0,-140.294,-9.166,282.650,72978771
1,0.929,0.762,-10.708,73208775
2,-1.288,0.109,0.366,73208775
0,-177.542,-4.963,285.082,73208775
1,0.565,1.182,-10.894,73254769
2,-0.630,0.041,0.248,73254769
0,-177.542,-4.963,285.082,73208775
1,0.416,1.225,-11.033,73300767
2,0.710,0.395,0.108,73300767
0,-177.542,-4.963,285.082,73208775
1,0.813,0.515,-10.858,73346767
2,1.728,0.533,0.048,73346767
0,-176.154,-5.092,285.369,73185765
1,0.888,-0.352,-10.740,73392766
2,3.345,1.276,0.024,73392766
0,-158.288,-12.312,283.033,73415768
1,1.228,-1.140,-10.062,73415768
2,4.406,1.554,-0.035,73438766
0,-158.288,-12.312,283.033,73415768
1,2.516,-3.641,-8.130,73461766
2,3.375,1.010,0.221,73484767
0,-158.288,-12.312,283.033,73415768
1,2.673,-4.718,-7.780,73507777
2,4.273,1.373,0.725,73530766
0,-158.288,-12.312,283.033,73415768
1,2.834,-6.177,-6.312,73553773
2,3.549,0.450,0.560,73576765
0,-158.288,-12.312,283.033,73415768
1,2.830,-7.201,-4.301,73599775
2,2.860,0.495,0.557,73622767
0,-114.517,-15.647,272.561,73645766
1,2.955,-8.871,-2.431,73668766
2,2.575,0.567,0.681,73668766
0,-110.731,-14.519,271.407,73691775
1,2.348,-9.083,-1.542,73714766
2,0.790,0.033,0.364,73714766
0,-111.717,-15.098,271.700,73668766
1,2.510,-9.637,-1.250,73760774
2,-0.613,-0.443,0.072,73760774
0,-111.717,-15.098,271.700,73668766
1,2.246,-9.571,-1.785,73806781
2,-2.385,-1.121,-0.075,73806781
0,-111.717,-15.098,271.700,73668766
1,1.681,-8.273,-3.342,73852767
2,-3.233,-0.814,-0.346,73875767
0,-110.731,-14.519,271.407,73691775
1,2.053,-7.647,-4.991,73898770
2,-4.153,-1.425,-0.444,73921772
0,-143.027,-9.912,282.185,73921772
1,1.373,-5.740,-6.205,73944766
2,-4.141,-1.093,-0.346,73967769
0,-153.392,-8.132,284.218,73967769
1,1.332,-4.034,-7.437,73990764
2,-4.137,-0.924,-0.146,74013780
0,-148.602,-8.793,283.549,73944766
1,0.931,-1.773,-8.894,74036767
2,-2.924,-0.251,0.159,74059765
0,-148.602,-8.793,283.549,73944766
1,1.120,-0.824,-9.775,74082767
2,-2.432,-0.306,0.230,74105766
0,-153.392,-8.132,284.218,73967769
1,0.766,0.465,-10.273,74128762
2,-1.456,-0.103,0.245,74151766
0,-153.392,-8.132,284.218,73967769
1,0.808,0.821,-10.560,74174773
2,-0.777,-0.107,0.227,74197766
0,179.915,-4.897,283.187,74220775
1,0.486,1.202,-10.777,74243770
2,0.195,0.150,0.066,74243770
0,-179.342,-5.181,283.241,74243770
1,0.859,0.816,-11.013,74289766
2,1.516,0.507,0.106,74289766
0,-179.342,-5.181,283.241,74243770
1,1.084,0.008,-11.228,74335767
2,3.244,0.903,0.253,74335767
0,-179.342,-5.181,283.241,74243770
1,1.426,-1.379,-9.840,74381766
2,4.962,1.425,0.257,74381766
0,-179.342,-5.181,283.241,74243770
1,2.291,-4.270,-7.743,74427765
2,5.068,1.366,0.584,74427765
0,-179.342,-5.181,283.241,74243770
1,1.969,-5.616,-6.308,74473766
2,4.183,0.682,0.572,74473766
0,-131.928,-13.686,275.346,74473766
1,2.079,-6.756,-4.731,74519767
2,4.581,0.775,0.516,74519767
0,-131.928,-13.686,275.346,74473766
1,2.362,-8.463,-2.353,74565765
2,2.910,0.067,0.459,74565765
0,-136.785,-13.909,276.226,74450768
1,1.943,-8.942,-1.388,74611773
2,1.548,-0.045,0.156,74611773
0,-136.785,-13.909,276.226,74450768
1,2.048,-9.264,-1.230,74634765
2,0.459,-0.202,-0.025,74657765
0,-114.583,-12.030,275.376,74680766
1,2.671,-10.578,-0.686,74680766
2,-2.812,-1.658,-0.309,74703767
0,-120.412,-11.252,278.154,74703767
1,1.868,-9.151,-2.533,74749766
2,-3.724,-1.404,-0.340,74749766
0,-114.583,-12.030,275.376,74680766
1,1.265,-7.327,-4.315,74795775
2,-5.245,-1.885,-0.450,74795775
0,-114.583,-12.030,275.376,74680766
1,0.985,-5.103,-6.341,74841774
2,-5.077,-1.216,-0.227,74841774
0,-120.412,-11.252,278.154,74703767
1,1.046,-3.046,-8.316,74887767
2,-4.431,-0.857,0.087,74887767
0,-170.429,-2.880,286.883,74910766
1,0.659,-0.695,-9.636,74933766
2,-3.448,-0.481,0.202,74933766
0,-175.648,-3.198,285.898,74956775
1,0.869,0.258,-10.388,74979766
2,-1.759,-0.144,0.399,75002765
0,-177.585,-3.077,285.252,74979766
1,0.448,1.435,-10.707,75025767
2,-0.768,-0.001,0.190,75048770
0,-177.585,-3.077,285.252,74979766
1,0.324,1.734,-11.064,75071771
2,0.517,0.141,0.162,75094767
0,-175.648,-3.198,285.898,74956775
1,0.285,1.313,-11.224,75117766
2,2.276,0.632,0.095,75140766
0,-175.648,-3.198,285.898,74956775
1,0.266,0.606,-11.100,75163765
2,3.367,1.090,-0.004,75163765
0,-162.186,-8.452,283.583,75186767
1,1.156,-1.604,-9.463,75209766
2,4.673,1.439,-0.033,75209766
0,-168.140,-6.478,283.937,75163765
1,1.815,-3.942,-7.937,75255765
2,4.393,1.299,0.135,75255765
0,-168.140,-6.478,283.937,75163765
1,2.109,-5.586,-6.621,75301773
2,4.563,1.254,0.291,75301773
0,-173.227,-4.718,284.083,75140766
1,2.251,-6.270,-5.486,75324767
2,3.556,0.619,0.192,75347770
0,-168.140,-6.478,283.937,75163765
1,2.799,-8.192,-3.540,75393766
2,2.638,0.578,0.276,75393766
0,-119.619,-14.892,275.753,75393766
1,2.658,-8.644,-2.708,75439768
2,1.547,0.179,0.088,75439768
0,-122.381,-14.835,276.484,75370780
1,2.651,-8.874,-2.517,75462767
2,0.498,-0.033,-0.041,75485774
0,-122.381,-14.835,276.484,75370780
1,2.990,-9.569,-1.889,75508772
2,-1.207,-0.789,-0.239,75531776
0,-119.619,-14.892,275.753,75393766
1,2.716,-9.280,-2.654,75577766
2,-2.701,-1.269,-0.339,75577766
0,-134.421,-12.099,283.779,75600767
1,2.235,-7.806,-3.995,75623767
2,-4.751,-2.077,-0.302,75623767
0,-141.129,-10.248,285.769,75623767
1,1.666,-5.905,-5.735,75669765
2,-5.440,-2.053,0.163,75669765
0,-141.129,-10.248,285.769,75623767
1,0.729,-2.940,-7.528,75715777
2,-5.252,-1.517,0.527,75715777
0,-141.129,-10.248,285.769,75623767
1,0.399,-0.686,-9.128,75761767
2,-3.757,-0.757,0.651,75761767
0,-141.129,-10.248,285.769,75623767
1,0.290,0.971,-9.924,75807767
2,-2.790,-0.533,0.616,75807767
0,-141.129,-10.248,285.769,75623767
1,-0.061,2.263,-10.697,75853767
2,-1.543,-0.137,0.495,75853767
0,175.659,0.122,283.179,75876766
1,-0.378,2.428,-10.867,75899765
2,-0.604,-0.156,0.282,75899765
0,175.659,0.122,283.179,75876766
1,-0.736,2.366,-10.864,75945768
2,0.367,0.060,0.109,75945768
0,175.264,0.418,283.003,75899765
1,-0.297,1.973,-11.309,75991766
2,2.918,0.712,-0.045,76014767
0,175.428,0.554,282.906,75922773
1,-0.081,0.952,-11.003,76037767
2,5.026,1.554,-0.298,76060765
0,175.428,0.554,282.906,75922773
1,0.779,-1.268,-9.018,76083767
2,6.035,2.067,-0.022,76106766
0,175.428,0.554,282.906,75922773
1,1.867,-4.123,-7.084,76129774
2,5.953,2.079,0.514,76151772
0,-139.140,-12.743,278.788,76129774
1,2.305,-5.791,-5.780,76174767
2,5.889,1.413,0.837,76197767
0,-139.140,-12.743,278.788,76129774
1,2.057,-7.299,-2.792,76220767
2,3.724,0.109,0.429,76243780
0,-131.431,-13.959,276.231,76151772
1,2.052,-9.087,-0.149,76266772
2,1.469,-0.108,0.123,76289766
0,-131.431,-13.959,276.231,76151772
1,1.958,-9.565,0.173,76312762
2,0.551,0.121,-0.031,76335766
0,-131.431,-13.959,276.231,76151772
1,2.329,-9.996,-0.299,76358766
2,-0.905,-0.505,-0.195,76381772
0,-109.372,-13.170,274.182,76381772
1,2.489,-10.415,-0.206,76404767
2,-2.911,-1.245,-0.435,76427766
0,-109.372,-13.170,274.182,76381772
1,2.077,-9.333,-1.536,76450766
2,-3.914,-1.413,-0.377,76473766
0,-106.882,-13.198,272.871,76358766
1,2.252,-8.773,-2.901,76496769
2,-5.648,-1.955,-0.301,76519766
0,-109.372,-13.170,274.182,76381772
1,1.105,-5.713,-5.140,76542767
2,-5.089,-1.143,-0.109,76565776
0,-109.372,-13.170,274.182,76381772
1,1.377,-3.966,-7.109,76588767
2,-5.282,-1.373,0.124,76611767
0,-171.508,-3.502,286.548,76634765
1,0.478,-0.954,-8.959,76634765
2,-3.080,-0.144,0.306,76657767
0,-167.789,-3.527,287.025,76611767
1,1.053,0.485,-10.110,76703766
2,-2.451,-0.379,0.194,76703766
0,-173.696,-4.026,286.085,76657767
1,0.469,1.817,-10.871,76749767
2,-1.553,-0.066,0.201,76749767
0,-173.696,-4.026,286.085,76657767
1,0.435,1.708,-10.819,76795766
2,-0.499,-0.126,0.254,76795766
0,-173.696,-4.026,286.085,76657767
1,0.034,1.835,-10.893,76841767
2,0.520,0.246,0.220,76841767
0,-178.060,-5.257,283.982,76864766
1,0.035,2.024,-11.421,76864766
2,3.369,1.464,0.225,76887765
0,-178.060,-5.257,283.982,76864766
1,0.775,0.352,-10.870,76910767
2,4.439,1.326,-0.071,76933767
0,-178.060,-5.257,283.982,76864766
1,1.841,-2.215,-9.190,76956774
2,5.216,1.834,0.522,76979771
0,178.281,-3.411,284.327,76841767
1,2.610,-4.607,-7.703,77002766
2,4.880,1.259,0.878,77025774
0,178.281,-3.411,284.327,76841767
1,2.419,-5.877,-6.100,77048766
2,4.404,0.951,0.821,77071766
0,-124.477,-14.874,273.420,77071766
1,2.521,-7.266,-4.242,77094774
2,3.860,0.619,0.844,77117768
0,-124.477,-14.874,273.420,77071766
1,2.211,-8.446,-2.069,77140762
2,2.937,0.475,0.646,77163767
0,-124.477,-14.874,273.420,77071766
1,2.026,-9.328,-0.631,77186767
2,1.171,-0.030,0.318,77209765
0,-124.477,-14.874,273.420,77071766
1,2.129,-10.282,0.383,77232774
2,-1.852,-1.200,-0.138,77255765
0,-124.477,-14.874,273.420,77071766
1,1.585,-9.694,-0.272,77278770
2,-3.538,-1.370,-0.443,77301766
0,-118.274,-11.353,275.365,77278770
1,1.715,-8.824,-2.425,77324769
2,-5.082,-2.138,-0.607,77347766
0,-123.279,-11.106,277.012,77301766
1,1.366,-7.279,-4.352,77370764
2,-5.380,-1.963,-0.413,77393776
0,-128.987,-10.520,279.181,77324769
1,0.927,-4.962,-6.271,77416766
2,-4.976,-1.284,0.071,77439766
0,-128.987,-10.520,279.181,77324769
1,0.177,-1.452,-8.296,77485766
2,-5.299,-1.237,0.157,77485766
0,-128.987,-10.520,279.181,77324769
1,0.071,-0.051,-9.419,77508767
2,-3.011,-0.068,0.381,77530767
0,-179.482,-1.221,285.289,77530767
1,0.607,1.392,-10.847,77553765
2,-2.003,-0.217,0.230,77576766
0,-179.482,-1.221,285.289,77530767
1,0.115,2.412,-11.350,77599762
2,-0.267,0.104,0.091,77622765
0,-173.792,-0.400,286.378,77485766
1,-0.204,2.553,-11.443,77645768
2,1.054,0.564,0.090,77645768
0,-167.767,-1.533,286.442,77462767
1,0.483,0.776,-11.030,77691765
2,3.494,1.218,0.403,77714767
0,-172.579,-5.572,283.655,77691765
1,0.475,-0.526,-10.390,77737765
2,4.522,1.604,0.442,77737765
0,-172.579,-5.572,283.655,77691765
1,1.509,-2.941,-8.200,77783770
2,6.099,2.362,0.471,77783770
0,-176.809,-3.987,284.349,77668766
1,2.212,-4.766,-6.915,77806765
2,4.545,1.695,0.784,77829767
0,-176.809,-3.987,284.349,77668766
1,2.540,-6.064,-6.305,77852767
2,4.961,1.691,1.063,77875765
0,-115.887,-14.982,267.623,77898767
1,2.552,-8.294,-2.568,77921766
2,3.808,0.628,0.918,77921766
0,-121.844,-15.602,269.190,77875765
1,2.166,-8.382,-1.866,77944766
2,3.562,1.007,0.990,77967767
0,-121.844,-15.602,269.190,77875765
1,1.568,-9.362,0.304,78013774
2,2.569,0.235,0.551,78013774
0,-115.887,-14.982,267.623,77898767
1,1.470,-9.374,1.301,78036766
2,0.827,-0.169,0.043,78059767
0,-112.667,-14.160,267.379,77921766
1,1.977,-9.894,1.373,78105766
2,0.927,0.296,0.115,78105766
0,-112.667,-14.160,267.379,77921766
1,1.977,-10.264,1.786,78151774
2,-0.512,-0.385,-0.089,78151774
0,-96.962,-11.858,264.768,78151774
1,1.949,-10.197,1.656,78197773
2,-3.147,-1.378,-0.427,78220767
0,-99.634,-12.080,266.016,78174770
1,2.204,-10.303,0.896,78243766
2,-5.501,-2.045,-0.470,78266766
0,-99.634,-12.080,266.016,78174770
1,1.494,-8.375,-1.519,78289767
2,-5.888,-1.910,-0.487,78289767
0,-103.038,-12.330,267.491,78197773
1,1.265,-6.517,-3.368,78334775
2,-7.703,-1.984,-0.148,78357767
0,-99.634,-12.080,266.016,78174770
1,0.136,-2.044,-7.007,78380765
2,-4.881,-0.240,0.194,78403768
0,-168.923,-4.957,280.803,78403768
1,1.001,-0.237,-9.935,78425767
2,-2.797,-0.151,0.204,78448767
0,-168.923,-4.957,280.803,78403768
1,1.240,0.755,-11.230,78471772
2,-1.108,0.138,0.133,78494776
0,-168.923,-4.957,280.803,78403768
1,0.956,1.206,-11.992,78517768
