-179.803,9.443,149.076,308337
-179.704,9.232,149.105,308358
-179.467,9.366,149.144,308379
-179.301,9.538,149.174,308400
-179.392,9.303,149.173,308421
-179.604,9.188,149.163,308442
-179.420,9.354,149.182,308463
-179.181,9.239,149.244,308484
-179.053,9.334,149.261,308505
-179.250,9.450,149.233,308526
-179.351,9.321,149.219,308547
-179.086,9.229,149.262,308568
-179.011,9.028,149.262,308589
-179.298,9.110,149.222,308610
-179.454,9.207,149.224,308631
-179.158,9.197,149.273,308652
-179.193,8.980,149.270,308673
-179.467,9.080,149.236,308694
-179.667,9.161,149.214,308715
-179.372,9.202,149.279,308736
-179.418,9.004,149.284,308757
-179.350,9.184,149.297,308778
-179.507,9.360,149.294,308799
-179.666,9.469,149.275,308820
-179.414,9.456,149.307,308841
-179.169,9.440,149.340,308862
-179.379,9.564,149.315,308883
-179.518,9.371,149.302,308904
-179.662,9.174,149.280,308925
-179.416,9.268,149.321,308946
-179.334,9.053,149.343,308967
-179.250,9.254,149.370,308988
-179.404,9.423,149.340,309009
-179.567,9.550,149.310,309030
-179.520,9.758,149.324,309051
-179.429,9.549,149.331,309072
-179.618,9.375,149.312,309093
-179.502,9.159,149.327,309114
-179.302,9.234,149.369,309135
-179.472,9.116,149.357,309156
-179.308,9.239,149.393,309177
-179.403,9.433,149.399,309198
-179.522,9.603,149.404,309219
-179.730,9.493,149.370,309240
-179.547,9.658,149.406,309261
-179.569,9.864,149.394,309282
-179.565,9.644,149.386,309303
-179.486,9.435,149.410,309324
-179.658,9.271,149.387,309345
-179.478,9.396,149.408,309366
-179.518,9.629,149.397,309387
-179.700,9.470,149.373,309408
-179.642,9.677,149.371,309429
-179.783,9.493,149.362,309450
-179.562,9.449,149.388,309471
-179.440,9.654,149.419,309492
-179.569,9.476,149.408,309513
-179.514,9.237,149.422,309534
-179.600,9.423,149.393,309555
-179.433,9.585,149.412,309576
-179.324,9.378,149.418,309597
-179.290,9.165,149.429,309618
-179.428,9.345,149.410,309639
-179.629,9.435,149.381,309660
-179.409,9.348,149.407,309681
-179.299,9.557,149.429,309702
-179.352,9.335,149.399,309723
-179.133,9.438,149.453,309744
-179.296,9.592,149.428,309765
-179.065,9.640,149.472,309786
-179.301,9.635,149.441,309807
-179.201,9.828,149.456,309828
-179.400,9.722,149.425,309849
-179.176,9.821,149.462,309870
-179.217,9.587,149.445,309891
-179.377,9.437,149.417,309912
-179.472,9.625,149.420,309933
-179.298,9.771,149.442,309954
-179.475,9.587,149.386,309975
-179.431,9.367,149.399,309996
-179.310,9.562,149.448,310017
-179.119,9.468,149.470,310038
-179.275,9.608,149.445,310059
-179.438,9.438,149.435,310080
-179.424,9.654,149.458,310101
-179.287,9.438,149.498,310122
-179.407,9.240,149.477,310143
-179.327,9.439,149.486,310164
-179.254,9.649,149.505,310185
-179.010,9.580,149.559,310206
-179.238,9.627,149.538,310227
-179.446,9.718,149.501,310248
-179.464,9.491,149.492,310269
-179.248,9.397,149.529,310290
-179.492,9.370,149.488,310311
-179.356,9.175,149.514,310332
-179.585,9.198,149.471,310353
-179.548,8.976,149.471,310374
-179.348,9.058,149.498,310395
-179.365,9.254,149.476,310416
-179.225,9.436,149.497,310437
-179.406,9.568,149.450,310458
-179.238,9.412,149.486,310479
-179.125,9.601,149.517,310500
-178.974,9.453,149.562,310521
-179.213,9.379,149.524,310542
-179.330,9.164,149.482,310563
-179.333,9.384,149.470,310584
-179.314,9.610,149.488,310605
-179.485,9.440,149.468,310626
-179.703,9.510,149.439,310647
-179.510,9.352,149.457,310668
-179.342,9.173,149.494,310689
-179.582,9.204,149.468,310710
-179.590,9.434,149.468,310731
-179.528,9.625,149.479,310752
-179.549,9.397,149.485,310773
-179.369,9.528,149.537,310794
-179.593,9.450,149.480,310815
-179.449,9.273,149.503,310836
-179.305,9.472,149.527,310857
-179.296,9.228,149.539,310878
-179.194,9.413,149.551,310899
-179.412,9.517,149.519,310920
-179.535,9.330,149.487,310941
-179.318,9.223,149.519,310962
-179.553,9.281,149.496,310983
-179.416,9.452,149.533,311004
-179.637,9.343,149.492,311025
-179.698,9.546,149.486,311046
-179.480,9.453,149.512,311067
-179.709,9.364,149.475,311088
-179.682,9.597,149.487,311109
-179.494,9.449,149.530,311130
-179.350,9.255,149.556,311151
-179.271,9.057,149.564,311172
-179.398,9.254,149.561,311193
-179.203,9.395,149.596,311214
-179.259,9.612,149.606,311235
-179.345,9.415,149.587,311256
-179.388,9.190,149.573,311277
-179.240,9.010,149.609,311298
-179.317,9.193,149.592,311319
-179.463,9.357,149.551,311340
-179.567,9.548,149.543,311361
-179.386,9.392,149.584,311382
-179.404,9.162,149.582,311403
-179.341,9.357,149.574,311424
-179.416,9.569,149.558,311445
-179.630,9.483,149.527,311466
-179.815,9.312,149.502,311487
-179.594,9.382,149.536,311508
-179.385,9.287,149.575,311529
-179.211,9.441,149.596,311550
-179.451,9.444,149.563,311571
-179.677,9.458,149.538,311592
-179.568,9.252,149.533,311613
-179.678,9.049,149.520,311634
-179.563,9.247,149.529,311655
-179.490,9.451,149.538,311676
-179.274,9.554,149.581,311697
-179.052,9.611,149.625,311718
-179.223,9.751,149.595,311739
-179.362,9.555,149.582,311760
-179.370,9.312,149.577,311781
-179.526,9.436,149.554,311802
-179.306,9.323,149.595,311823
-179.539,9.382,149.551,311844
-179.774,9.407,149.508,311865
-179.734,9.182,149.523,311886
-179.591,9.385,149.551,311907
-179.351,9.331,149.610,311928
-179.430,9.552,149.599,311949
-179.398,9.771,149.595,311970
-179.507,9.573,149.598,311991
-179.346,9.409,149.616,312012
-179.594,9.345,149.591,312033
-179.547,9.566,149.612,312054
-179.292,9.587,149.664,312075
-179.253,9.365,149.675,312096
-179.233,9.143,149.674,312117
-179.464,9.216,149.650,312138
-179.457,9.435,149.642,312159
-179.235,9.340,149.682,312180
-179.469,9.397,149.654,312201
-179.710,9.351,149.607,312222
-179.460,9.317,149.648,312243
-179.251,9.162,149.687,312264
-179.239,9.378,149.690,312285
-179.057,9.253,149.732,312306
-179.299,9.251,149.707,312327
-179.499,9.139,149.680,312348
-179.308,9.290,149.719,312369
-179.339,9.504,149.706,312390
-179.582,9.551,149.668,312411
-179.787,9.427,149.633,312432
-179.678,9.222,149.659,312453
-179.485,9.112,149.678,312474
-179.300,9.231,149.714,312495
-179.350,9.437,149.690,312516
-179.588,9.421,149.660,312537
-179.377,9.536,149.686,312558
-179.374,9.284,149.680,312579
-179.404,9.497,149.675,312600
-179.275,9.680,149.689,312621
-179.495,9.655,149.671,312642
-179.259,9.704,149.725,312663
-179.148,9.469,149.762,312684
-179.240,9.677,149.750,312705
-179.438,9.543,149.714,312726
-179.220,9.638,149.758,312747
-179.322,9.432,149.742,312768
