26.758,26.968,332.004,257361335,-4.464,3.929,7.933,257338334,0.004,0.028,0.001,257338334
26.574,27.025,331.958,257430333,-4.419,3.875,7.836,257384332,0.025,0.031,0.007,257407333
26.871,26.749,332.191,257476332,-4.486,3.886,7.813,257430333,-0.027,-0.054,0.056,257453332
26.960,26.925,332.307,257522333,-4.487,4.057,7.928,257499333,0.008,0.057,0.023,257522333
26.742,26.671,332.332,257591334,-4.553,4.075,8.011,257545332,0.008,0.054,0.029,257568338
27.037,26.737,332.456,257636333,-4.586,4.019,7.955,257613332,-0.036,-0.051,0.052,257613332
26.792,26.940,332.336,257705332,-4.578,4.079,8.036,257659335,0.013,0.027,-0.013,257682332
27.275,27.629,332.569,257751333,-4.559,3.938,7.898,257728333,0.042,0.051,0.000,257728333
27.012,27.156,332.436,257820333,-4.409,3.918,7.993,257774334,0.017,-0.004,0.016,257797334
26.849,26.965,332.293,257866334,-4.506,4.024,7.980,257820333,0.014,-0.003,-0.010,257843333
26.995,26.724,332.371,257912335,-4.458,3.973,7.885,257889337,0.017,-0.023,0.013,257912335
26.690,26.344,332.293,257981337,-4.357,4.018,8.016,257935332,-0.047,-0.070,0.021,257958332
26.598,26.563,332.303,258027331,-4.430,4.022,7.948,258004334,-0.048,-0.061,0.025,258004334
25.813,25.573,332.057,258119332,-4.432,4.014,7.983,258050334,-0.061,-0.042,0.009,258073332
25.856,25.660,332.095,258165334,-4.295,3.913,8.024,258119332,-0.086,-0.099,0.015,258142333
25.272,25.006,331.936,258211333,-4.330,3.973,8.110,258188333,-0.175,-0.137,0.018,258211333
22.203,23.369,331.355,258280334,-4.260,3.902,8.178,258234332,-0.499,-0.226,0.007,258257334
16.260,19.539,330.889,258349333,-3.869,3.646,8.553,258303337,-1.375,-0.886,0.181,258326331
9.264,18.409,330.109,258395333,-3.501,2.961,8.862,258349333,-1.911,-0.789,0.071,258372335
3.583,18.119,329.715,258441334,-3.222,1.654,9.277,258418333,-2.282,-0.246,-0.091,258441334
-1.665,16.627,329.083,258510330,-3.082,0.622,9.477,258464333,-1.636,-0.360,-0.088,258487334
-5.836,15.067,329.030,258579333,-2.843,-0.421,9.600,258533333,-1.210,-0.434,-0.023,258556332
-7.567,14.227,329.111,258625333,-2.728,-0.929,9.519,258579333,-0.834,-0.378,-0.002,258602336
-9.138,13.736,329.195,258671334,-2.538,-1.300,9.664,258648333,-0.597,-0.262,0.030,258671334
-11.996,12.056,330.060,258740334,-2.346,-1.569,9.906,258694333,-0.790,-0.383,0.136,258717330
-14.082,10.198,330.435,258809336,-2.065,-2.274,9.358,258763348,-0.624,-0.606,0.061,258786334
-13.830,9.558,330.631,258855335,-1.841,-2.516,9.184,258832334,-0.217,-0.359,0.056,258832334
-13.855,8.658,330.809,258924333,-1.729,-2.392,9.351,258878340,0.054,-0.293,-0.003,258901335
-13.757,7.100,330.908,258970334,-1.541,-2.438,9.575,258947332,0.094,-0.478,-0.057,258970334
-12.342,4.170,331.224,259039334,-1.123,-2.425,9.430,258993331,0.301,-0.669,-0.086,259016335
-7.963,-0.586,332.526,259108331,-0.620,-2.296,9.599,259062333,0.915,-1.060,0.036,259085333
-5.410,-3.674,334.466,259154333,-0.172,-1.686,10.058,259108331,1.222,-1.356,0.384,259131334
-3.283,-7.721,335.808,259223333,0.598,-0.958,9.814,259177333,0.681,-1.185,0.443,259200332
-2.645,-10.011,336.116,259269334,1.031,-0.653,10.131,259223333,0.504,-1.036,0.180,259246333
-1.555,-11.277,335.867,259315334,1.668,-0.472,9.631,259292334,0.475,-0.527,-0.074,259315334
1.334,-11.346,335.071,259384334,2.069,-0.326,9.455,259338332,0.673,-0.078,-0.231,259361332
2.511,-9.963,334.874,259453331,2.271,0.156,9.717,259407333,0.436,0.357,-0.066,259430335
1.249,-7.465,333.764,259499333,2.017,0.490,9.806,259453331,-0.082,0.724,-0.302,259476331
-1.078,-3.313,332.888,259545334,1.530,0.264,9.892,259522336,-0.871,1.490,-0.378,259545334
-3.851,12.015,330.913,259614335,0.575,0.142,9.745,259568333,-1.035,2.875,-0.305,259591334
-2.558,25.909,330.807,259683333,-1.821,-1.241,9.717,259637334,-0.057,4.196,-0.051,259660335
0.036,33.971,331.523,259729337,-3.524,-0.983,9.212,259683333,0.577,3.349,0.272,259706332
1.188,43.498,331.051,259775333,-5.959,0.058,8.273,259752345,0.623,3.783,-0.073,259775333
0.751,52.490,331.472,259844333,-6.796,-0.275,7.251,259798333,-0.024,2.794,-0.000,259821334
2.820,57.414,333.366,259890343,-8.139,0.050,5.435,259867334,0.227,2.506,0.277,259867334
4.184,61.742,335.303,259959334,-8.572,0.044,4.399,259913334,-0.063,1.430,0.243,259936333
4.820,64.013,336.380,260005334,-9.091,0.342,4.066,259959334,-0.120,0.964,0.153,260005334
7.082,67.716,338.643,260074333,-9.381,0.384,3.346,260028334,0.028,1.012,0.147,260051334
8.320,69.371,340.411,260143333,-9.322,0.340,2.669,260097332,-0.085,0.565,0.143,260120338
7.563,69.089,339.996,260189335,-9.548,0.577,2.362,260143333,-0.175,0.089,0.039,260166334
5.006,66.332,337.686,260235332,-9.596,0.479,2.297,260212333,-0.181,-0.614,-0.136,260212333
0.684,60.285,333.942,260304332,-9.543,0.567,2.743,260258332,-0.291,-1.676,-0.359,260281343
-0.534,56.698,332.846,260350332,-9.065,0.269,4.030,260327338,-0.197,-1.822,-0.333,260327338
-2.267,50.632,331.298,260418333,-8.595,0.007,4.921,260372334,-0.130,-1.719,-0.273,260395337
-2.342,46.001,330.952,260464332,-7.853,-0.264,5.922,260441333,-0.065,-1.937,-0.223,260441333
-0.845,38.226,331.115,260533334,-7.356,-0.304,6.623,260487332,0.189,-2.132,-0.165,260510333
0.463,33.055,330.958,260579334,-6.505,-0.148,7.651,260556334,0.388,-2.058,-0.043,260556334
3.703,23.493,331.246,260648333,-5.710,0.041,7.988,260602333,0.786,-2.368,0.057,260625334
6.284,17.924,331.366,260694334,-4.714,0.308,8.666,260648333,0.809,-2.676,0.220,260671333
8.067,10.803,330.928,260763334,-3.184,0.893,9.136,260717333,0.517,-2.292,0.147,260740333
9.578,6.615,329.380,260809333,-1.977,1.466,9.868,260786333,0.697,-1.773,-0.135,260786333
11.811,-0.448,327.953,260878332,-1.026,1.650,9.872,260832332,0.523,-2.241,0.052,260855333
13.534,-1.374,327.128,260924334,0.462,2.407,9.968,260901333,0.639,-1.107,-0.345,260901333
13.892,-2.583,327.189,260993335,0.691,2.243,9.451,260947333,0.253,-0.343,-0.061,260970333
