-151.976,-38.855,29.774,1430958686
-151.626,-38.618,29.241,1430979683
-151.311,-38.401,28.653,1431000683
-151.234,-38.468,28.102,1431021689
-150.723,-38.467,27.151,1431042686
-150.204,-38.568,26.464,1431063686
-149.596,-38.508,25.633,1431084688
-148.960,-38.328,24.889,1431105687
-148.792,-38.053,24.300,1431126686
-148.437,-38.076,23.709,1431147684
-148.438,-38.181,23.323,1431168683
-148.938,-38.213,23.013,1431189683
-149.498,-38.450,22.770,1431210687
-149.906,-38.472,22.434,1431231683
-150.150,-38.841,22.014,1431252683
-150.440,-39.233,21.626,1431273683
-150.597,-39.499,21.116,1431294683
-150.855,-39.635,20.666,1431315683
-151.109,-40.155,20.292,1431336689
-151.358,-40.751,19.924,1431357687
-151.878,-41.120,19.770,1431378683
-152.146,-41.229,19.535,1431399689
-152.289,-40.921,19.947,1431420683
-152.668,-40.582,20.224,1431441683
-152.545,-40.574,20.068,1431462683
-152.407,-40.467,19.762,1431483683
-152.228,-40.326,19.314,1431504683
-152.266,-40.342,18.912,1431525687
-152.583,-40.241,19.164,1431546683
-153.037,-39.887,19.278,1431567683
-153.651,-39.503,19.283,1431588687
-154.220,-39.395,19.541,1431609687
-154.498,-39.088,19.618,1431630694
-155.337,-39.002,19.994,1431651683
-156.098,-38.741,20.191,1431672683
-156.561,-38.929,20.247,1431693683
-157.136,-39.164,20.389,1431714683
-157.504,-39.118,20.434,1431735683
-158.254,-39.093,20.710,1431756684
-159.066,-39.440,21.053,1431777683
-159.818,-39.332,21.322,1431798686
-160.698,-39.306,21.645,1431819687
-161.406,-39.159,21.840,1431840688
-162.261,-39.432,22.171,1431861686
-163.493,-39.456,22.765,1431882687
-164.440,-39.579,23.213,1431903687
-165.117,-39.588,23.488,1431924687
-165.833,-39.555,23.839,1431945687
-166.811,-39.154,24.341,1431966683
-167.837,-39.147,24.924,1431987686
-168.942,-38.695,25.553,1432008683
-170.226,-38.288,26.304,1432029688
-171.692,-37.940,27.190,1432050687
-172.960,-37.564,27.981,1432071688
-174.549,-37.297,28.978,1432092683
-176.263,-37.254,30.057,1432113683
-177.534,-37.148,30.910,1432134687
-179.512,-37.070,32.176,1432155683
178.772,-36.898,33.236,1432176683
176.805,-36.747,34.408,1432197683
174.734,-36.781,35.575,1432218683
172.680,-36.849,36.727,1432239683
170.504,-36.897,37.903,1432260683
168.211,-36.997,39.172,1432281687
165.698,-37.116,40.591,1432302683
163.483,-37.083,41.783,1432323683
160.620,-37.085,43.288,1432344683
157.594,-36.999,44.836,1432365687
154.510,-36.831,46.359,1432386688
151.737,-36.511,47.606,1432407690
148.747,-36.265,48.908,1432428687
145.824,-36.018,50.122,1432449683
143.058,-36.052,51.180,1432470683
140.566,-36.214,52.049,1432491683
138.261,-36.476,52.817,1432512683
136.137,-36.776,53.473,1432533689
134.331,-37.126,53.982,1432554688
132.658,-37.436,54.456,1432575683
131.136,-37.345,54.913,1432596683
130.073,-37.511,55.133,1432617683
128.966,-37.418,55.413,1432638683
127.871,-37.303,55.705,1432659687
126.735,-37.329,56.046,1432680683
125.722,-37.281,56.327,1432701683
124.904,-37.508,56.521,1432722683
124.345,-37.747,56.600,1432743683
123.832,-37.978,56.709,1432764686
123.457,-38.176,56.807,1432785683
123.342,-38.187,56.870,1432806683
123.058,-37.951,57.041,1432827683
122.868,-37.745,57.156,1432848688
122.654,-37.617,57.281,1432869683
122.528,-37.512,57.365,1432890686
122.812,-37.543,57.179,1432911687
122.898,-37.892,57.118,1432932687
122.972,-38.255,57.056,1432953689
123.273,-38.294,56.826,1432974685
123.562,-38.291,56.585,1432995683
123.841,-38.309,56.348,1433016683
123.973,-38.425,56.212,1433037687
124.324,-38.474,55.908,1433058687
124.517,-38.573,55.672,1433079689
124.887,-39.066,55.286,1433100683
125.437,-39.457,54.749,1433121683
125.736,-39.898,54.308,1433142683
126.300,-40.110,53.697,1433163683
126.673,-40.462,53.232,1433184683
127.134,-40.410,52.687,1433205683
127.529,-40.299,52.173,1433226683
127.563,-40.157,51.879,1433247687
127.627,-39.983,51.513,1433268687
127.608,-40.079,51.181,1433289683
127.606,-40.238,50.825,1433310683
127.881,-40.436,50.273,1433331683
127.969,-40.665,49.844,1433352683
128.289,-40.875,49.250,1433373687
128.568,-41.144,48.633,1433394683
128.987,-41.283,47.930,1433415686
129.355,-41.262,47.217,1433436687
129.788,-41.348,46.366,1433457690
130.155,-41.299,45.511,1433478687
130.363,-41.195,44.723,1433499688
130.478,-41.236,43.946,1433520683
130.741,-41.464,43.081,1433541685
131.128,-41.657,42.106,1433562683
131.763,-41.761,40.939,1433583683
132.399,-41.803,39.767,1433604687
133.062,-41.546,38.575,1433625683
133.684,-41.211,37.398,1433646686
134.125,-40.972,36.307,1433667683
134.922,-40.676,34.969,1433688683
135.746,-40.411,33.541,1433709683
136.966,-40.319,31.807,1433730683
138.012,-40.105,30.135,1433751683
139.313,-40.345,28.186,1433772688
141.018,-40.461,25.924,1433793688
142.806,-40.366,23.534,1433814687
144.752,-40.214,20.951,1433835687
146.774,-39.959,18.231,1433856690
148.833,-39.998,15.424,1433877683
151.212,-39.723,12.424,1433898683
153.668,-39.477,9.359,1433919683
156.136,-39.028,6.229,1433940687
158.664,-38.611,3.006,1433961683
161.243,-38.044,359.730,1433982688
163.892,-37.449,356.382,1434003683
166.504,-36.793,353.056,1434024683
168.991,-35.991,349.807,1434045683
171.575,-35.384,346.461,1434066683
173.878,-34.876,343.282,1434087683
176.318,-34.391,340.020,1434108683
179.005,-33.795,336.623,1434129683
-178.227,-33.193,333.155,1434150683
-175.396,-32.529,329.626,1434171683
-172.434,-31.878,325.932,1434192683
-169.283,-31.188,321.957,1434213683
-169.499,-31.204,319.728,1434234683
-169.748,-31.241,317.201,1434255683
-169.630,-31.429,314.195,1434276683
-169.186,-31.652,310.708,1434297683
-166.939,-31.371,308.669,1434318683
-164.967,-31.354,306.115,1434339683
-162.818,-31.415,302.965,1434360690
-160.514,-31.572,299.366,1434381687
-158.039,-31.374,295.381,1434402683
-155.940,-31.470,291.405,1434423685
-153.191,-30.973,287.794,1434444683
-150.990,-30.587,284.598,1434465683
-148.936,-30.227,281.411,1434486687
-146.823,-29.949,278.144,1434507683
-145.039,-29.697,275.025,1434528683
-143.361,-29.437,271.979,1434549683
-141.954,-29.234,269.155,1434570691
-140.595,-28.695,266.427,1434591683
-139.586,-28.154,263.875,1434612683
-138.940,-27.716,261.512,1434633687
-138.505,-27.303,259.146,1434654683
-138.345,-27.093,256.919,1434675683
-137.968,-27.015,254.561,1434696687
-137.871,-27.259,252.267,1434717686
-137.793,-27.352,249.802,1434738687
-137.911,-27.371,247.196,1434759690
-138.238,-27.386,244.462,1434780687
-138.729,-27.482,241.590,1434801687
-139.314,-27.624,238.491,1434822683
-141.227,-27.859,237.639,1434843686
-142.941,-28.248,236.233,1434864683
-144.414,-28.762,234.237,1434885683
-145.575,-29.274,231.713,1434906687
-146.451,-29.791,228.717,1434927683
-147.074,-30.232,225.330,1434948683
-148.461,-30.963,222.198,1434969683
-149.154,-31.333,218.476,1434990683
-149.652,-31.681,214.447,1435011687
-150.091,-31.679,210.230,1435032683
-149.996,-31.632,205.646,1435053683
-147.525,-29.916,203.943,1435074683
-145.515,-28.133,201.646,1435095686
-143.251,-26.326,198.973,1435116683
-141.216,-24.741,196.236,1435137683
-139.377,-23.070,193.455,1435158687
-138.003,-21.584,190.863,1435179683
-136.985,-20.121,188.438,1435200683
-136.216,-18.771,186.144,1435221686
-135.754,-17.561,184.009,1435242683
-135.518,-16.505,182.036,1435263683
-135.503,-15.678,180.215,1435284685
-135.601,-15.109,178.500,1435305683
-135.864,-14.781,176.902,1435326683
-136.318,-14.657,175.393,1435347685
-136.939,-14.600,173.957,1435368683
-137.662,-14.717,172.514,1435389683
-138.403,-15.170,171.102,1435410690
-139.295,-15.826,169.766,1435432683
-140.040,-16.758,168.400,1435453687
-140.898,-17.869,167.051,1435474683
-141.757,-19.170,165.747,1435495683
-142.587,-20.592,164.411,1435516687
-143.470,-22.105,163.020,1435537683
-145.149,-23.132,163.969,1435558683
-146.945,-24.079,164.833,1435579683
-148.617,-25.213,165.434,1435600683
-149.856,-26.216,165.733,1435621683
-151.016,-27.455,165.934,1435642687
-151.566,-28.942,165.693,1435663683
-152.255,-30.249,165.335,1435684683
-152.833,-31.847,164.739,1435705686
-153.259,-33.194,163.881,1435726683
-154.290,-34.667,163.633,1435747683
-154.939,-36.130,163.227,1435768683
-155.862,-37.462,162.890,1435789687
-156.488,-38.986,162.267,1435810683
-157.077,-40.414,161.539,1435831690
-157.428,-41.862,160.604,1435852688
-157.362,-43.168,159.294,1435873683
-157.170,-44.322,157.824,1435894686
-157.400,-45.283,156.599,1435915683
-156.958,-45.910,154.923,1435936683
-156.278,-46.553,153.076,1435957692
-155.874,-46.890,151.441,1435978683
-155.589,-47.304,149.863,1435999683
-155.283,-47.575,148.202,1436020683
-154.441,-47.837,146.061,1436041683
-153.975,-47.718,144.096,1436062689
-153.372,-47.341,141.896,1436083687
-152.602,-46.796,139.352,1436104688
-151.883,-46.115,136.759,1436125683
-151.701,-45.260,134.369,1436146687
-151.637,-44.249,131.847,1436167683
-151.975,-43.249,129.319,1436188683
-152.500,-42.141,126.614,1436209683
-153.403,-41.091,123.914,1436230683
-154.398,-40.017,121.014,1436251688
-155.015,-39.114,117.730,1436272683
-155.720,-38.198,114.398,1436293683
-156.398,-37.414,110.940,1436314683
-157.120,-36.657,107.411,1436335683
-157.753,-36.042,103.787,1436356689
-158.385,-35.545,100.160,1436377683
-159.000,-35.414,96.521,1436398683
-159.477,-35.444,92.856,1436419689
-159.855,-35.698,89.219,1436440683
-159.971,-36.055,85.566,1436461683
-160.006,-36.595,82.006,1436482687
-159.645,-37.075,78.329,1436503683
-159.126,-37.370,74.663,1436524686
-158.712,-37.535,71.153,1436545686
-158.146,-37.665,67.653,1436566683
-157.344,-37.891,64.050,1436587687
-156.889,-38.321,60.709,1436608683
-155.940,-38.656,57.125,1436629683
-154.301,-39.898,56.406,1436650687
-152.638,-41.076,55.516,1436671683
-151.201,-41.747,54.560,1436692683
-149.961,-42.229,53.595,1436713688
-148.820,-42.413,52.579,1436734686
-148.165,-42.445,51.770,1436755683
-147.802,-42.267,51.077,1436776683
-147.893,-42.257,50.513,1436797683
-148.099,-42.081,49.912,1436818683
-148.385,-41.710,49.220,1436839683
-148.784,-41.223,48.471,1436860687
-149.100,-40.577,47.570,1436881683
-149.115,-40.602,47.488,1436902687
-149.017,-40.467,47.101,1436923683
-149.027,-40.057,46.589,1436944689
-149.607,-39.739,46.252,1436965687
-150.198,-39.390,45.733,1436986683
-150.992,-39.210,45.241,1437007683
-151.727,-39.220,44.605,1437028683
-152.089,-39.019,43.643,1437049683
-152.566,-39.007,42.630,1437070683
-152.962,-38.965,41.389,1437091683
-153.422,-38.751,40.027,1437112683
-154.210,-38.835,39.049,1437133683
-154.462,-38.570,39.484,1437154689
-154.808,-38.236,39.678,1437175683
-155.333,-37.957,39.684,1437196683
-156.010,-37.784,39.535,1437217683
-156.915,-37.744,39.311,1437238683
-158.088,-37.822,39.042,1437259686
-158.759,-37.707,39.532,1437280683
-159.237,-37.586,39.712,1437301686
-159.943,-37.799,39.789,1437322683
-160.712,-38.170,39.681,1437343683
-161.702,-38.372,40.319,1437364684
-163.034,-38.587,40.923,1437385683
-164.299,-38.741,41.239,1437406689
-165.122,-38.854,41.573,1437427683
-166.345,-39.401,41.915,1437448683
-167.414,-39.995,41.927,1437469698
-168.780,-40.595,42.245,1437490683
-169.959,-41.046,42.373,1437511683
-171.460,-41.393,42.779,1437532683
-173.854,-41.824,43.674,1437553683
-176.551,-42.173,44.774,1437574683
-179.449,-42.421,45.984,1437595683
177.618,-42.600,47.160,1437616683
174.353,-43.051,48.506,1437637683
170.860,-43.472,49.940,1437658683
167.148,-43.814,51.441,1437679683
163.166,-44.061,53.033,1437700686
159.078,-44.253,54.570,1437721683
154.890,-44.166,56.087,1437742683
150.953,-43.877,57.315,1437763689
147.356,-43.483,58.267,1437784683
143.944,-43.117,59.050,1437805687
140.937,-42.723,59.503,1437826683
138.208,-42.465,59.784,1437847683
135.819,-42.351,59.813,1437868686
133.958,-42.558,59.539,1437889683
132.496,-42.834,59.076,1437910683
131.645,-42.964,58.262,1437931683
130.790,-42.853,57.503,1437952683
130.367,-42.728,56.531,1437973689
130.300,-42.624,55.360,1437994683
130.223,-42.574,54.227,1438015683
130.629,-42.367,52.830,1438036683
131.177,-42.216,51.328,1438057683
132.432,-42.297,49.366,1438078683
133.905,-42.412,47.267,1438099683
135.647,-42.503,44.984,1438120683
137.645,-42.531,42.496,1438141683
139.846,-42.486,39.800,1438162683
142.235,-42.360,36.928,1438183685
144.879,-42.246,33.840,1438204683
147.664,-42.014,30.618,1438225689
150.521,-41.647,27.292,1438246683
153.557,-41.384,23.808,1438267683
156.626,-40.859,20.238,1438288683
159.774,-40.324,16.607,1438309683
162.924,-39.753,12.980,1438330683
166.027,-39.017,9.384,1438351683
169.079,-38.222,5.827,1438372683
172.112,-37.307,2.257,1438393690
175.244,-36.487,358.586,1438414683
178.438,-35.626,354.842,1438435683
-178.630,-34.995,351.232,1438456683
-175.478,-34.387,347.501,1438477683
-172.212,-33.580,343.682,1438498683
-173.512,-33.575,342.330,1438519689
-174.680,-33.382,340.693,1438540683
-175.558,-33.472,338.533,1438561683
-175.289,-33.483,337.839,1438582687
-174.602,-33.394,336.379,1438603691
-173.617,-33.550,334.308,1438624686
-172.319,-33.733,331.594,1438645683
-170.297,-33.464,329.645,1438666683
-167.728,-33.324,326.857,1438687688
-165.119,-33.163,323.720,1438708683
-162.523,-32.840,320.339,1438729683
-159.882,-32.481,317.662,1438750685
-157.145,-32.308,314.764,1438771683
-154.504,-32.213,311.720,1438792683
-151.651,-31.938,308.826,1438813697
-148.901,-31.792,305.880,1438834683
-146.239,-31.552,302.915,1438855683
-143.537,-31.208,300.159,1438876683
-140.963,-30.757,297.413,1438897683
-138.571,-30.180,294.903,1438918683
-136.479,-29.640,292.584,1438939683
-134.722,-29.113,290.582,1438960683
-133.174,-28.636,288.757,1438981683
-132.161,-28.299,287.235,1439002683
-131.446,-28.311,285.943,1439023683
-130.626,-28.356,284.656,1439044683
-129.982,-28.374,283.504,1439065683
-129.607,-28.545,282.433,1439086683
-129.561,-28.537,281.530,1439107683
-129.639,-28.741,280.730,1439128688
-130.221,-28.915,280.256,1439149683
-131.128,-29.274,280.026,1439170683
-131.924,-29.530,279.880,1439191683
-133.126,-30.258,279.943,1439212683
-134.143,-30.553,280.050,1439233683
-135.481,-31.302,280.226,1439254683
-136.796,-31.985,280.335,1439275687
-138.413,-32.324,280.513,1439296683
-140.134,-32.602,280.714,1439317688
-141.992,-33.013,281.013,1439338690
-143.862,-33.560,281.310,1439359687
-145.713,-33.940,281.497,1439380684
-147.165,-34.519,281.353,1439401689
-148.915,-34.864,281.269,1439422683
-150.652,-35.373,281.151,1439443683
-152.133,-36.008,280.794,1439464683
-153.477,-36.651,280.282,1439485683
-155.011,-37.188,279.839,1439506689
-156.074,-37.443,279.051,1439527683
-157.036,-37.660,278.060,1439548683
-157.846,-37.813,276.878,1439569683
-158.524,-37.920,275.508,1439590683
-159.332,-38.194,274.196,1439611683
-159.637,-38.214,272.516,1439632687
-160.078,-38.539,270.865,1439653683
-160.034,-38.754,268.858,1439674688
-159.787,-38.849,266.657,1439695683
-159.448,-38.824,264.336,1439716683
-159.206,-38.574,261.977,1439737692
-158.906,-38.278,259.487,1439758690
-158.339,-37.876,256.654,1439779683
-157.296,-37.445,253.355,1439800687
-156.006,-36.984,249.741,1439821688
-154.574,-36.433,245.863,1439842687
-152.948,-35.700,241.644,1439863687
-151.238,-34.858,237.145,1439884688
-149.459,-33.809,232.528,1439905685
-147.684,-32.640,227.866,1439926688
-146.000,-31.345,223.264,1439947685
-145.490,-30.596,218.696,1439968686
-145.030,-30.065,214.747,1439989687
-143.733,-29.046,211.764,1440010683
-142.360,-27.739,208.805,1440031690
-140.948,-26.484,205.866,1440052683
-139.546,-25.268,202.992,1440073688
-138.249,-24.147,200.271,1440094686
-137.107,-23.219,197.699,1440115683
-136.144,-22.363,195.293,1440136686
-135.696,-21.810,193.182,1440157687
-135.438,-21.386,191.207,1440178683
-135.385,-21.045,189.354,1440199686
-135.451,-20.935,187.566,1440220683
-135.641,-20.966,185.842,1440241683
-136.014,-21.240,184.220,1440262689
-136.562,-21.597,182.681,1440283683
-137.015,-21.978,181.144,1440304683
-137.603,-22.882,179.639,1440325687
-138.621,-23.822,178.259,1440346683
-139.747,-24.741,176.907,1440367683
-140.891,-25.911,175.587,1440388684
-142.013,-27.038,174.261,1440409689
-142.937,-28.443,172.800,1440430686
-143.512,-29.763,171.115,1440451687
-143.988,-31.185,169.314,1440472688
-146.285,-32.670,169.472,1440493695
-147.898,-34.213,169.160,1440514688
-149.283,-35.557,168.669,1440535687
-150.882,-36.877,168.230,1440556683
-152.419,-38.400,167.695,1440577683
-153.856,-39.870,167.006,1440598683
-155.139,-41.422,166.099,1440619688
-156.461,-42.748,165.038,1440640687
-157.624,-44.024,163.752,1440661683
-158.705,-44.892,162.270,1440682688
-159.747,-45.580,160.522,1440703683
-160.881,-46.179,158.668,1440724683
-161.899,-46.573,156.565,1440745687
-162.932,-46.799,154.295,1440766687
-163.775,-46.902,151.711,1440787683
-164.942,-46.978,149.115,1440808683
-165.856,-46.886,146.012,1440829683
-166.430,-47.549,143.480,1440850683
-167.038,-47.890,140.580,1440871686
-167.441,-47.777,138.749,1440892687
-168.114,-47.376,136.706,1440913686
-168.728,-46.829,134.318,1440934688
-169.344,-46.121,131.768,1440955687
-169.860,-45.333,129.064,1440976689
-170.243,-44.631,126.232,1440997687
-170.546,-43.976,123.341,1441018690
-170.817,-43.298,120.481,1441039689
-171.021,-42.596,117.628,1441060683
-171.038,-41.866,114.796,1441081683
-170.838,-41.098,111.941,1441102684
-170.414,-40.277,109.027,1441123683
-169.884,-39.372,106.124,1441144683
-169.219,-38.854,103.232,1441165683
-168.337,-38.215,100.258,1441186685
-167.431,-37.936,97.330,1441207683
-166.480,-37.775,94.376,1441228683
-165.507,-37.709,91.449,1441249687
-164.299,-37.593,88.392,1441270683
-163.294,-37.290,85.484,1441291686
-162.363,-37.030,82.656,1441312683
-161.333,-36.768,79.736,1441333683
-160.295,-36.509,76.781,1441354687
-159.408,-36.674,73.828,1441375683
-158.589,-36.871,70.889,1441396683
-157.736,-37.034,67.857,1441417686
-157.040,-37.253,64.879,1441438683
-156.338,-37.471,61.839,1441459687
-156.023,-37.815,58.883,1441480686
-155.274,-38.239,56.496,1441501683
-154.177,-38.090,56.050,1441522683
-153.614,-38.072,55.422,1441543683
-153.293,-38.041,54.576,1441564683
-153.295,-38.068,53.635,1441585683
-153.078,-37.777,53.635,1441606683
-153.163,-37.518,53.465,1441627683
-153.420,-37.536,53.099,1441648688
-153.327,-37.361,53.161,1441669686
-152.568,-37.507,52.833,1441690687
-151.957,-37.729,52.373,1441711688
-151.653,-37.956,51.883,1441732687
-151.548,-38.336,51.924,1441753687
-151.919,-38.758,51.980,1441774685
-151.983,-39.096,51.605,1441795685
-152.109,-39.355,51.455,1441816689
-152.412,-39.460,51.216,1441837687
-152.826,-39.758,50.907,1441858683
-153.307,-39.977,50.726,1441879683
-154.421,-40.396,50.730,1441900687
-155.506,-40.658,50.737,1441921683
-156.702,-41.128,50.736,1441942687
-157.938,-41.657,50.828,1441963686
-158.780,-41.957,50.724,1441984688
-160.370,-42.439,51.134,1442005683
-162.025,-42.972,51.644,1442026683
-164.024,-43.436,52.422,1442047684
-166.004,-43.769,53.182,1442068683
-168.173,-43.869,54.023,1442089686
-171.286,-43.968,55.487,1442110683
-174.470,-43.879,56.945,1442131683
-177.971,-43.783,58.581,1442152683
178.408,-43.698,60.191,1442173688
174.656,-43.586,61.845,1442194687
170.803,-43.430,63.459,1442215683
166.879,-43.252,65.038,1442236687
162.982,-43.131,66.511,1442257683
159.168,-43.023,67.791,1442278683
155.392,-42.722,69.020,1442299683
151.768,-42.314,70.083,1442320683
148.472,-41.830,70.934,1442341683
145.164,-41.412,71.801,1442362683
142.161,-40.954,72.447,1442383683
139.406,-40.517,72.914,1442404685
136.990,-40.216,73.135,1442425683
135.281,-40.275,72.863,1442446683
133.945,-40.391,72.292,1442467683
132.809,-40.581,71.642,1442488683
131.962,-40.492,70.899,1442509683
131.514,-40.380,69.997,1442530691
131.289,-40.350,69.022,1442551683
131.362,-40.274,67.980,1442572683
131.799,-40.180,66.752,1442593687
132.271,-40.355,65.547,1442614683
133.513,-40.573,63.864,1442635683
135.049,-40.905,61.983,1442656683
138.994,-41.489,57.550,1442698683
141.289,-41.909,54.992,1442719683
143.803,-42.093,52.219,1442740683
146.535,-42.195,49.249,1442761683
149.453,-42.256,46.096,1442782683
152.541,-42.199,42.757,1442803686
155.749,-42.042,39.326,1442824683
159.010,-41.764,35.809,1442845687
162.254,-41.288,32.271,1442866683
165.512,-40.716,28.711,1442887683
168.671,-39.859,25.208,1442908687
171.726,-38.841,21.819,1442929683
174.688,-37.725,18.487,1442950683
177.581,-36.853,15.168,1442971685
-179.476,-35.934,11.793,1442992683
-176.613,-34.679,8.510,1443013687
-173.623,-33.668,5.180,1443034683
-175.061,-32.637,4.529,1443055683
-176.287,-32.012,3.583,1443076683
-177.135,-31.509,2.253,1443097687
-177.643,-31.201,0.516,1443118683
-177.817,-31.085,358.357,1443139683
-176.721,-30.907,357.749,1443160686
-175.681,-31.067,356.597,1443181683
-174.428,-31.402,354.842,1443202698
-173.067,-31.762,352.577,1443223687
-171.314,-32.295,349.767,1443244684
-168.895,-32.509,347.438,1443265687
-166.458,-32.431,345.098,1443286683
-163.925,-32.590,343.668,1443307683
-161.202,-32.680,341.740,1443328685
-159.941,-33.461,339.882,1443349683
-158.637,-34.183,337.645,1443370683
-157.082,-34.925,334.997,1443391697
-155.440,-35.572,332.059,1443412683
-153.088,-35.720,329.312,1443433685
-150.880,-35.787,327.037,1443454683
-148.429,-35.680,324.501,1443475683
-146.130,-35.333,321.966,1443496687
-144.071,-34.969,319.522,1443517683
-142.190,-34.577,317.125,1443538683
-140.863,-34.139,314.967,1443559689
-139.806,-33.848,312.942,1443580683
-138.672,-33.715,310.841,1443601689
-137.509,-33.242,308.761,1443622689
-136.986,-32.894,307.026,1443643683
-136.677,-32.599,305.412,1443664683
-136.188,-32.398,303.719,1443685687
-136.065,-31.946,302.300,1443706686
-136.291,-31.541,301.325,1443727687
-136.748,-31.574,300.449,1443748689
-137.269,-31.761,299.556,1443769687
-137.961,-31.821,298.971,1443790686
-138.597,-31.976,298.249,1443811687
-139.515,-32.142,297.738,1443832685
-140.327,-31.949,297.141,1443853683
-141.500,-31.822,296.726,1443874687
-142.709,-31.723,296.305,1443895683
-144.085,-31.821,295.989,1443916683
-145.462,-31.953,295.606,1443937686
-146.441,-32.224,294.978,1443958683
-147.838,-32.461,294.511,1443979683
-149.241,-32.700,293.940,1444000683
-150.459,-33.283,293.132,1444021683
-151.910,-33.806,292.421,1444042686
-152.980,-34.404,291.491,1444063683
-153.855,-34.628,290.324,1444084683
-154.765,-34.841,289.034,1444105686
-155.559,-35.023,287.503,1444126683
-156.306,-35.205,285.817,1444147683
-156.984,-35.442,283.969,1444168697
-157.088,-35.777,281.575,1444189683
-157.113,-36.289,278.985,1444210683
-156.915,-36.740,276.114,1444231686
-156.568,-37.200,273.013,1444252684
-155.967,-37.578,269.624,1444273687
-155.089,-37.632,265.911,1444294685
-154.115,-37.813,261.931,1444315683
-153.333,-37.707,257.916,1444336683
-151.891,-37.446,253.366,1444357683
-150.305,-36.911,248.675,1444378683
-150.083,-36.623,244.181,1444399683
-149.745,-36.381,241.815,1444420683
-148.664,-35.929,239.593,1444441683
-147.345,-35.258,237.167,1444462687
-145.907,-34.360,234.583,1444483683
-144.373,-33.264,231.872,1444504683
-142.796,-32.020,229.112,1444525687
-140.901,-30.315,226.864,1444546687
-139.175,-28.489,224.690,1444567683
-137.736,-27.034,222.635,1444588686
-136.573,-25.629,220.780,1444609683
-135.570,-24.324,219.022,1444630683
-134.717,-23.192,217.374,1444651683
-134.178,-22.309,215.961,1444672683
-133.991,-21.509,214.702,1444693683
-134.009,-20.800,213.532,1444714685
-134.308,-20.431,212.420,1444735688
-134.895,-20.286,211.353,1444756683
-135.733,-20.264,210.355,1444777683
-136.441,-20.671,209.364,1444798687
-137.365,-21.294,208.496,1444819683
-138.339,-22.028,207.685,1444840683
-139.338,-22.888,206.871,1444861683
-140.389,-24.006,206.114,1444882683
-141.673,-25.163,205.414,1444903683
-142.750,-26.519,204.641,1444924683
-143.876,-27.886,203.880,1444945683
-144.976,-29.286,203.071,1444966683
-145.575,-30.878,201.015,1444987693
-147.875,-31.872,202.313,1445008683
-150.278,-32.701,203.514,1445029683
-152.468,-33.836,204.228,1445050685
-153.850,-34.888,204.357,1445071683
-155.013,-35.707,204.178,1445092683
-156.266,-36.636,203.916,1445113683
-157.289,-37.775,203.433,1445134688
-158.053,-38.920,202.711,1445155683
-158.554,-40.084,201.743,1445176684
-158.827,-41.254,200.534,1445197687
-158.886,-42.387,199.096,1445218689
-158.579,-43.515,197.333,1445239691
-158.420,-44.382,195.644,1445260683
-158.120,-44.959,193.848,1445281683
-157.842,-45.373,192.077,1445302683
-157.488,-45.604,190.256,1445323683
-157.134,-45.674,188.453,1445344689
-156.697,-45.625,186.544,1445365683
-155.999,-45.613,184.427,1445386683
-154.896,-45.144,181.996,1445407683
-153.769,-44.579,179.549,1445428683
-152.647,-43.807,177.130,1445449683
-151.495,-42.966,174.680,1445470686
-150.471,-41.942,172.262,1445491683
-149.603,-40.851,169.818,1445512683
-149.130,-39.743,167.511,1445533687
-148.844,-38.869,165.177,1445554691
-148.770,-37.915,162.796,1445575683
-148.847,-36.912,160.276,1445596689
-148.957,-35.777,157.558,1445617683
-149.086,-34.706,154.663,1445638683
-149.460,-33.722,151.730,1445659687
-149.978,-32.852,148.710,1445680683
-150.500,-32.177,145.542,1445701683
-151.160,-31.669,142.302,1445722687
-151.700,-31.382,138.939,1445743689
-152.394,-31.262,135.623,1445764688
-152.853,-31.662,132.201,1445785683
-153.341,-32.204,128.819,1445806683
-153.449,-32.635,125.308,1445827687
-153.490,-33.023,121.811,1445848683
-153.527,-33.466,118.386,1445869683
-153.437,-34.215,115.006,1445890687
-153.347,-34.932,111.707,1445911683
-153.218,-35.847,108.466,1445932683
-153.056,-36.774,105.293,1445953685
-152.815,-37.700,102.209,1445974683
-152.511,-38.519,99.267,1445995683
-152.081,-39.272,96.303,1446016688
-152.723,-40.130,94.257,1446037683
-153.041,-40.485,92.098,1446058683
-153.548,-40.891,90.144,1446079687
-153.969,-41.356,88.146,1446100683
-153.487,-42.883,88.139,1446121683
-153.161,-43.805,88.053,1446142683
-153.026,-44.494,87.977,1446163683
-153.237,-45.092,87.972,1446184688
-153.576,-45.477,87.842,1446205686
-153.915,-45.640,87.572,1446226683
-154.655,-45.286,87.356,1446247683
-155.497,-44.766,87.029,1446268689
-156.374,-44.025,86.534,1446289688
-156.257,-43.755,86.372,1446310683
-156.390,-43.434,86.132,1446331683
-156.550,-43.123,85.667,1446352689
-156.222,-42.504,84.713,1446373685
-155.980,-41.752,83.706,1446394683
-155.851,-40.939,82.621,1446415689
-155.919,-39.889,81.533,1446436683
-156.522,-38.948,80.601,1446457683
-157.381,-38.140,79.614,1446478689
-158.477,-37.556,78.625,1446499683
-159.471,-37.087,77.658,1446520683
-159.380,-36.387,78.037,1446541688
-159.885,-35.781,78.521,1446562683
-160.494,-35.381,78.730,1446583683
-161.242,-35.042,78.752,1446604686
-161.984,-35.022,78.515,1446625683
-162.968,-35.163,78.219,1446646683
-163.615,-35.119,78.932,1446667686
-164.490,-34.869,79.474,1446688683
-165.825,-34.990,79.935,1446709683
-167.277,-35.126,80.176,1446730687
-168.540,-35.424,80.988,1446751683
-169.748,-35.958,81.485,1446772683
-171.135,-36.593,81.877,1446793683
-172.864,-37.062,82.722,1446814683
-174.718,-37.277,83.351,1446835683
-176.956,-37.601,84.358,1446856685
-179.221,-38.037,85.550,1446877686
178.215,-38.099,86.937,1446898688
175.722,-38.451,88.326,1446919683
173.025,-38.469,89.831,1446940686
170.587,-38.410,91.189,1446961683
167.770,-38.263,92.697,1446982683
164.960,-38.438,94.116,1447003683
162.169,-38.541,95.421,1447024683
159.052,-38.624,96.819,1447045685
155.805,-38.367,98.178,1447066683
152.843,-38.111,99.275,1447087683
149.863,-37.923,100.348,1447108683
147.205,-37.763,101.120,1447129683
144.875,-37.676,101.638,1447150688
142.465,-37.639,102.181,1447171683
140.302,-37.900,102.544,1447192683
138.276,-38.086,102.804,1447213683
137.000,-38.299,102.564,1447234683
135.794,-38.682,102.233,1447255687
134.512,-38.681,101.992,1447276687
133.592,-38.590,101.551,1447297689
132.635,-38.548,101.124,1447318683
131.851,-38.493,100.582,1447339683
131.322,-38.407,99.852,1447360683
131.287,-38.663,98.864,1447381683
131.115,-39.027,98.017,1447402685
131.350,-39.396,96.931,1447423683
131.540,-39.837,95.856,1447444688
132.133,-40.204,94.528,1447465683
132.927,-40.651,93.072,1447486683
133.890,-40.918,91.527,1447507683
135.044,-41.162,89.871,1447528683
136.267,-41.291,88.176,1447549687
137.510,-41.334,86.445,1447570683
138.922,-41.692,84.551,1447591683
140.852,-41.862,82.238,1447612685
142.911,-41.932,79.792,1447633683
145.113,-41.885,77.132,1447654683
147.424,-41.793,74.273,1447675683
149.775,-41.446,71.251,1447696692
152.199,-40.978,68.026,1447717690
154.732,-40.696,64.688,1447738683
157.318,-40.004,61.296,1447759686
160.054,-39.435,57.806,1447780683
162.773,-38.856,54.346,1447801689
165.569,-38.044,50.902,1447822683
168.306,-37.140,47.498,1447843683
170.992,-36.169,44.189,1447864683
173.602,-35.229,40.919,1447885683
176.078,-34.176,37.705,1447906683
178.426,-33.123,34.519,1447927687
-179.248,-32.490,31.339,1447948683
-177.159,-31.781,28.292,1447969683
-174.689,-31.268,24.972,1447990686
-171.834,-30.603,21.339,1448011683
-168.800,-30.062,17.434,1448032683
-169.596,-30.254,15.540,1448053688
-170.071,-30.286,13.272,1448074683
-170.248,-30.596,10.615,1448095683
-170.071,-31.000,7.506,1448116687
-168.256,-31.060,5.893,1448137683
-166.224,-31.032,4.562,1448158688
-164.416,-31.138,2.811,1448179683
-162.529,-31.372,0.564,1448200683
-160.324,-31.691,357.769,1448221687
-158.078,-32.106,355.105,1448242683
-155.739,-32.423,352.155,1448263683
-153.452,-32.689,349.067,1448284689
-151.419,-33.072,345.985,1448305689
-149.568,-33.367,342.908,1448326687
-147.754,-33.559,339.768,1448347689
-145.754,-33.324,336.462,1448368683
-143.771,-32.988,333.151,1448389683
-141.773,-32.063,330.643,1448410687
-140.151,-31.332,328.339,1448431683
-138.594,-30.453,326.068,1448452683
-137.330,-29.714,323.953,1448473683
-136.573,-29.187,322.093,1448494683
-135.807,-29.089,320.145,1448515689
-135.702,-29.037,318.455,1448536686
-135.527,-29.357,316.668,1448557683
-135.467,-29.721,314.852,1448578687
-135.640,-30.228,313.082,1448599683
-135.921,-30.685,311.298,1448620686
-136.506,-30.853,309.657,1448641683
-137.167,-31.071,308.006,1448662687
-137.846,-31.385,306.316,1448683683
-138.951,-31.644,304.782,1448704687
-140.143,-32.090,303.171,1448725685
-141.217,-32.728,301.342,1448746683
-141.828,-33.036,299.038,1448767683
-142.536,-33.594,296.563,1448788683
-143.335,-34.161,293.982,1448809683
-143.740,-34.611,290.947,1448830687
-144.137,-34.656,287.604,1448851683
-144.182,-34.689,283.767,1448872683
-144.089,-34.541,279.674,1448893690
-143.979,-34.645,275.463,1448914683
-144.676,-34.783,271.486,1448935685
-145.181,-35.080,267.449,1448956683
-145.392,-35.182,263.347,1448977683
-145.406,-35.102,259.233,1448998683
-145.299,-34.829,255.162,1449019683
-143.316,-32.616,253.750,1449040683
-141.381,-30.289,252.139,1449061683
-139.561,-27.942,250.461,1449082683
-137.884,-25.568,248.735,1449103683
-136.328,-23.255,246.941,1449124683
-134.982,-21.394,245.132,1449145683
-133.946,-19.695,243.427,1449166683
-133.221,-18.186,241.800,1449187691
-132.769,-16.845,240.280,1449208683
-132.702,-15.745,238.874,1449229683
-133.012,-14.784,237.615,1449250683
-133.574,-14.016,236.419,1449271683
-134.345,-13.495,235.209,1449292683
-135.262,-13.174,233.950,1449313686
-136.299,-13.097,232.664,1449334683
-137.440,-13.223,231.306,1449355683
-138.675,-13.633,229.879,1449376683
-139.815,-14.399,228.399,1449397686
-140.768,-15.055,226.853,1449418683
-141.947,-16.219,225.365,1449439688
-143.167,-17.147,223.877,1449460683
-144.446,-18.528,222.393,1449481685
-145.624,-19.928,220.820,1449502683
-147.197,-21.394,219.894,1449523683
-149.042,-22.564,220.676,1449544683
-150.662,-23.864,221.189,1449565683
-152.230,-24.986,221.536,1449586683
-153.327,-26.209,221.509,1449607688
-154.473,-27.541,221.358,1449628687
-155.308,-28.920,220.906,1449649683
-156.040,-30.559,220.225,1449670686
-156.553,-32.385,219.283,1449691683
-156.874,-34.274,218.113,1449712683
-156.933,-36.256,216.726,1449733686
-156.740,-38.279,215.089,1449754683
-156.345,-40.267,213.284,1449775683
-155.897,-42.147,211.342,1449796683
-155.505,-43.817,209.393,1449817683
-154.537,-45.044,207.008,1449838683
-153.456,-46.316,204.542,1449859688
-152.337,-47.409,202.133,1449880683
-151.452,-48.222,199.865,1449901683
-150.531,-48.812,197.513,1449922683
-149.572,-49.203,195.136,1449943683
-148.332,-49.382,192.540,1449964683
-146.921,-49.004,189.785,1449985683
-145.851,-48.364,187.215,1450006683
-145.049,-47.563,184.664,1450027683
-144.539,-46.607,182.211,1450048683
-144.344,-45.517,179.850,1450069683
-144.372,-44.344,177.537,1450090683
-144.724,-43.148,175.300,1450111683
-144.970,-41.736,172.805,1450132683
-145.254,-40.515,170.177,1450153683
-145.716,-39.156,167.491,1450174688
-146.607,-37.693,164.849,1450195683
-147.644,-36.354,162.035,1450216683
-148.241,-34.660,160.205,1450237687
-148.908,-32.890,158.022,1450258688
-149.097,-31.838,154.890,1450279683
-149.516,-31.029,151.667,1450300686
-150.129,-30.389,148.422,1450321686
-150.900,-30.372,145.178,1450342683
-151.677,-30.525,141.966,1450363686
-152.425,-30.824,138.783,1450384683
-153.015,-30.918,135.601,1450405683
-153.640,-31.470,132.567,1450426685
-154.084,-32.076,129.506,1450447683
-154.370,-32.572,126.437,1450468683
-154.631,-33.466,123.470,1450489683
-154.756,-34.445,120.500,1450510683
-154.753,-35.513,117.546,1450531683
-154.664,-36.652,114.651,1450552683
-154.482,-37.797,111.752,1450573683
-154.144,-38.845,108.829,1450594683
-153.670,-39.765,105.874,1450615683
-153.072,-40.420,102.893,1450636683
-152.895,-40.866,100.156,1450657690
-152.374,-41.879,98.594,1450678683
-151.931,-42.765,96.936,1450699683
-151.829,-43.266,95.326,1450720683
-151.983,-43.592,93.688,1450741683
-151.998,-43.814,91.767,1450762683
-152.231,-43.889,89.806,1450783684
-152.687,-43.785,87.885,1450804689
-153.060,-43.073,87.536,1450825683
-153.863,-42.711,87.073,1450846683
-154.948,-42.322,86.418,1450867683
-156.216,-42.009,85.536,1450888683
-157.248,-41.555,85.500,1450909683
-158.381,-41.242,85.200,1450930683
-159.598,-41.082,84.603,1450951683
-160.555,-40.470,84.300,1450972683
-161.757,-40.428,83.873,1450993687
-162.766,-40.011,83.446,1451014683
-163.990,-39.789,82.890,1451035683
-165.639,-39.921,82.620,1451056686
-167.322,-40.182,82.300,1451077683
-168.967,-40.369,81.866,1451098683
-170.184,-40.845,81.029,1451119683
-171.572,-41.747,80.110,1451140683
-173.031,-42.835,79.062,1451161683
-174.015,-43.973,77.446,1451182688
-175.172,-44.906,75.816,1451203683
-176.500,-45.998,74.219,1451224691
-177.624,-47.291,72.341,1451245683
-177.984,-48.639,69.726,1451266693
-178.029,-49.691,66.714,1451287687
-177.312,-50.909,63.002,1451308689
-175.942,-52.050,58.721,1451329688
-173.796,-52.846,53.773,1451350687
-171.317,-53.280,48.519,1451371693
-168.718,-53.370,43.147,1451392688
-166.053,-53.439,37.713,1451413683
-163.100,-53.079,32.099,1451434686
-160.899,-52.201,27.165,1451455683
-158.808,-51.209,22.410,1451476683
-157.174,-49.950,18.162,1451497685
-155.359,-48.255,13.932,1451518686
-153.406,-47.107,10.959,1451539683
-150.836,-46.989,8.753,1451560688
-148.036,-46.867,6.327,1451581683
-145.450,-46.434,4.089,1451602683
-143.075,-45.829,1.983,1451623683
-141.195,-44.961,0.246,1451644683
-139.507,-44.397,358.642,1451665683
-137.974,-43.733,357.205,1451686683
-137.056,-42.871,356.253,1451707683
-136.286,-41.906,355.447,1451728687
-135.312,-40.828,354.502,1451749683
-134.734,-39.764,353.831,1451770683
-134.407,-38.810,353.328,1451791687
-134.267,-37.968,352.940,1451812690
-134.495,-37.366,352.765,1451833687
-134.921,-36.793,352.692,1451854687
-135.538,-36.325,352.684,1451875687
-136.081,-36.156,352.592,1451896687
-137.051,-35.802,352.721,1451917687
-137.828,-35.294,352.670,1451938683
-138.643,-34.841,352.574,1451959683
-139.549,-34.487,352.423,1451980683
-140.268,-34.247,352.058,1452001686
-141.000,-34.063,351.597,1452022686
-141.712,-33.897,351.017,1452043689
-142.584,-33.873,350.456,1452064688
-143.299,-33.701,349.734,1452085683
-143.898,-33.874,348.850,1452106687
-143.561,-33.116,349.121,1452127683
-143.169,-32.543,349.121,1452148683
-142.921,-31.787,348.979,1452169683
-142.690,-31.593,348.659,1452190685
-142.236,-31.269,348.104,1452211683
-142.055,-30.894,347.534,1452232683
-141.373,-29.911,347.669,1452253683
-141.091,-29.439,347.718,1452274686
-140.847,-29.074,347.544,1452295687
-140.673,-28.799,347.183,1452316688
-140.377,-27.786,346.493,1452358685
-140.054,-26.841,346.066,1452379683
-139.926,-25.993,345.540,1452400692
-139.924,-25.267,344.910,1452421683
-140.034,-24.712,344.185,1452442683
-139.946,-24.065,343.541,1452463689
-140.237,-23.674,342.898,1452484683
-140.407,-23.800,342.083,1452505683
-140.786,-24.104,341.269,1452526687
-141.261,-24.212,340.680,1452547686
-141.769,-24.236,339.946,1452568686
-142.129,-24.192,339.223,1452589688
-142.814,-24.317,338.593,1452610683
-143.408,-24.411,337.816,1452631687
-144.178,-24.534,337.081,1452652683
-144.988,-25.099,336.321,1452673683
-145.836,-25.748,335.564,1452694683
-146.576,-26.425,334.693,1452715683
-147.244,-27.128,333.769,1452736683
-147.937,-27.904,332.805,1452757689
-148.559,-28.703,331.791,1452778683
-149.181,-29.156,330.765,1452799683
-149.863,-29.688,329.745,1452820685
-150.377,-30.326,328.561,1452841686
-151.130,-31.065,327.407,1452862690
-151.933,-32.056,326.173,1452883687
-152.650,-32.958,324.772,1452904686
-152.775,-33.996,322.872,1452925687
-152.762,-35.021,320.760,1452946688
-152.689,-36.128,318.448,1452967687
-152.458,-37.043,315.994,1452988683
-152.241,-37.763,313.377,1453009683
-151.797,-38.490,310.323,1453030683
-151.218,-39.082,306.906,1453051692
-150.465,-39.939,303.127,1453072685
-149.319,-40.585,298.963,1453093692
-150.270,-41.534,296.023,1453114689
-150.299,-42.205,292.375,1453135691
-149.818,-42.511,288.296,1453156697
-148.904,-42.450,283.859,1453177685
-147.778,-42.055,279.296,1453198683
-146.465,-41.343,274.685,1453219683
-143.675,-39.355,272.782,1453240687
-141.145,-37.117,270.812,1453261683
-138.669,-34.734,268.608,1453282689
-137.218,-32.706,266.091,1453303690
-135.689,-30.507,263.361,1453324683
-134.364,-28.337,260.654,1453345686
-133.402,-26.175,258.120,1453366692
-132.832,-24.121,255.756,1453387683
-132.935,-22.006,253.684,1453408687
-133.359,-20.269,251.737,1453429683
-134.067,-18.674,249.897,1453450689
-134.989,-17.282,248.168,1453471683
-136.023,-16.201,246.520,1453492683
-137.120,-15.517,244.938,1453513683
-138.137,-15.155,243.374,1453534683
-139.325,-15.101,241.885,1453555683
-140.663,-15.099,240.433,1453576687
-142.028,-15.415,238.957,1453597687
-143.397,-15.687,237.462,1453618684
-144.816,-16.316,235.990,1453639687
-146.187,-17.187,234.500,1453660687
-147.479,-18.226,232.991,1453681687
-148.557,-19.581,231.408,1453702688
-149.294,-21.046,229.691,1453723685
-150.122,-22.265,227.924,1453744685
-152.089,-23.789,228.007,1453765691
-153.612,-25.046,227.788,1453786683
-154.885,-26.384,227.362,1453807689
-156.016,-27.901,226.676,1453828687
-157.004,-29.777,225.707,1453849683
-157.739,-31.790,224.479,1453870689
-158.193,-33.945,222.977,1453891683
-158.371,-36.126,221.217,1453912686
-158.151,-38.323,219.108,1453933686
-157.679,-40.435,216.715,1453954683
-157.174,-42.052,214.106,1453975687
-156.646,-43.546,211.326,1453996683
-156.235,-44.889,208.467,1454017683
-155.916,-46.063,205.462,1454038688
-155.638,-47.186,202.268,1454059683
-155.462,-48.030,198.996,1454080683
-154.919,-48.526,195.283,1454101689
-154.408,-48.694,191.452,1454122688
-154.072,-48.363,187.502,1454143688
-153.421,-47.490,185.577,1454164686
-153.001,-46.491,183.374,1454185687
-152.855,-45.350,180.930,1454206686
-151.826,-45.114,177.680,1454228692
-151.029,-44.627,174.160,1454249683
-150.467,-43.931,170.546,1454270683
-150.270,-43.032,167.008,1454291683
-150.530,-42.077,163.700,1454312683
-150.742,-40.976,160.398,1454333685
-151.265,-39.822,157.338,1454354690
-151.855,-38.653,154.330,1454375687
-152.476,-37.582,151.370,1454396687
-153.181,-36.766,148.484,1454417683
-153.917,-35.999,145.681,1454438683
-154.673,-35.395,142.940,1454459687
-155.432,-34.942,140.244,1454480683
-156.114,-34.639,137.542,1454501689
-156.614,-34.421,134.801,1454522691
-156.941,-34.243,131.984,1454543683
-157.243,-34.083,129.258,1454564683
-157.776,-34.300,126.664,1454585686
-158.133,-34.636,124.086,1454606683
-158.200,-35.176,121.365,1454627683
-157.743,-36.195,119.961,1454648687
-157.438,-36.860,119.227,1454669683
-157.480,-37.597,118.552,1454690683
-157.655,-38.265,117.790,1454711687
-158.058,-38.723,116.994,1454732683
-158.687,-39.208,116.126,1454753683
-159.525,-39.661,115.185,1454774688
-160.503,-39.992,114.199,1454795683
-161.581,-40.231,113.048,1454816683
-162.755,-40.706,111.686,1454837687
-163.025,-40.266,112.433,1454858688
-164.199,-40.131,113.224,1454879688
-165.666,-40.077,113.739,1454900692
-167.402,-40.085,113.974,1454921683
-169.515,-40.209,114.016,1454942689
-171.548,-40.061,115.256,1454963686
-173.944,-40.047,116.227,1454984687
-176.592,-40.097,116.935,1455005688
-179.140,-40.134,118.084,1455026690
178.042,-40.247,119.074,1455047683
174.942,-40.376,120.393,1455068683
171.469,-40.579,121.902,1455089683
168.163,-40.771,123.219,1455110683
164.042,-40.942,124.893,1455131683
159.991,-40.841,126.310,1455152683
155.846,-40.746,127.564,1455173683
151.933,-40.656,128.536,1455194683
147.917,-40.587,129.374,1455215683
143.952,-40.556,130.084,1455236683
140.160,-40.842,130.585,1455257686
136.818,-40.891,130.772,1455278688
133.655,-41.346,130.845,1455299687
130.929,-41.925,130.633,1455320687
128.980,-42.603,129.944,1455341683
127.189,-43.011,129.215,1455362683
125.873,-43.478,128.229,1455383683
124.800,-44.262,127.163,1455404683
124.199,-44.853,125.850,1455425688
124.087,-45.781,124.232,1455446683
124.477,-46.709,122.304,1455467683
125.498,-47.511,119.932,1455488687
126.930,-48.167,117.279,1455509683
128.764,-48.726,114.354,1455530685
130.949,-49.208,111.174,1455551683
133.488,-49.555,107.729,1455572683
136.385,-49.595,103.973,1455593688
139.359,-49.308,100.128,1455614683
142.533,-48.829,96.077,1455635683
146.094,-48.287,91.710,1455656683
149.725,-47.743,87.320,1455677683
153.665,-46.695,82.673,1455698687
157.730,-45.499,77.869,1455719683
161.805,-44.113,72.966,1455740683
165.710,-42.499,68.170,1455761683
169.528,-40.826,63.380,1455782683
173.155,-39.002,58.697,1455803683
176.768,-37.142,53.988,1455824683
-179.820,-35.203,49.370,1455845686
-176.382,-33.562,44.652,1455866683
-172.902,-32.025,39.851,1455887683
-169.610,-30.445,35.086,1455908683
-166.266,-29.000,30.198,1455929683
-163.069,-27.522,26.856,1455950683
-159.577,-26.415,23.193,1455971683
-156.135,-25.485,19.361,1455992687
-154.507,-25.861,15.332,1456013683
-151.804,-25.013,11.955,1456034688
-149.207,-24.558,8.533,1456055683
-146.804,-24.236,5.198,1456076683
-144.753,-24.062,2.012,1456097683
-142.779,-23.596,358.930,1456118686
-141.006,-23.245,355.908,1456139683
-139.483,-23.015,352.961,1456160686
-138.034,-22.923,350.065,1456181686
-137.112,-23.211,347.403,1456202683
-136.032,-23.550,344.719,1456223687
-135.184,-24.136,342.105,1456244685
-134.690,-24.955,339.620,1456265686
-134.285,-25.758,337.134,1456286683
-134.030,-26.580,334.632,1456307683
-133.951,-27.342,332.128,1456328683
-134.040,-28.101,329.622,1456349683
-134.622,-28.973,327.246,1456370686
-135.053,-30.143,324.737,1456391683
-135.404,-31.274,322.104,1456412689
-135.824,-32.435,319.406,1456433683
-136.118,-33.481,316.541,1456454683
-136.340,-34.324,313.537,1456475688
-136.509,-35.122,310.370,1456496683
-136.847,-35.515,307.270,1456517687
-137.429,-35.900,304.237,1456538683
-137.973,-36.075,301.100,1456559683
-138.311,-36.239,297.766,1456580683
-138.549,-36.158,294.338,1456601683
-138.524,-35.746,290.744,1456622683
-138.690,-35.239,287.260,1456643683
-138.742,-34.535,283.704,1456664683
-138.846,-33.793,280.227,1456685683
-139.007,-33.017,276.806,1456706683
-139.303,-32.283,273.541,1456727683
-138.292,-29.889,272.297,1456748683
-137.469,-27.304,271.170,1456769687
-136.621,-24.843,270.048,1456790687
-135.920,-22.533,268.990,1456811683
-135.369,-20.388,267.954,1456832689
-134.784,-18.539,266.885,1456853683
-134.380,-16.876,265.854,1456874690
-134.520,-15.582,265.004,1456895683
-134.800,-14.544,264.201,1456916683
-135.265,-13.606,263.429,1456937683
-135.836,-12.874,262.662,1456958683
-136.470,-12.449,261.891,1456979683
-137.183,-12.210,261.126,1457000683
-137.969,-12.206,260.330,1457021687
-138.714,-12.685,259.494,1457042683
-139.392,-12.963,258.655,1457063683
-139.933,-13.717,257.813,1457084683
-140.531,-14.798,257.006,1457105683
-141.411,-15.796,256.280,1457126689
-142.296,-17.186,255.511,1457147683
-143.053,-18.745,254.688,1457168683
-143.733,-20.386,253.882,1457189683
-144.202,-22.183,252.974,1457210683
-144.665,-23.787,252.034,1457231683
-144.633,-25.556,250.834,1457252683
-144.478,-27.114,249.457,1457273683
-144.561,-28.600,248.085,1457294683
-144.570,-30.508,246.628,1457315686
-144.654,-32.034,245.150,1457336689
-144.664,-33.904,243.540,1457357683
-144.805,-35.651,241.996,1457378683
-144.977,-37.261,240.405,1457399687
-145.091,-38.849,238.698,1457420683
-145.116,-40.316,236.902,1457441683
-144.976,-41.515,234.948,1457462687
-144.997,-42.313,233.072,1457483687
-144.898,-43.191,231.106,1457504687
-145.592,-43.859,229.803,1457525686
-146.613,-44.714,228.701,1457546688
-147.783,-45.374,227.666,1457567687
-149.034,-45.713,226.555,1457588683
-150.276,-45.845,225.299,1457609683
-151.532,-45.880,223.897,1457630683
-152.760,-45.632,222.312,1457651685
-153.891,-45.217,220.489,1457672683
-154.968,-44.717,218.439,1457693683
-155.772,-44.109,216.058,1457714689
-156.793,-43.459,213.624,1457735683
-157.040,-43.612,211.665,1457756683
-157.250,-43.590,209.322,1457777689
-156.896,-43.343,208.009,1457798683
-156.546,-42.642,206.408,1457819683
-156.399,-41.834,204.589,1457840683
-156.293,-41.000,202.546,1457861687
-156.390,-40.134,200.405,1457882683
-155.997,-39.903,197.787,1457903683
-155.956,-39.319,195.246,1457924683
-156.109,-38.657,192.744,1457945687
-156.528,-38.141,190.310,1457966683
-156.689,-37.849,187.644,1457987687
-156.989,-37.590,185.075,1458008687
-156.960,-37.302,182.361,1458029683
-157.035,-37.205,179.719,1458050683
-157.061,-36.834,177.076,1458071683
-157.091,-36.530,174.417,1458092683
-157.223,-36.265,171.878,1458113688
-157.273,-36.090,169.342,1458134683
-157.347,-35.990,166.922,1458155683
-157.338,-36.331,164.453,1458176687
-157.204,-36.746,161.977,1458197683
-157.056,-37.237,159.549,1458218683
-156.608,-37.739,157.005,1458239683
-155.960,-38.225,154.427,1458260683
-155.225,-38.376,151.795,1458281683
-154.375,-38.739,149.076,1458302683
-153.981,-38.890,146.686,1458323683
-153.629,-39.059,144.368,1458344683
-153.084,-39.365,141.952,1458365690
-152.268,-39.501,139.381,1458386690
-151.587,-39.629,136.912,1458407687
-150.359,-40.175,136.326,1458428683
-149.143,-40.516,135.587,1458449683
-148.116,-40.657,134.837,1458470689
-147.231,-40.624,134.040,1458491687
-146.519,-40.381,133.223,1458512688
-146.090,-40.075,132.456,1458533687
-145.739,-39.546,131.651,1458554690
-145.580,-39.109,130.911,1458575684
-144.881,-39.068,130.718,1458596683
-143.786,-38.793,130.216,1458617686
-142.971,-38.524,129.763,1458638683
-142.192,-38.044,129.132,1458659683
-141.592,-37.557,128.442,1458680691
-141.100,-37.085,127.666,1458701683
-141.063,-36.712,127.084,1458722687
-141.133,-36.349,126.815,1458743683
-141.197,-35.746,126.520,1458764683
-141.433,-35.570,126.164,1458785683
-141.579,-35.495,125.768,1458806683
-141.791,-35.124,125.430,1458827683
-142.176,-35.146,125.289,1458848683
-142.138,-34.982,124.954,1458869683
-142.106,-35.131,124.676,1458890683
-142.058,-35.363,124.403,1458911683
-142.124,-35.739,124.221,1458932690
-142.392,-35.829,124.180,1458953683
-142.521,-35.859,124.052,1458974685
-142.636,-35.902,123.935,1458995683
-142.520,-36.254,123.666,1459016688
-142.368,-36.434,123.269,1459037688
-142.223,-36.591,122.837,1459058687
-141.922,-36.528,122.290,1459079689
-141.764,-36.643,121.873,1459100683
-141.540,-36.649,121.428,1459121683
-141.849,-36.571,121.195,1459142683
-142.239,-36.558,121.017,1459163683
-142.600,-36.553,120.775,1459184683
-143.096,-36.786,120.552,1459205683
-143.212,-37.128,119.969,1459226683
-143.340,-37.496,119.309,1459247683
-143.591,-37.890,118.596,1459268683
-143.829,-38.245,117.783,1459289687
-144.146,-38.580,116.908,1459310683
-144.684,-38.617,116.018,1459331685
-145.643,-39.046,115.257,1459352688
-146.731,-39.373,114.459,1459373688
-147.304,-39.236,114.808,1459394683
-148.001,-39.149,114.875,1459415683
-148.856,-39.317,114.667,1459436687
-149.827,-39.370,114.198,1459457683
-150.743,-39.736,113.468,1459478686
-151.568,-39.577,113.436,1459499687
-152.371,-39.328,113.084,1459520684
-152.900,-39.538,112.236,1459541688
-153.567,-39.305,111.814,1459562688
-154.440,-39.408,111.145,1459583691
-154.703,-39.292,110.096,1459604688
-155.110,-39.534,108.939,1459625683
-155.090,-39.461,107.489,1459646687
-155.156,-39.785,105.815,1459667687
-154.856,-40.106,103.790,1459688683
-154.332,-40.429,101.473,1459709683
-153.714,-41.097,98.928,1459730683
-153.230,-41.761,96.223,1459751683
-152.345,-42.563,92.946,1459772683
-150.946,-43.373,89.032,1459793688
-149.420,-44.066,84.805,1459814683
-147.577,-44.652,80.196,1459835683
-145.266,-44.987,75.151,1459856688
-142.793,-44.870,69.859,1459877683
-140.569,-44.486,64.684,1459898683
-138.717,-44.053,59.746,1459919683
-137.146,-43.511,55.004,1459940683
-135.797,-42.857,50.445,1459961683
-134.672,-42.402,46.086,1459982687
-133.925,-41.808,42.055,1460003690
-133.342,-41.375,38.177,1460024688
-132.815,-40.534,34.446,1460045688
-130.058,-41.702,30.793,1460066685
-127.620,-42.688,27.425,1460087683
-125.804,-43.185,24.536,1460108687
-124.053,-43.532,21.752,1460129683
-122.772,-43.682,19.356,1460150686
-122.209,-44.090,17.505,1460171687
-121.930,-44.368,15.819,1460192683
-121.921,-44.375,14.332,1460213689
-122.074,-44.329,12.950,1460234683
-122.419,-44.267,11.689,1460255683
-123.062,-44.199,10.620,1460276683
-123.969,-44.059,9.727,1460297683
-125.236,-43.944,9.080,1460318683
-126.841,-43.868,8.644,1460339686
-128.670,-43.935,8.363,1460360687
-130.716,-43.950,8.178,1460381683
-132.312,-43.323,9.573,1460402683
-134.050,-42.686,10.779,1460423683
-135.582,-41.980,11.559,1460444683
-137.457,-41.176,12.415,1460465689
-139.224,-40.171,13.020,1460486687
-140.706,-39.108,13.255,1460507683
-141.985,-37.691,14.092,1460528684
-141.751,-36.840,13.442,1460549683
-141.811,-36.017,12.887,1460570687
-142.329,-35.635,12.551,1460591683
-142.769,-35.313,12.102,1460612687
-143.076,-34.776,11.900,1460633683
-143.408,-34.349,11.588,1460654683
-144.012,-33.743,11.351,1460675687
-144.215,-32.958,11.026,1460696683
-144.653,-32.315,10.713,1460717683
-145.118,-31.816,10.504,1460738683
-145.408,-31.226,10.228,1460759683
-145.778,-30.856,9.978,1460780683
-146.096,-30.545,9.735,1460801683
-146.167,-30.303,9.375,1460822683
-146.471,-29.986,9.167,1460843683
-146.326,-29.482,8.750,1460864683
-146.253,-28.924,8.323,1460885685
-146.118,-28.470,7.878,1460906689
-146.057,-28.026,7.493,1460927683
-145.964,-27.654,7.082,1460948689
-145.729,-27.312,6.549,1460969683
-145.389,-27.071,5.935,1460990683
-144.985,-27.309,5.274,1461011685
-144.423,-27.488,4.512,1461032683
-144.236,-27.883,3.944,1461053688
-143.886,-28.386,3.331,1461074683
-143.805,-28.637,2.850,1461095683
-143.734,-28.890,2.300,1461116685
-143.625,-29.136,1.538,1461137683
-143.633,-29.427,0.745,1461158683
-143.765,-30.143,359.919,1461179683
-143.779,-30.870,358.888,1461200683
-143.786,-31.576,357.742,1461221687
-143.818,-32.337,356.426,1461242683
-144.027,-33.242,355.000,1461263683
-144.083,-33.874,353.298,1461284683
-144.385,-34.459,351.607,1461305685
-144.862,-35.130,349.896,1461326683
-145.123,-35.780,347.934,1461347683
-145.299,-36.454,345.729,1461368687
-145.081,-37.240,343.092,1461389683
-144.804,-37.996,340.174,1461410683
-144.402,-38.544,336.851,1461431683
-143.920,-38.856,333.196,1461452687
-143.343,-38.991,329.169,1461473683
-142.721,-38.932,324.869,1461494683
-142.067,-38.663,320.419,1461515687
-141.441,-38.301,315.888,1461536687
-141.237,-37.969,311.388,1461557683
-141.054,-37.516,307.008,1461578683
-140.728,-36.891,302.626,1461599683
-138.911,-34.854,301.449,1461620683
-137.084,-32.466,300.015,1461641683
-135.477,-30.069,298.457,1461662688
-134.341,-28.060,296.381,1461683683
-133.460,-26.018,294.303,1461704683
-133.078,-24.114,292.349,1461725689
-132.911,-22.491,290.418,1461746688
-132.875,-21.077,288.527,1461767683
-133.085,-19.801,286.702,1461788689
-133.461,-18.779,284.933,1461809683
-134.010,-17.994,283.259,1461830683
-134.653,-17.501,281.624,1461851686
-135.422,-17.285,280.054,1461872687
-136.425,-17.306,278.544,1461893683
-137.544,-17.543,277.070,1461914683
-138.709,-18.092,275.618,1461935683
-139.940,-18.736,274.166,1461956683
-141.223,-19.643,272.706,1461977683
-142.514,-20.785,271.232,1461998688
-143.583,-22.194,269.641,1462019683
-145.828,-23.530,270.348,1462040683
-148.006,-24.430,271.289,1462061683
-149.957,-25.371,271.872,1462082683
-151.590,-26.505,272.104,1462103687
-153.197,-27.606,272.160,1462124683
-154.657,-29.194,272.049,1462145683
-155.773,-30.857,271.701,1462166683
-156.843,-32.469,271.199,1462187683
-157.739,-34.163,270.483,1462208687
-158.543,-35.863,269.626,1462229683
-159.232,-37.638,268.637,1462250683
-160.364,-39.336,268.235,1462271683
-161.633,-40.685,267.907,1462292683
-162.797,-42.185,267.463,1462313684
-163.475,-43.295,266.638,1462334686
-164.218,-44.675,265.761,1462355685
-164.804,-45.893,264.779,1462376687
-165.244,-46.924,263.686,1462397687
-165.238,-47.955,262.241,1462418687
-164.823,-48.475,260.487,1462439687
-164.210,-48.850,258.511,1462460684
-163.692,-48.980,256.559,1462481687
-163.039,-48.888,254.351,1462502686
-162.472,-48.597,252.051,1462523687
-162.074,-48.125,249.740,1462544688
-161.685,-47.687,247.317,1462565687
-161.092,-47.122,244.585,1462586689
-160.320,-46.390,241.556,1462607687
-159.366,-45.333,238.224,1462628686
-158.843,-44.021,234.923,1462649685
-158.056,-42.755,232.886,1462670683
-156.936,-41.123,230.921,1462691683
-155.897,-39.500,228.604,1462712686
-154.359,-38.814,226.360,1462733683
-153.242,-37.842,223.870,1462754688
-152.440,-36.836,221.236,1462775683
-152.047,-35.827,218.525,1462796683
-152.051,-34.972,215.790,1462817686
-152.250,-34.150,212.972,1462838683
-152.587,-33.405,210.030,1462859683
-153.123,-32.798,207.015,1462880686
-153.766,-32.253,203.939,1462901683
-154.411,-31.783,200.796,1462922683
-155.093,-31.444,197.574,1462943685
-155.609,-31.346,194.233,1462964687
-156.129,-31.459,190.950,1462985687
-156.618,-31.769,187.700,1463006688
-156.951,-32.174,184.450,1463027687
-157.160,-32.741,181.208,1463048683
-157.273,-33.413,178.095,1463069683
-156.738,-33.600,175.025,1463090687
-155.864,-33.282,171.989,1463111683
-157.120,-33.166,170.699,1463132683
-158.137,-33.497,169.421,1463153683
-158.256,-33.583,167.941,1463174683
-157.586,-33.046,166.478,1463195683
-157.146,-31.405,165.604,1463216683
-158.303,-29.289,165.775,1463237688
-159.563,-27.003,165.818,1463258687
-160.766,-24.967,165.595,1463279683
-161.968,-23.251,165.154,1463300683
-163.553,-21.959,164.673,1463321683
-164.993,-20.900,164.034,1463342684
-166.796,-19.967,163.368,1463363688
-170.245,-19.372,162.923,1463384683
-175.550,-18.686,162.737,1463405683
178.548,-17.666,162.460,1463426683
176.177,-15.732,165.264,1463447683
173.518,-13.759,167.401,1463468683
170.977,-11.886,168.959,1463489688
168.614,-10.122,170.190,1463510683
166.374,-8.586,171.166,1463531686
164.130,-7.258,171.987,1463552683
162.951,-6.283,173.780,1463573683
161.186,-5.304,175.430,1463594688
159.196,-4.579,176.927,1463615687
156.989,-4.249,178.281,1463636683
154.658,-4.068,179.548,1463657683
152.179,-4.225,180.776,1463678683
149.555,-4.582,181.993,1463699683
146.700,-5.228,183.190,1463720683
143.696,-6.073,184.433,1463741683
140.542,-7.101,185.772,1463762683
137.455,-8.251,187.202,1463783683
134.630,-9.443,188.680,1463804683
132.177,-10.701,190.142,1463825683
130.229,-12.017,191.486,1463846683
128.795,-13.382,192.759,1463867683
127.939,-14.698,192.526,1463888683
127.455,-16.102,192.312,1463909683
127.216,-17.605,192.181,1463930683
127.259,-19.150,192.130,1463951689
127.473,-20.675,192.186,1463972683
127.847,-22.274,192.305,1463993683
128.446,-23.923,192.458,1464014683
129.485,-25.429,191.634,1464035683
130.746,-26.938,190.820,1464056683
132.148,-28.423,190.023,1464077683
133.929,-29.638,189.303,1464098683
135.293,-29.619,189.459,1464119688
135.367,-28.856,190.942,1464140683
134.177,-27.721,193.571,1464161683
132.273,-26.451,196.960,1464182688
129.753,-25.159,200.769,1464203683
127.337,-24.017,204.106,1464224683
124.819,-23.166,207.281,1464245683
122.779,-22.225,210.255,1464266683
120.781,-20.692,213.518,1464287683
118.543,-18.242,217.356,1464308683
115.657,-14.040,221.789,1464329683
112.094,-8.164,226.410,1464350683
109.063,-2.332,230.324,1464371692
106.714,3.164,233.684,1464392687
104.952,8.442,236.772,1464413683
103.752,13.511,239.766,1464434685
103.188,18.382,242.755,1464455683
103.237,22.994,245.810,1464476683
103.862,27.361,248.842,1464497687
105.016,31.533,251.863,1464518683
106.699,35.455,254.940,1464539683
108.964,39.053,258.185,1464560687
111.715,42.288,261.625,1464581683
114.928,45.132,265.305,1464602683
118.392,47.493,269.100,1464623688
122.152,49.441,273.062,1464644683
126.090,50.884,277.088,1464665683
130.132,51.807,281.125,1464686683
134.037,52.373,284.930,1464707683
137.709,52.602,288.344,1464728683
141.029,52.442,291.250,1464749683
143.777,51.986,293.487,1464770683
146.124,51.365,295.178,1464791687
148.148,50.632,296.447,1464812683
149.938,49.792,297.413,1464833683
151.453,48.840,298.061,1464854683
152.754,47.833,298.417,1464875683
153.808,46.612,298.424,1464896683
154.641,45.247,298.137,1464917683
155.384,43.771,297.671,1464938683
156.085,42.203,297.051,1464959683
156.770,40.549,296.345,1464980683
157.518,38.823,295.599,1465001683
158.239,36.990,294.737,1465022687
158.858,34.996,293.715,1465043689
159.205,33.235,292.449,1465064683
159.421,31.274,291.054,1465085683
159.663,29.234,289.672,1465106683
159.958,27.256,288.330,1465127683
160.523,25.405,287.157,1465148683
160.994,23.626,285.929,1465169683
161.411,22.011,284.661,1465190683
161.845,20.759,283.481,1465211683
162.173,19.580,282.423,1465232688
162.429,18.473,281.476,1465253683
162.606,17.349,280.578,1465274693
162.801,16.232,279.811,1465295683
163.031,15.021,279.134,1465316683
163.381,13.673,278.563,1465337683
163.822,12.271,278.074,1465358683
164.327,10.773,277.698,1465379683
164.932,9.304,277.417,1465400685
165.625,7.826,277.264,1465421683
166.326,6.269,277.148,1465442683
167.100,4.803,277.077,1465463683
167.976,3.696,277.043,1465484683
168.863,2.944,277.044,1465505683
169.715,2.497,277.060,1465526683
170.387,2.301,277.098,1465547683
171.217,2.493,277.220,1465568683
171.990,2.672,277.356,1465589683
172.987,2.476,277.507,1465610683
174.054,2.370,277.595,1465631683
174.720,2.281,277.649,1465652683
175.614,2.382,277.666,1465673683
176.384,2.475,277.687,1465694688
177.142,2.217,277.693,1465715683
178.003,2.421,277.713,1465736683
178.686,2.564,277.730,1465757688
179.745,2.708,277.755,1465778683
-179.341,2.549,277.738,1465799683
-178.273,2.693,277.767,1465820683
-177.325,2.934,277.784,1465841683
-176.354,2.864,277.806,1465862683
-175.439,2.805,277.851,1465883683
-174.731,3.001,277.881,1465904683
-174.044,3.173,277.910,1465925683
-173.490,2.941,277.933,1465946694
-172.778,2.715,277.993,1465967683
-172.190,2.929,278.066,1465988683
-171.714,2.935,278.095,1466009683
-170.944,2.669,278.154,1466030683
-170.096,2.409,278.217,1466051683
-169.001,2.148,278.284,1466072683
-167.840,2.343,278.364,1466093683
-166.445,2.532,278.446,1466114683
-164.894,2.711,278.520,1466135686
-163.118,2.586,278.604,1466156683
-161.410,2.774,278.709,1466177683
-159.480,2.553,278.779,1466198683
-157.496,2.266,278.832,1466219683
-155.468,1.997,278.861,1466240683
-153.443,1.900,278.890,1466261683
-151.501,1.779,278.946,1466282683
-149.728,1.620,278.993,1466303686
-148.271,1.810,279.058,1466324683
-146.995,2.021,279.139,1466345683
-146.081,1.823,279.250,1466366683
-145.395,1.675,279.338,1466387683
-144.865,1.869,279.381,1466408683
-144.426,2.047,279.459,1466429683
-143.959,1.820,279.529,1466450688
-143.345,1.590,279.580,1466471683
-142.606,1.703,279.596,1466492683
-141.901,1.868,279.598,1466513683
-141.435,1.935,279.580,1466534686
-141.087,1.782,279.554,1466555687
-140.513,1.561,279.547,1466576683
-140.159,1.286,279.574,1466597687
-139.737,1.301,279.615,1466618683
-139.462,1.225,279.690,1466639683
-139.281,1.334,279.731,1466660686
-139.244,1.444,279.741,1466681683
-139.301,1.305,279.743,1466702683
-139.415,1.249,279.783,1466723683
-139.727,1.468,279.786,1466744683
-140.150,1.575,279.787,1466765683
-140.569,1.527,279.768,1466786683
-140.986,1.473,279.765,1466807683
-141.362,1.611,279.747,1466828683
-141.742,1.652,279.746,1466849683
-141.915,1.413,279.722,1466870683
-142.138,1.215,279.720,1466891683
-142.136,1.377,279.689,1466912683
-142.232,1.570,279.683,1466933683
-142.595,1.653,279.637,1466954685
-143.001,1.604,279.597,1466975687
-143.195,1.752,279.579,1466996683
-143.495,1.467,279.575,1467017683
-143.654,1.201,279.566,1467038683
-143.740,1.042,279.593,1467059683
-143.870,1.066,279.620,1467080690
-143.991,1.019,279.677,1467101687
-144.115,0.820,279.773,1467122683
-144.376,0.863,279.857,1467143683
-144.576,0.766,279.970,1467164683
-144.641,0.346,280.104,1467185683
-144.457,-0.211,280.259,1467206695
-144.153,-0.404,280.440,1467227683
-143.721,-0.869,280.703,1467248687
-142.873,-1.119,281.062,1467269684
-142.027,-1.630,281.501,1467290683
-141.088,-1.898,282.049,1467311689
-140.161,-2.137,282.691,1467332683
-139.295,-2.371,283.465,1467353683
-138.781,-2.292,283.871,1467374688
-138.431,-2.447,284.418,1467395688
-137.842,-2.582,284.817,1467416691
-137.566,-3.128,285.242,1467437683
-137.390,-3.777,285.716,1467458691
-137.044,-4.352,286.276,1467479689
-136.611,-5.073,286.219,1467500683
-136.435,-5.693,284.897,1467521683
-136.394,-6.853,283.873,1467542689
-136.528,-7.971,283.107,1467563685
-136.551,-7.982,282.639,1467584686
-136.859,-8.482,282.351,1467605689
-137.342,-9.013,282.212,1467626687
-137.909,-9.435,282.172,1467647688
-138.401,-10.073,281.368,1467668688
-138.696,-10.983,280.700,1467689687
-139.078,-11.473,280.290,1467710683
-139.590,-12.128,280.066,1467731688
-140.082,-12.739,280.008,1467752684
-140.698,-13.639,280.097,1467773683
-141.315,-14.666,280.346,1467794687
-142.183,-15.717,280.822,1467815683
-142.931,-16.466,281.041,1467836683
-143.620,-17.267,281.432,1467857700
-144.167,-18.453,281.837,1467878687
-144.433,-19.730,282.196,1467899683
-144.718,-20.920,282.566,1467920689
-144.776,-22.012,282.854,1467941683
-144.812,-22.941,283.110,1467962683
-144.787,-23.785,283.288,1467983685
-144.702,-24.627,283.471,1468004688
-144.550,-25.428,283.666,1468025685
-144.659,-26.073,283.980,1468046683
-144.946,-26.934,284.531,1468067684
-145.201,-27.780,285.115,1468088687
-145.211,-28.676,285.686,1468109687
-145.286,-29.598,286.262,1468130686
